11-02 18:40:57.563  4891  4891 D DDS-SemPhoneSwitcher: handleMessage msg={ when=0 what=103 obj=NetworkRequest [ TRACK_DEFAULT id=1086, [ Capabilities: INTERNET&NOT_RESTRICTED&TRUSTED Uid: 10155 AdministratorUids: [] RequestorUid: 10155 RequestorPackageName: com.google.android.googlequicksearchbox] ] target=com.android.internal.telephony.SemPhoneSwitcher }
11-02 18:40:57.571  4891  4891 E ApnConfigTypeRepository: Invalid apn type name, entry: ent2:2
11-02 18:40:57.571  4891  4891 E ApnConfigTypeRepository: Invalid apn type name, entry: ent2:2
11-02 18:40:57.572  4891  4891 D DcRequest: Cellular request confirmed: NetworkRequest [ TRACK_DEFAULT id=1086, [ Capabilities: INTERNET&NOT_RESTRICTED&TRUSTED Uid: 10155 AdministratorUids: [] RequestorUid: 10155 RequestorPackageName: com.google.android.googlequicksearchbox] ]
11-02 18:40:57.572  4891  4891 D SubscriptionController: [getSubId]- numSubIds == 0, return null slotIndex=1
11-02 18:40:57.572  4891  4891 D DDS-SemPhoneSwitcher: getRequestOverride : requestPhoneId = -1, mPreferredDataPhoneId = 0, mPrimaryDataSubId = 1
11-02 18:40:57.572  4891  4891 D DDS-SemPhoneSwitcher: getRequestOverride : RequestOverride(mState = NONE, mPhoneId = -1, mDelayReason = NONE)
11-02 18:40:57.573  4891  4891 D SubscriptionController: [getSubId]- numSubIds == 0, return null slotIndex=-1
11-02 18:40:57.573  4891  4891 D DDS-SemPhoneSwitcher: updatePreferredDataPhoneId: mPreferredDataPhoneId = 0(PRIMARYDATA)
11-02 18:40:57.575  4891  4891 D DDS-SemPhoneSwitcher: Added DcRequest, size: 30
11-02 18:41:12.922  4891  4891 D SST-SEM : [0] EVENT_SEM_SIGNAL_LEVEL_INFO_CHANGED
11-02 18:41:12.922  4891  4891 D SST-SEM : [0] SignalLevel: SignalBarInfo{ gsmLevel=4 }
11-02 18:41:31.216  4891  4891 D SST-SEM : [0] EVENT_SEM_SIGNAL_LEVEL_INFO_CHANGED
11-02 18:41:31.217  4891  4891 D SST-SEM : [0] SignalLevel: SignalBarInfo{ gsmLevel=4 }
11-02 18:41:41.427  4891  4891 D RILJ    : [2411]> RIL_REQUEST_GET_ACTIVITY_INFO [PHONE0]
11-02 18:41:41.446  4891  5122 D RILJ    : [2411]< RIL_REQUEST_GET_ACTIVITY_INFO ModemActivityInfo{ mTimestamp=441104480 mSleepTimeMs=279827 mIdleTimeMs=3583 mTransmitPowerInfo[]=[TransmitPower{ mTimeInMillis=0 mPowerRangeInDbm={-2147483648,0}}, TransmitPower{ mTimeInMillis=0 mPowerRangeInDbm={0,5}}, TransmitPower{ mTimeInMillis=0 mPowerRangeInDbm={5,15}}, TransmitPower{ mTimeInMillis=0 mPowerRangeInDbm={15,20}}, TransmitPower{ mTimeInMillis=0 mPowerRangeInDbm={20,2147483647}}] mRxTimeMs=17334} [PHONE0]
11-02 18:42:56.201  4891  4910 D SubscriptionController: getSimStateForSlotIndex:  simState=LOADED ordinal=10 slotIndex=0
11-02 18:43:16.297  4891  4891 D SST-SEM : [1] requestAllCellInfo - UID: 1001, PID: 4891
11-02 18:43:16.304  4891  4891 D RILJ    : [2412]> RIL_REQUEST_GET_CELL_INFO_LIST [PHONE1]
11-02 18:43:16.332  4891  5122 D RILJ    : [2412]< RIL_REQUEST_GET_CELL_INFO_LIST  [PHONE1]
11-02 18:43:16.333  4891  4891 D SubscriptionController: [getSubId]- numSubIds == 0, return null slotIndex=1
11-02 18:43:16.334  4891  4891 D LocaleTracker-1: processCellInfo: cell info=[]
11-02 18:43:16.334  4891  4891 D LocaleTracker-1: updateLocale: countryIso = , countryIsoDebugInfo = getCarrierCountry()
11-02 18:43:16.335  4891  4891 D LocaleTracker-1: updateLocale: timeZoneCountryIso = , timeZoneCountryIsoDebugInfo = Defaulted: getCarrierCountry()
11-02 18:43:16.335  4891  4891 D NewNitzStateMachineImpl-1: handleCountryUnavailable: mLatestNitzSignal=null
11-02 18:43:16.335  4891  4891 D NewNitzStateMachineImpl-1: doTimeZoneDetection: countryIsoCode=null, nitzSignal=null, suggestion=TelephonyTimeZoneSuggestion{mSlotIndex=1, mZoneId='null', mMatchType=0, mQuality=0, mDebugInfo=[getTimeZoneSuggestion: nitzSignal=null, countryIsoCode=null, Detection reason=handleCountryUnavailable()]}, reason=handleCountryUnavailable()
11-02 18:43:16.335  4891  4891 D LocaleTracker-1: processCellInfo: cell info=[]
11-02 18:43:16.335  4891  4891 D LocaleTracker-1: updateLocale: countryIso = , countryIsoDebugInfo = getCarrierCountry()
11-02 18:43:16.335  4891  4891 D LocaleTracker-1: updateLocale: timeZoneCountryIso = , timeZoneCountryIsoDebugInfo = Defaulted: getCarrierCountry()
11-02 18:43:16.335  4891  4891 D NewNitzStateMachineImpl-1: handleCountryUnavailable: mLatestNitzSignal=null
11-02 18:43:16.336  4891  4891 D NewNitzStateMachineImpl-1: doTimeZoneDetection: countryIsoCode=null, nitzSignal=null, suggestion=TelephonyTimeZoneSuggestion{mSlotIndex=1, mZoneId='null', mMatchType=0, mQuality=0, mDebugInfo=[getTimeZoneSuggestion: nitzSignal=null, countryIsoCode=null, Detection reason=handleCountryUnavailable()]}, reason=handleCountryUnavailable()
11-02 18:43:16.336  4891  4891 D LocaleTracker-1: Can't get cell info. Try again in 600 secs.
11-02 18:46:10.821  4891 10889 D SEM_RILJ: getRilStatus [PHONE1]
11-02 18:46:10.827  4891 10889 D SEM_RILJ: [2413]> OEM_HOOK_RAW[11A00004] [PHONE1]
11-02 18:46:10.836  4891  5130 D RilMonitor: [1] handleRilStatusResult: status=0
11-02 18:46:10.836  4891  5122 D SEM_RILJ: [2413]< OEM_HOOK_RAW [B@5d133c0 [PHONE1]
11-02 18:46:10.867  4891 10890 D SEM_RILJ: getRilStatus [PHONE0]
11-02 18:46:10.871  4891 10890 D SEM_RILJ: [2414]> OEM_HOOK_RAW[11A00004] [PHONE0]
11-02 18:46:10.874  4891  5123 D RilMonitor: [0] handleRilStatusResult: status=0
11-02 18:46:10.874  4891  5122 D SEM_RILJ: [2414]< OEM_HOOK_RAW [B@e57b8f9 [PHONE0]
11-02 18:46:40.858  4891  4891 D RILJ    : [2415]> RIL_REQUEST_GET_ACTIVITY_INFO [PHONE0]
11-02 18:46:40.864  4891  5122 D RILJ    : [2415]< RIL_REQUEST_GET_ACTIVITY_INFO ModemActivityInfo{ mTimestamp=441403899 mSleepTimeMs=280174 mIdleTimeMs=2148 mTransmitPowerInfo[]=[TransmitPower{ mTimeInMillis=0 mPowerRangeInDbm={-2147483648,0}}, TransmitPower{ mTimeInMillis=0 mPowerRangeInDbm={0,5}}, TransmitPower{ mTimeInMillis=0 mPowerRangeInDbm={5,15}}, TransmitPower{ mTimeInMillis=0 mPowerRangeInDbm={15,20}}, TransmitPower{ mTimeInMillis=0 mPowerRangeInDbm={20,2147483647}}] mRxTimeMs=17099} [PHONE0]
11-02 18:46:51.349  4891  4891 D RILJ    : [2416]> RIL_REQUEST_GET_ACTIVITY_INFO [PHONE0]
11-02 18:46:51.358  4891  5122 D RILJ    : [2416]< RIL_REQUEST_GET_ACTIVITY_INFO ModemActivityInfo{ mTimestamp=441414392 mSleepTimeMs=9183 mIdleTimeMs=687 mTransmitPowerInfo[]=[TransmitPower{ mTimeInMillis=0 mPowerRangeInDbm={-2147483648,0}}, TransmitPower{ mTimeInMillis=0 mPowerRangeInDbm={0,5}}, TransmitPower{ mTimeInMillis=0 mPowerRangeInDbm={5,15}}, TransmitPower{ mTimeInMillis=0 mPowerRangeInDbm={15,20}}, TransmitPower{ mTimeInMillis=0 mPowerRangeInDbm={20,2147483647}}] mRxTimeMs=625} [PHONE0]
11-02 18:46:51.412  4891  4891 D SST-SEM : [0] requestAllCellInfo - UID: 1001, PID: 4891
11-02 18:46:51.416  4891  4891 D RILJ    : [2417]> RIL_REQUEST_GET_CELL_INFO_LIST [PHONE0]
11-02 18:46:51.439  4891  4891 D SIMRecords: [SIMRecords-0] getAllEonsNames, servicestate = 0
11-02 18:46:51.440  4891  4891 D SST-SEM : [0] getEons PNN: null
11-02 18:46:51.440  4891  4891 D SST-SEM : [0] getEons EONS: null
11-02 18:46:51.452  4891  4891 D LocaleTracker-0: processCellInfo: cell info=[CellInfoGsm:{mRegistered=YES mTimeStamp=441414472781959ns mCellConnectionStatus=0 CellIdentityGsm:{ mLac=1***3 mCid=4**4 mArfcn=51 mBsic=0x1e mMcc=452 mMnc=04 mAlphaLong=VIETTEL mAlphaShort=VIETTEL mAdditionalPlmns={}} CellSignalStrengthGsm: rssi=-51 ber=2147483647 mTa=3 mLevel=4}, CellInfoGsm:{mRegistered=NO mTimeStamp=441414472781959ns mCellConnectionStatus=0 CellIdentityGsm:{ mLac=0 mCid=**6 mArfcn=714 mBsic=0x18 mMcc=null mMnc=null mAlphaLong= mAlphaShort= mAdditionalPlmns={}} CellSignalStrengthGsm: rssi=-51 ber=0 mTa=0 mLevel=4}, CellInfoGsm:{mRegistered=NO mTimeStamp=441414472781959ns mCellConnectionStatus=0 CellIdentityGsm:{ mLac=0 mCid=6***5 mArfcn=727 mBsic=0x7fffffff mMcc=null mMnc=null mAlphaLong= mAlphaShort= mAdditionalPlmns={}} CellSignalStrengthGsm: rssi=-51 ber=0 mTa=0 mLevel=4}, CellInfoGsm:{mRegistered=NO mTimeStamp=441414472781959ns mCellConnectionStatus=0 CellIdentityGsm:{ mLac=0 mCid=4***2 mArfcn=718 mBsic=0x9 mMcc=null mMnc=null mAlphaLong= mAlphaShort= mAdditionalPlmns={}} CellSignalStrengthGsm: rssi=-51 ber=0 mTa=0 mLevel=4}, CellInfoGsm:{mRegistered=NO mTimeStamp=441414472781959ns mCellConnectionStatus=0 CellIdentityGsm:{ mLac=0 mCid=6***5 mArfcn=55 mBsic=0x1f mMcc=null mMnc=null mAlphaLong= mAlphaShort= mAdditionalPlmns={}} CellSignalStrengthGsm: rssi=-51 ber=0 mTa=0 mLevel=4}, CellInfoGsm:{mRegistered=NO mTimeStamp=441414472781959ns mCellConnectionStatus=0 CellIdentityGsm:{ mLac=0 mCid=6***5 mArfcn=797 mBsic=0x7fffffff mMcc=null mMnc=null mAlphaLong= mAlphaShort= mAdditionalPlmns={}} CellSignalStrengthGsm: rssi=-51 ber=0 mTa=0 mLevel=4}, CellInfoGsm:{mRegistered=NO mTimeStamp=441414472781959ns mCellConnectionStatus=0 CellIdentityGsm:{ mLac=0 mCid=6***5 mArfcn=53 mBsic=0x7fffffff mMcc=null mMnc=null mAlphaLong= mAlphaShort= mAdditionalPlmns={}} CellSignalStrengthGsm: rssi=-51 ber=0 mTa=0 mLevel=4}, CellInfoGsm:{mRegistered=NO mTimeStamp=441414472781959ns mCellConnectionStatus=0 CellIdentityGsm:{ mLac=0 mCid=6***5 mArfcn=43 mBsic=0x7fffffff mMcc=null mMnc=null mAlphaLong= mAlphaShort= mAdditionalPlmns={}} CellSignalStrengthGsm: rssi=-51 ber=0 mTa=0 mLevel=4}, CellInfoGsm:{mRegistered=NO mTimeStamp=441414472781959ns mCellConnectionStatus=0 CellIdentityGsm:{ mLac=0 mCid=**0 mArfcn=799 mBsic=0x14 mMcc=null mMnc=null mAlphaLong= mAlphaShort= mAdditionalPlmns={}} CellSignalStrengthGsm: rssi=-51 ber=0 mTa=0 mLevel=4}, CellInfoGsm:{mRegistered=NO mTimeStamp=441414472781959ns mCellConnectionStatus=0 CellIdentityGsm:{ mLac=0 mCid=6***5 mArfcn=713 mBsic=0x7fffffff mMcc=null mMnc=null mAlphaLong= mAlphaShort= mAdditionalPlmns={}} CellSignalStrengthGsm: rssi=-51 ber=0 mTa=0 mLevel=4}, CellInfoGsm:{mRegistered=NO mTimeStamp=441414472781959ns mCellConnectionStatus=0 CellIdentityGsm:{ mLac=0 mCid=6***5 mArfcn=716 mBsic=0x7fffffff mMcc=null mMnc=null mAlphaLong= mAlphaShort= mAdditionalPlmns={}} CellSignalStrengthGsm: rssi=-51 ber=0 mTa=0 mLevel=4}, CellInfoGsm:{mRegistered=NO mTimeStamp=441414472781959ns mCellConnectionStatus=0 CellIdentityGsm:{ mLac=0 mCid=6***5 mArfcn=47 mBsic=0x7fffffff mMcc=null mMnc=null mAlphaLong= mAlphaShort= mAdditionalPlmns={}} CellSignalStrengthGsm: rssi=-51 ber=0 mTa=0 mLevel=4}, CellInfoGsm:{mRegistered=NO mTimeStamp=441414472781959ns mCellConnectionStatus=0 CellIdentityGsm:{ mLac=0 mCid=6***5 mArfcn=725 mBsic=0x7fffffff mMcc=null mMnc=null mAlphaLong= mAlphaShort= mAdditionalPlmns={}} CellSignalStrengthGsm: rssi=-51 ber=0 mTa=0 mLevel=4}, CellInfoGsm:{mRegistered=NO mTimeStamp=441414472781959ns mCellConnectionStatus=0 CellIdentityGsm:{ mLac=0 mCid=6***5 mArfcn=45 mBsic=0x7fffffff mMcc=null mMnc=null mAlphaLong= mAlphaShort= mAdditionalPlmns={}} CellSignalStrengthGsm: rssi=-51 ber=0 mTa=0 mLevel=4}, CellInfoGsm:{mRegistered=NO mTimeStamp=441414472781959ns mCellConnectionStatus=0 CellIdentityGsm:{ mLac=0 mCid=6***5 mArfcn=798 mBsic=0x7fffffff mMcc=null mMnc=null mAlphaLong= mAlphaShort= mAdditionalPlmns={}} CellSignalStrengthGsm: rssi=-51 ber=0 mTa=0 mLevel=4}, CellInfoGsm:{mRegistered=NO mTimeStamp=4414144727
11-02 18:46:51.453  4891  4891 D LocaleTracker-0: updateLocale: countryIso = vn, countryIsoDebugInfo = OperatorNumeric(45204): MccTable.countryCodeForMcc("452")
11-02 18:46:51.453  4891  4891 D LocaleTracker-0: updateLocale: timeZoneCountryIso = vn, timeZoneCountryIsoDebugInfo = OperatorNumeric: MccTable.geoCountryCodeForMccMnc(MccMnc{mcc='452', mnc='04'})
11-02 18:46:51.453  4891  4891 D NewNitzStateMachineImpl-0: handleCountryDetected: countryIsoCode=vn, mLatestNitzSignal=null
11-02 18:46:51.455  4891  5122 D RILJ    : [2417]< RIL_REQUEST_GET_CELL_INFO_LIST  [PHONE0]
11-02 19:05:39.777  4891  4891 D RILJ    : [2418]> RIL_REQUEST_GET_ACTIVITY_INFO [PHONE0]
11-02 19:05:39.784  4891  5122 D RILJ    : [2418]< RIL_REQUEST_GET_ACTIVITY_INFO ModemActivityInfo{ mTimestamp=442542819 mSleepTimeMs=1060007 mIdleTimeMs=4531 mTransmitPowerInfo[]=[TransmitPower{ mTimeInMillis=0 mPowerRangeInDbm={-2147483648,0}}, TransmitPower{ mTimeInMillis=0 mPowerRangeInDbm={0,5}}, TransmitPower{ mTimeInMillis=0 mPowerRangeInDbm={5,15}}, TransmitPower{ mTimeInMillis=0 mPowerRangeInDbm={15,20}}, TransmitPower{ mTimeInMillis=0 mPowerRangeInDbm={20,2147483647}}] mRxTimeMs=63888} [PHONE0]
11-02 19:11:28.299  4891  4891 D RILJ    : [2419]> RIL_REQUEST_GET_ACTIVITY_INFO [PHONE0]
11-02 19:11:28.311  4891  5122 D RILJ    : [2419]< RIL_REQUEST_GET_ACTIVITY_INFO ModemActivityInfo{ mTimestamp=442891345 mSleepTimeMs=327513 mIdleTimeMs=1717 mTransmitPowerInfo[]=[TransmitPower{ mTimeInMillis=0 mPowerRangeInDbm={-2147483648,0}}, TransmitPower{ mTimeInMillis=0 mPowerRangeInDbm={0,5}}, TransmitPower{ mTimeInMillis=0 mPowerRangeInDbm={5,15}}, TransmitPower{ mTimeInMillis=0 mPowerRangeInDbm={15,20}}, TransmitPower{ mTimeInMillis=0 mPowerRangeInDbm={20,2147483647}}] mRxTimeMs=19288} [PHONE0]
11-02 19:23:20.487  4891  4891 D SST-SEM : [0] EVENT_SEM_SIGNAL_LEVEL_INFO_CHANGED
11-02 19:23:20.488  4891  4891 D SST-SEM : [0] SignalLevel: SignalBarInfo{ gsmLevel=4 }
11-02 19:36:08.533  4891  4891 D RILJ    : [2420]> RIL_REQUEST_GET_ACTIVITY_INFO [PHONE0]
11-02 19:36:08.541  4891  5122 D RILJ    : [2420]< RIL_REQUEST_GET_ACTIVITY_INFO ModemActivityInfo{ mTimestamp=444371576 mSleepTimeMs=1391685 mIdleTimeMs=6014 mTransmitPowerInfo[]=[TransmitPower{ mTimeInMillis=0 mPowerRangeInDbm={-2147483648,0}}, TransmitPower{ mTimeInMillis=0 mPowerRangeInDbm={0,5}}, TransmitPower{ mTimeInMillis=0 mPowerRangeInDbm={5,15}}, TransmitPower{ mTimeInMillis=0 mPowerRangeInDbm={15,20}}, TransmitPower{ mTimeInMillis=0 mPowerRangeInDbm={20,2147483647}}] mRxTimeMs=82539} [PHONE0]
11-02 19:41:18.089  4891  4891 D SST-SEM : [0] EVENT_SEM_SIGNAL_LEVEL_INFO_CHANGED
11-02 19:41:18.089  4891  4891 D SST-SEM : [0] SignalLevel: SignalBarInfo{ gsmLevel=4 }
11-02 19:56:17.194  4891  4891 D RILJ    : [2421]> RIL_REQUEST_GET_ACTIVITY_INFO [PHONE0]
11-02 19:56:17.202  4891  5122 D RILJ    : [2421]< RIL_REQUEST_GET_ACTIVITY_INFO ModemActivityInfo{ mTimestamp=445580235 mSleepTimeMs=1136083 mIdleTimeMs=4836 mTransmitPowerInfo[]=[TransmitPower{ mTimeInMillis=0 mPowerRangeInDbm={-2147483648,0}}, TransmitPower{ mTimeInMillis=0 mPowerRangeInDbm={0,5}}, TransmitPower{ mTimeInMillis=0 mPowerRangeInDbm={5,15}}, TransmitPower{ mTimeInMillis=0 mPowerRangeInDbm={15,20}}, TransmitPower{ mTimeInMillis=0 mPowerRangeInDbm={20,2147483647}}] mRxTimeMs=67735} [PHONE0]
11-02 19:59:24.280  4891  4891 D RILJ    : [2422]> RIL_REQUEST_GET_ACTIVITY_INFO [PHONE0]
11-02 19:59:24.288  4891  5122 D RILJ    : [2422]< RIL_REQUEST_GET_ACTIVITY_INFO ModemActivityInfo{ mTimestamp=445767322 mSleepTimeMs=175147 mIdleTimeMs=1465 mTransmitPowerInfo[]=[TransmitPower{ mTimeInMillis=0 mPowerRangeInDbm={-2147483648,0}}, TransmitPower{ mTimeInMillis=0 mPowerRangeInDbm={0,5}}, TransmitPower{ mTimeInMillis=0 mPowerRangeInDbm={5,15}}, TransmitPower{ mTimeInMillis=0 mPowerRangeInDbm={15,20}}, TransmitPower{ mTimeInMillis=0 mPowerRangeInDbm={20,2147483647}}] mRxTimeMs=10476} [PHONE0]
11-02 20:20:28.212  4891  4891 D RILJ    : [2423]> RIL_REQUEST_GET_ACTIVITY_INFO [PHONE0]
11-02 20:20:28.220  4891  5122 D RILJ    : [2423]< RIL_REQUEST_GET_ACTIVITY_INFO ModemActivityInfo{ mTimestamp=447031255 mSleepTimeMs=1188116 mIdleTimeMs=5325 mTransmitPowerInfo[]=[TransmitPower{ mTimeInMillis=0 mPowerRangeInDbm={-2147483648,0}}, TransmitPower{ mTimeInMillis=0 mPowerRangeInDbm={0,5}}, TransmitPower{ mTimeInMillis=0 mPowerRangeInDbm={5,15}}, TransmitPower{ mTimeInMillis=0 mPowerRangeInDbm={15,20}}, TransmitPower{ mTimeInMillis=0 mPowerRangeInDbm={20,2147483647}}] mRxTimeMs=70496} [PHONE0]
11-02 20:26:17.458  4891  4891 D RILJ    : [2424]> RIL_REQUEST_GET_ACTIVITY_INFO [PHONE0]
11-02 20:26:17.468  4891  5122 D RILJ    : [2424]< RIL_REQUEST_GET_ACTIVITY_INFO ModemActivityInfo{ mTimestamp=447380502 mSleepTimeMs=327453 mIdleTimeMs=2027 mTransmitPowerInfo[]=[TransmitPower{ mTimeInMillis=0 mPowerRangeInDbm={-2147483648,0}}, TransmitPower{ mTimeInMillis=0 mPowerRangeInDbm={0,5}}, TransmitPower{ mTimeInMillis=0 mPowerRangeInDbm={5,15}}, TransmitPower{ mTimeInMillis=0 mPowerRangeInDbm={15,20}}, TransmitPower{ mTimeInMillis=0 mPowerRangeInDbm={20,2147483647}}] mRxTimeMs=19763} [PHONE0]
11-02 20:26:17.940  4891  4891 D SST-SEM : [0] EVENT_SEM_SIGNAL_LEVEL_INFO_CHANGED
11-02 20:26:17.940  4891  4891 D SST-SEM : [0] SignalLevel: SignalBarInfo{ gsmLevel=4 }
11-02 20:42:23.963  4891  4891 D RILJ    : [2425]> RIL_REQUEST_GET_ACTIVITY_INFO [PHONE0]
11-02 20:42:23.970  4891  5122 D RILJ    : [2425]< RIL_REQUEST_GET_ACTIVITY_INFO ModemActivityInfo{ mTimestamp=448347004 mSleepTimeMs=908624 mIdleTimeMs=4012 mTransmitPowerInfo[]=[TransmitPower{ mTimeInMillis=0 mPowerRangeInDbm={-2147483648,0}}, TransmitPower{ mTimeInMillis=0 mPowerRangeInDbm={0,5}}, TransmitPower{ mTimeInMillis=0 mPowerRangeInDbm={5,15}}, TransmitPower{ mTimeInMillis=0 mPowerRangeInDbm={15,20}}, TransmitPower{ mTimeInMillis=0 mPowerRangeInDbm={20,2147483647}}] mRxTimeMs=53862} [PHONE0]
11-02 21:01:48.634  4891  4891 D RILJ    : [2426]> RIL_REQUEST_GET_ACTIVITY_INFO [PHONE0]
11-02 21:01:48.644  4891  5122 D RILJ    : [2426]< RIL_REQUEST_GET_ACTIVITY_INFO ModemActivityInfo{ mTimestamp=449511679 mSleepTimeMs=1095062 mIdleTimeMs=4896 mTransmitPowerInfo[]=[TransmitPower{ mTimeInMillis=0 mPowerRangeInDbm={-2147483648,0}}, TransmitPower{ mTimeInMillis=0 mPowerRangeInDbm={0,5}}, TransmitPower{ mTimeInMillis=0 mPowerRangeInDbm={5,15}}, TransmitPower{ mTimeInMillis=0 mPowerRangeInDbm={15,20}}, TransmitPower{ mTimeInMillis=0 mPowerRangeInDbm={20,2147483647}}] mRxTimeMs=64718} [PHONE0]
11-02 21:02:50.321  4891  4891 D SST-SEM : [0] EVENT_SEM_SIGNAL_LEVEL_INFO_CHANGED
11-02 21:02:50.321  4891  4891 D SST-SEM : [0] SignalLevel: SignalBarInfo{ gsmLevel=4 }
11-02 21:12:19.958  4891  4891 D RILJ    : [2427]> RIL_REQUEST_GET_ACTIVITY_INFO [PHONE0]
11-02 21:12:19.965  4891  5122 D RILJ    : [2427]< RIL_REQUEST_GET_ACTIVITY_INFO ModemActivityInfo{ mTimestamp=450143000 mSleepTimeMs=593005 mIdleTimeMs=2867 mTransmitPowerInfo[]=[TransmitPower{ mTimeInMillis=0 mPowerRangeInDbm={-2147483648,0}}, TransmitPower{ mTimeInMillis=0 mPowerRangeInDbm={0,5}}, TransmitPower{ mTimeInMillis=0 mPowerRangeInDbm={5,15}}, TransmitPower{ mTimeInMillis=0 mPowerRangeInDbm={15,20}}, TransmitPower{ mTimeInMillis=0 mPowerRangeInDbm={20,2147483647}}] mRxTimeMs=35452} [PHONE0]
11-02 21:24:50.832  4891  4891 D SST-SEM : [0] EVENT_SEM_SIGNAL_LEVEL_INFO_CHANGED
11-02 21:24:50.832  4891  4891 D SST-SEM : [0] SignalLevel: SignalBarInfo{ gsmLevel=4 }
11-02 21:29:59.820  4891  4891 D RILJ    : [2428]> RIL_REQUEST_GET_ACTIVITY_INFO [PHONE0]
11-02 21:29:59.830  4891  5122 D RILJ    : [2428]< RIL_REQUEST_GET_ACTIVITY_INFO ModemActivityInfo{ mTimestamp=451202864 mSleepTimeMs=995932 mIdleTimeMs=4246 mTransmitPowerInfo[]=[TransmitPower{ mTimeInMillis=0 mPowerRangeInDbm={-2147483648,0}}, TransmitPower{ mTimeInMillis=0 mPowerRangeInDbm={0,5}}, TransmitPower{ mTimeInMillis=0 mPowerRangeInDbm={5,15}}, TransmitPower{ mTimeInMillis=0 mPowerRangeInDbm={15,20}}, TransmitPower{ mTimeInMillis=0 mPowerRangeInDbm={20,2147483647}}] mRxTimeMs=59681} [PHONE0]
11-02 21:56:19.075  4891  4891 D RILJ    : [2429]> RIL_REQUEST_GET_ACTIVITY_INFO [PHONE0]
11-02 21:56:19.083  4891  5122 D RILJ    : [2429]< RIL_REQUEST_GET_ACTIVITY_INFO ModemActivityInfo{ mTimestamp=452782117 mSleepTimeMs=1486093 mIdleTimeMs=6124 mTransmitPowerInfo[]=[TransmitPower{ mTimeInMillis=0 mPowerRangeInDbm={-2147483648,0}}, TransmitPower{ mTimeInMillis=0 mPowerRangeInDbm={0,5}}, TransmitPower{ mTimeInMillis=0 mPowerRangeInDbm={5,15}}, TransmitPower{ mTimeInMillis=0 mPowerRangeInDbm={15,20}}, TransmitPower{ mTimeInMillis=0 mPowerRangeInDbm={20,2147483647}}] mRxTimeMs=87041} [PHONE0]
11-02 22:00:00.278  4891  4891 D RILJ    : [2430]> RIL_REQUEST_GET_ACTIVITY_INFO [PHONE0]
11-02 22:00:00.284  4891  5122 D RILJ    : [2430]< RIL_REQUEST_GET_ACTIVITY_INFO ModemActivityInfo{ mTimestamp=453003319 mSleepTimeMs=207446 mIdleTimeMs=1251 mTransmitPowerInfo[]=[TransmitPower{ mTimeInMillis=0 mPowerRangeInDbm={-2147483648,0}}, TransmitPower{ mTimeInMillis=0 mPowerRangeInDbm={0,5}}, TransmitPower{ mTimeInMillis=0 mPowerRangeInDbm={5,15}}, TransmitPower{ mTimeInMillis=0 mPowerRangeInDbm={15,20}}, TransmitPower{ mTimeInMillis=0 mPowerRangeInDbm={20,2147483647}}] mRxTimeMs=12504} [PHONE0]
11-02 22:07:08.431  4891  4891 D SST-SEM : [0] EVENT_SEM_SIGNAL_LEVEL_INFO_CHANGED
11-02 22:07:08.432  4891  4891 D SST-SEM : [0] SignalLevel: SignalBarInfo{ gsmLevel=4 }
11-02 22:08:38.400  4891  4891 D RILJ    : [2431]> RIL_REQUEST_GET_ACTIVITY_INFO [PHONE0]
11-02 22:08:38.406  4891  5122 D RILJ    : [2431]< RIL_REQUEST_GET_ACTIVITY_INFO ModemActivityInfo{ mTimestamp=453521441 mSleepTimeMs=486653 mIdleTimeMs=2648 mTransmitPowerInfo[]=[TransmitPower{ mTimeInMillis=0 mPowerRangeInDbm={-2147483648,0}}, TransmitPower{ mTimeInMillis=0 mPowerRangeInDbm={0,5}}, TransmitPower{ mTimeInMillis=0 mPowerRangeInDbm={5,15}}, TransmitPower{ mTimeInMillis=0 mPowerRangeInDbm={15,20}}, TransmitPower{ mTimeInMillis=0 mPowerRangeInDbm={20,2147483647}}] mRxTimeMs=28818} [PHONE0]
11-02 22:08:38.669  4891  4891 D SST-SEM : [0] EVENT_SEM_SIGNAL_LEVEL_INFO_CHANGED
11-02 22:08:38.669  4891  4891 D SST-SEM : [0] SignalLevel: SignalBarInfo{ gsmLevel=4 }
11-02 22:19:00.665  4891  4891 D RILJ    : [2432]> RIL_REQUEST_GET_ACTIVITY_INFO [PHONE0]
11-02 22:19:00.676  4891  5122 D RILJ    : [2432]< RIL_REQUEST_GET_ACTIVITY_INFO ModemActivityInfo{ mTimestamp=454143710 mSleepTimeMs=584771 mIdleTimeMs=3072 mTransmitPowerInfo[]=[TransmitPower{ mTimeInMillis=0 mPowerRangeInDbm={-2147483648,0}}, TransmitPower{ mTimeInMillis=0 mPowerRangeInDbm={0,5}}, TransmitPower{ mTimeInMillis=0 mPowerRangeInDbm={5,15}}, TransmitPower{ mTimeInMillis=0 mPowerRangeInDbm={15,20}}, TransmitPower{ mTimeInMillis=0 mPowerRangeInDbm={20,2147483647}}] mRxTimeMs=34420} [PHONE0]
11-02 22:25:41.656  4891  4891 D SST-SEM : [0] EVENT_SEM_SIGNAL_LEVEL_INFO_CHANGED
11-02 22:25:41.656  4891  4891 D SST-SEM : [0] SignalLevel: SignalBarInfo{ gsmLevel=4 }
11-02 22:33:37.127  4891  4891 D RILJ    : [2433]> RIL_REQUEST_GET_ACTIVITY_INFO [PHONE0]
11-02 22:33:37.134  4891  5122 D RILJ    : [2433]< RIL_REQUEST_GET_ACTIVITY_INFO ModemActivityInfo{ mTimestamp=455020169 mSleepTimeMs=825911 mIdleTimeMs=4071 mTransmitPowerInfo[]=[TransmitPower{ mTimeInMillis=0 mPowerRangeInDbm={-2147483648,0}}, TransmitPower{ mTimeInMillis=0 mPowerRangeInDbm={0,5}}, TransmitPower{ mTimeInMillis=0 mPowerRangeInDbm={5,15}}, TransmitPower{ mTimeInMillis=0 mPowerRangeInDbm={15,20}}, TransmitPower{ mTimeInMillis=0 mPowerRangeInDbm={20,2147483647}}] mRxTimeMs=46477} [PHONE0]
11-02 22:33:37.846  4891  4891 D SST-SEM : [0] EVENT_SEM_SIGNAL_LEVEL_INFO_CHANGED
11-02 22:33:37.847  4891  4891 D SST-SEM : [0] SignalLevel: SignalBarInfo{ gsmLevel=4 }
11-02 22:35:41.419  4891  4891 D SST-SEM : [0] EVENT_SEM_SIGNAL_LEVEL_INFO_CHANGED
11-02 22:35:41.420  4891  4891 D SST-SEM : [0] SignalLevel: SignalBarInfo{ gsmLevel=4 }
11-02 22:37:48.189  4891  4891 D SST-SEM : [0] EVENT_SEM_SIGNAL_LEVEL_INFO_CHANGED
11-02 22:37:48.190  4891  4891 D SST-SEM : [0] SignalLevel: SignalBarInfo{ gsmLevel=4 }
11-02 22:41:18.941  4891  4891 D RILJ    : [2434]> RIL_REQUEST_GET_ACTIVITY_INFO [PHONE0]
11-02 22:41:18.951  4891  5122 D RILJ    : [2434]< RIL_REQUEST_GET_ACTIVITY_INFO ModemActivityInfo{ mTimestamp=455481985 mSleepTimeMs=434612 mIdleTimeMs=2352 mTransmitPowerInfo[]=[TransmitPower{ mTimeInMillis=0 mPowerRangeInDbm={-2147483648,0}}, TransmitPower{ mTimeInMillis=0 mPowerRangeInDbm={0,5}}, TransmitPower{ mTimeInMillis=0 mPowerRangeInDbm={5,15}}, TransmitPower{ mTimeInMillis=0 mPowerRangeInDbm={15,20}}, TransmitPower{ mTimeInMillis=0 mPowerRangeInDbm={20,2147483647}}] mRxTimeMs=24856} [PHONE0]
11-02 23:00:39.795  4891  4891 D RILJ    : [2435]> RIL_REQUEST_GET_ACTIVITY_INFO [PHONE0]
11-02 23:00:39.806  4891  5122 D RILJ    : [2435]< RIL_REQUEST_GET_ACTIVITY_INFO ModemActivityInfo{ mTimestamp=456642841 mSleepTimeMs=1094800 mIdleTimeMs=4494 mTransmitPowerInfo[]=[TransmitPower{ mTimeInMillis=0 mPowerRangeInDbm={-2147483648,0}}, TransmitPower{ mTimeInMillis=0 mPowerRangeInDbm={0,5}}, TransmitPower{ mTimeInMillis=0 mPowerRangeInDbm={5,15}}, TransmitPower{ mTimeInMillis=0 mPowerRangeInDbm={15,20}}, TransmitPower{ mTimeInMillis=0 mPowerRangeInDbm={20,2147483647}}] mRxTimeMs=61560} [PHONE0]
11-02 23:00:39.914  4891  4891 D RILJ    : [2436]> RIL_REQUEST_GET_ACTIVITY_INFO [PHONE0]
11-02 23:00:39.920  4891  5122 D RILJ    : [2436]< RIL_REQUEST_GET_ACTIVITY_INFO ModemActivityInfo{ mTimestamp=456642954 mSleepTimeMs=0 mIdleTimeMs=30 mTransmitPowerInfo[]=[TransmitPower{ mTimeInMillis=0 mPowerRangeInDbm={-2147483648,0}}, TransmitPower{ mTimeInMillis=0 mPowerRangeInDbm={0,5}}, TransmitPower{ mTimeInMillis=0 mPowerRangeInDbm={5,15}}, TransmitPower{ mTimeInMillis=0 mPowerRangeInDbm={15,20}}, TransmitPower{ mTimeInMillis=0 mPowerRangeInDbm={20,2147483647}}] mRxTimeMs=82} [PHONE0]
11-02 23:24:10.535  4891  4891 D SST-SEM : [0] EVENT_SEM_SIGNAL_LEVEL_INFO_CHANGED
11-02 23:24:10.535  4891  4891 D SST-SEM : [0] SignalLevel: SignalBarInfo{ gsmLevel=4 }
11-02 23:25:24.094  4891  4891 D RILJ    : [2437]> RIL_REQUEST_GET_ACTIVITY_INFO [PHONE0]
11-02 23:25:24.102  4891  5122 D RILJ    : [2437]< RIL_REQUEST_GET_ACTIVITY_INFO ModemActivityInfo{ mTimestamp=458127137 mSleepTimeMs=1399382 mIdleTimeMs=6081 mTransmitPowerInfo[]=[TransmitPower{ mTimeInMillis=0 mPowerRangeInDbm={-2147483648,0}}, TransmitPower{ mTimeInMillis=0 mPowerRangeInDbm={0,5}}, TransmitPower{ mTimeInMillis=0 mPowerRangeInDbm={5,15}}, TransmitPower{ mTimeInMillis=0 mPowerRangeInDbm={15,20}}, TransmitPower{ mTimeInMillis=0 mPowerRangeInDbm={20,2147483647}}] mRxTimeMs=78723} [PHONE0]
11-02 23:52:00.618  4891  4891 D RILJ    : [2438]> RIL_REQUEST_GET_ACTIVITY_INFO [PHONE0]
11-02 23:52:00.628  4891  5122 D RILJ    : [2438]< RIL_REQUEST_GET_ACTIVITY_INFO ModemActivityInfo{ mTimestamp=459723662 mSleepTimeMs=1505582 mIdleTimeMs=6087 mTransmitPowerInfo[]=[TransmitPower{ mTimeInMillis=0 mPowerRangeInDbm={-2147483648,0}}, TransmitPower{ mTimeInMillis=0 mPowerRangeInDbm={0,5}}, TransmitPower{ mTimeInMillis=0 mPowerRangeInDbm={5,15}}, TransmitPower{ mTimeInMillis=0 mPowerRangeInDbm={15,20}}, TransmitPower{ mTimeInMillis=0 mPowerRangeInDbm={20,2147483647}}] mRxTimeMs=84854} [PHONE0]
11-02 23:52:01.133  4891  4891 D SST-SEM : [0] EVENT_SEM_SIGNAL_LEVEL_INFO_CHANGED
11-02 23:52:01.133  4891  4891 D SST-SEM : [0] SignalLevel: SignalBarInfo{ gsmLevel=4 }
11-03 00:00:00.153  4891  4891 D RILJ    : [2439]> RIL_REQUEST_GET_ACTIVITY_INFO [PHONE0]
11-03 00:00:00.165  4891  5122 D RILJ    : [2439]< RIL_REQUEST_GET_ACTIVITY_INFO ModemActivityInfo{ mTimestamp=460203199 mSleepTimeMs=452021 mIdleTimeMs=2270 mTransmitPowerInfo[]=[TransmitPower{ mTimeInMillis=0 mPowerRangeInDbm={-2147483648,0}}, TransmitPower{ mTimeInMillis=0 mPowerRangeInDbm={0,5}}, TransmitPower{ mTimeInMillis=0 mPowerRangeInDbm={5,15}}, TransmitPower{ mTimeInMillis=0 mPowerRangeInDbm={15,20}}, TransmitPower{ mTimeInMillis=0 mPowerRangeInDbm={20,2147483647}}] mRxTimeMs=25247} [PHONE0]
11-03 00:00:01.162  4891  4891 D DDS-SemPhoneSwitcher: handleMessage msg={ when=0 what=104 obj=NetworkRequest [ TRACK_DEFAULT id=1065, [ Capabilities: INTERNET&NOT_RESTRICTED&TRUSTED Uid: 10105 AdministratorUids: [] RequestorUid: 10105 RequestorPackageName: com.microsoft.skydrive] ] target=com.android.internal.telephony.SemPhoneSwitcher }
11-03 00:00:01.169  4891  4891 E ApnConfigTypeRepository: Invalid apn type name, entry: ent2:2
11-03 00:00:01.169  4891  4891 E ApnConfigTypeRepository: Invalid apn type name, entry: ent2:2
11-03 00:00:01.169  4891  4891 D DcRequest: Cellular request confirmed: NetworkRequest [ TRACK_DEFAULT id=1065, [ Capabilities: INTERNET&NOT_RESTRICTED&TRUSTED Uid: 10105 AdministratorUids: [] RequestorUid: 10105 RequestorPackageName: com.microsoft.skydrive] ]
11-03 00:00:16.732  4891  4891 D SubscriptionController: [getSubId]- numSubIds == 0, return null slotIndex=1
11-03 00:00:16.732  4891  4891 D DDS-SemPhoneSwitcher: getRequestOverride : requestPhoneId = -1, mPreferredDataPhoneId = 0, mPrimaryDataSubId = 1
11-03 00:00:16.735  4891  4891 D DDS-SemPhoneSwitcher: getRequestOverride : RequestOverride(mState = NONE, mPhoneId = -1, mDelayReason = NONE)
11-03 00:00:16.735  4891  4891 D SubscriptionController: [getSubId]- numSubIds == 0, return null slotIndex=-1
11-03 00:00:16.735  4891  4891 D DDS-SemPhoneSwitcher: updatePreferredDataPhoneId: mPreferredDataPhoneId = 0(PRIMARYDATA)
11-03 00:00:16.739  4891  4891 D DDS-SemPhoneSwitcher: Removed DcRequest, size: 29
11-03 00:00:16.771  4891  4891 D RILJ    : [2440]> RIL_REQUEST_GET_ACTIVITY_INFO [PHONE0]
11-03 00:00:16.780  4891  5122 D RILJ    : [2440]< RIL_REQUEST_GET_ACTIVITY_INFO ModemActivityInfo{ mTimestamp=460219814 mSleepTimeMs=15141 mIdleTimeMs=545 mTransmitPowerInfo[]=[TransmitPower{ mTimeInMillis=0 mPowerRangeInDbm={-2147483648,0}}, TransmitPower{ mTimeInMillis=0 mPowerRangeInDbm={0,5}}, TransmitPower{ mTimeInMillis=0 mPowerRangeInDbm={5,15}}, TransmitPower{ mTimeInMillis=0 mPowerRangeInDbm={15,20}}, TransmitPower{ mTimeInMillis=0 mPowerRangeInDbm={20,2147483647}}] mRxTimeMs=924} [PHONE0]
11-03 00:00:16.915  4891 10810 D SmsApplication: onPackageChanged: run
11-03 00:00:16.936  4891 10810 D SmsApplication: onPackageChanged: end
11-03 00:00:23.133  4891  4891 D DDS-TelephonyNetworkFactory[1]: got request NetworkRequest [ TRACK_DEFAULT id=1088, [ Capabilities: INTERNET&NOT_RESTRICTED&TRUSTED Uid: 10105 AdministratorUids: [] RequestorUid: 10105 RequestorPackageName: com.microsoft.skydrive] ] with score 60 and providerId 5
11-03 00:00:23.133  4891  4891 D DDS-TelephonyNetworkFactory[0]: got request NetworkRequest [ TRACK_DEFAULT id=1088, [ Capabilities: INTERNET&NOT_RESTRICTED&TRUSTED Uid: 10105 AdministratorUids: [] RequestorUid: 10105 RequestorPackageName: com.microsoft.skydrive] ] with score 60 and providerId 5
11-03 00:00:23.133  4891  4891 D DDS-SemPhoneSwitcher: handleMessage msg={ when=0 what=103 obj=NetworkRequest [ TRACK_DEFAULT id=1088, [ Capabilities: INTERNET&NOT_RESTRICTED&TRUSTED Uid: 10105 AdministratorUids: [] RequestorUid: 10105 RequestorPackageName: com.microsoft.skydrive] ] target=com.android.internal.telephony.SemPhoneSwitcher }
11-03 00:00:23.143  4891  4891 E ApnConfigTypeRepository: Invalid apn type name, entry: ent2:2
11-03 00:00:23.144  4891  4891 E ApnConfigTypeRepository: Invalid apn type name, entry: ent2:2
11-03 00:00:23.144  4891  4891 D DcRequest: Cellular request confirmed: NetworkRequest [ TRACK_DEFAULT id=1088, [ Capabilities: INTERNET&NOT_RESTRICTED&TRUSTED Uid: 10105 AdministratorUids: [] RequestorUid: 10105 RequestorPackageName: com.microsoft.skydrive] ]
11-03 00:00:23.144  4891  4891 D SubscriptionController: [getSubId]- numSubIds == 0, return null slotIndex=1
11-03 00:00:23.144  4891  4891 D DDS-SemPhoneSwitcher: getRequestOverride : requestPhoneId = -1, mPreferredDataPhoneId = 0, mPrimaryDataSubId = 1
11-03 00:00:23.145  4891  4891 D DDS-SemPhoneSwitcher: getRequestOverride : RequestOverride(mState = NONE, mPhoneId = -1, mDelayReason = NONE)
11-03 00:00:23.145  4891  4891 D SubscriptionController: [getSubId]- numSubIds == 0, return null slotIndex=-1
11-03 00:00:23.145  4891  4891 D DDS-SemPhoneSwitcher: updatePreferredDataPhoneId: mPreferredDataPhoneId = 0(PRIMARYDATA)
11-03 00:00:23.147  4891  4891 D DDS-SemPhoneSwitcher: Added DcRequest, size: 30
11-03 00:00:23.270  4891 10810 D SmsApplication: onPackageChanged: run
11-03 00:00:23.290  4891 10810 D SmsApplication: onPackageChanged: end
11-03 00:02:45.561  4891  4891 D SST-SEM : [0] EVENT_SEM_SIGNAL_LEVEL_INFO_CHANGED
11-03 00:02:45.561  4891  4891 D SST-SEM : [0] SignalLevel: SignalBarInfo{ gsmLevel=4 }
11-03 00:05:33.858  4891 10810 D SmsApplication: onPackageChanged: run
11-03 00:05:33.880  4891 10810 D SmsApplication: onPackageChanged: end
11-03 00:07:08.058  4891  5137 D SubscriptionController: getSimStateForSlotIndex:  simState=LOADED ordinal=10 slotIndex=0
11-03 00:07:08.072  4891  4891 D DDS-SemPhoneSwitcher: handleMessage msg={ when=-1ms what=104 obj=NetworkRequest [ TRACK_DEFAULT id=1072, [ Capabilities: INTERNET&NOT_RESTRICTED&TRUSTED Uid: 10162 AdministratorUids: [] RequestorUid: 10162 RequestorPackageName: com.google.android.apps.tachyon] ] target=com.android.internal.telephony.SemPhoneSwitcher }
11-03 00:07:08.105  4891  4891 E ApnConfigTypeRepository: Invalid apn type name, entry: ent2:2
11-03 00:07:08.105  4891  4891 E ApnConfigTypeRepository: Invalid apn type name, entry: ent2:2
11-03 00:07:08.105  4891  4891 D DcRequest: Cellular request confirmed: NetworkRequest [ TRACK_DEFAULT id=1072, [ Capabilities: INTERNET&NOT_RESTRICTED&TRUSTED Uid: 10162 AdministratorUids: [] RequestorUid: 10162 RequestorPackageName: com.google.android.apps.tachyon] ]
11-03 00:07:08.105  4891  4891 D SubscriptionController: [getSubId]- numSubIds == 0, return null slotIndex=1
11-03 00:07:08.106  4891  4891 D DDS-SemPhoneSwitcher: getRequestOverride : requestPhoneId = -1, mPreferredDataPhoneId = 0, mPrimaryDataSubId = 1
11-03 00:07:08.106  4891  4891 D DDS-SemPhoneSwitcher: getRequestOverride : RequestOverride(mState = NONE, mPhoneId = -1, mDelayReason = NONE)
11-03 00:07:08.106  4891  4891 D SubscriptionController: [getSubId]- numSubIds == 0, return null slotIndex=-1
11-03 00:07:08.107  4891  4891 D DDS-SemPhoneSwitcher: updatePreferredDataPhoneId: mPreferredDataPhoneId = 0(PRIMARYDATA)
11-03 00:07:08.108  4891  4891 D DDS-SemPhoneSwitcher: Removed DcRequest, size: 29
11-03 00:07:08.132  4891 13047 D SubscriptionController: [getActiveSubscriptionInfoForSimSlotIndex]+ slotIndex= XXX subId= XXX
11-03 00:07:13.780  4891  4891 D RILJ    : [2441]> RIL_REQUEST_GET_ACTIVITY_INFO [PHONE0]
11-03 00:07:13.788  4891  5122 D RILJ    : [2441]< RIL_REQUEST_GET_ACTIVITY_INFO ModemActivityInfo{ mTimestamp=460636822 mSleepTimeMs=392706 mIdleTimeMs=2332 mTransmitPowerInfo[]=[TransmitPower{ mTimeInMillis=0 mPowerRangeInDbm={-2147483648,0}}, TransmitPower{ mTimeInMillis=0 mPowerRangeInDbm={0,5}}, TransmitPower{ mTimeInMillis=0 mPowerRangeInDbm={5,15}}, TransmitPower{ mTimeInMillis=0 mPowerRangeInDbm={15,20}}, TransmitPower{ mTimeInMillis=0 mPowerRangeInDbm={20,2147483647}}] mRxTimeMs=21971} [PHONE0]
11-03 00:07:14.193  4891  4891 D SST-SEM : [0] EVENT_SEM_SIGNAL_LEVEL_INFO_CHANGED
11-03 00:07:14.194  4891  4891 D SST-SEM : [0] SignalLevel: SignalBarInfo{ gsmLevel=4 }
11-03 00:08:20.242  4891  4891 D SST-SEM : [0] EVENT_SEM_SIGNAL_LEVEL_INFO_CHANGED
11-03 00:08:20.242  4891  4891 D SST-SEM : [0] SignalLevel: SignalBarInfo{ gsmLevel=4 }
11-03 00:09:06.825  4891  4891 D SST-SEM : [0] EVENT_SEM_SIGNAL_LEVEL_INFO_CHANGED
11-03 00:09:06.825  4891  4891 D SST-SEM : [0] SignalLevel: SignalBarInfo{ gsmLevel=4 }
11-03 00:09:13.727  4891  4891 D SST-SEM : [0] EVENT_SEM_SIGNAL_LEVEL_INFO_CHANGED
11-03 00:09:13.727  4891  4891 D SST-SEM : [0] SignalLevel: SignalBarInfo{ gsmLevel=4 }
11-03 00:11:18.129  4891  4891 D SST-SEM : [0] EVENT_SEM_SIGNAL_LEVEL_INFO_CHANGED
11-03 00:11:18.129  4891  4891 D SST-SEM : [0] SignalLevel: SignalBarInfo{ gsmLevel=4 }
11-03 00:15:43.743  4891  4891 D SST-SEM : [0] EVENT_SEM_SIGNAL_LEVEL_INFO_CHANGED
11-03 00:15:43.744  4891  4891 D SST-SEM : [0] SignalLevel: SignalBarInfo{ gsmLevel=4 }
11-03 00:23:00.929  4891  4891 D RILJ    : [2442]> RIL_REQUEST_GET_ACTIVITY_INFO [PHONE0]
11-03 00:23:00.940  4891  5122 D RILJ    : [2442]< RIL_REQUEST_GET_ACTIVITY_INFO ModemActivityInfo{ mTimestamp=461583974 mSleepTimeMs=893040 mIdleTimeMs=4083 mTransmitPowerInfo[]=[TransmitPower{ mTimeInMillis=0 mPowerRangeInDbm={-2147483648,0}}, TransmitPower{ mTimeInMillis=0 mPowerRangeInDbm={0,5}}, TransmitPower{ mTimeInMillis=0 mPowerRangeInDbm={5,15}}, TransmitPower{ mTimeInMillis=0 mPowerRangeInDbm={15,20}}, TransmitPower{ mTimeInMillis=0 mPowerRangeInDbm={20,2147483647}}] mRxTimeMs=50024} [PHONE0]
11-03 00:24:10.323  4891  4891 D RILJ    : [2443]> RIL_REQUEST_GET_ACTIVITY_INFO [PHONE0]
11-03 00:24:10.328  4891  5122 D RILJ    : [2443]< RIL_REQUEST_GET_ACTIVITY_INFO ModemActivityInfo{ mTimestamp=461653363 mSleepTimeMs=64879 mIdleTimeMs=907 mTransmitPowerInfo[]=[TransmitPower{ mTimeInMillis=0 mPowerRangeInDbm={-2147483648,0}}, TransmitPower{ mTimeInMillis=0 mPowerRangeInDbm={0,5}}, TransmitPower{ mTimeInMillis=0 mPowerRangeInDbm={5,15}}, TransmitPower{ mTimeInMillis=0 mPowerRangeInDbm={15,20}}, TransmitPower{ mTimeInMillis=0 mPowerRangeInDbm={20,2147483647}}] mRxTimeMs=3606} [PHONE0]
11-03 00:34:24.978  4891  4891 D SST-SEM : [0] EVENT_SEM_SIGNAL_LEVEL_INFO_CHANGED
11-03 00:34:24.978  4891  4891 D SST-SEM : [0] SignalLevel: SignalBarInfo{ gsmLevel=4 }
11-03 00:39:56.181  4891  4891 D RILJ    : [2444]> RIL_REQUEST_GET_ACTIVITY_INFO [PHONE0]
11-03 00:39:56.187  4891  5122 D RILJ    : [2444]< RIL_REQUEST_GET_ACTIVITY_INFO ModemActivityInfo{ mTimestamp=462599222 mSleepTimeMs=891085 mIdleTimeMs=4101 mTransmitPowerInfo[]=[TransmitPower{ mTimeInMillis=0 mPowerRangeInDbm={-2147483648,0}}, TransmitPower{ mTimeInMillis=0 mPowerRangeInDbm={0,5}}, TransmitPower{ mTimeInMillis=0 mPowerRangeInDbm={5,15}}, TransmitPower{ mTimeInMillis=0 mPowerRangeInDbm={15,20}}, TransmitPower{ mTimeInMillis=0 mPowerRangeInDbm={20,2147483647}}] mRxTimeMs=50675} [PHONE0]
11-03 00:39:56.495  4891  4891 D RILJ    : [2445]> RIL_REQUEST_GET_ACTIVITY_INFO [PHONE0]
11-03 00:39:56.502  4891  5122 D RILJ    : [2445]< RIL_REQUEST_GET_ACTIVITY_INFO ModemActivityInfo{ mTimestamp=462599537 mSleepTimeMs=0 mIdleTimeMs=295 mTransmitPowerInfo[]=[TransmitPower{ mTimeInMillis=0 mPowerRangeInDbm={-2147483648,0}}, TransmitPower{ mTimeInMillis=0 mPowerRangeInDbm={0,5}}, TransmitPower{ mTimeInMillis=0 mPowerRangeInDbm={5,15}}, TransmitPower{ mTimeInMillis=0 mPowerRangeInDbm={15,20}}, TransmitPower{ mTimeInMillis=0 mPowerRangeInDbm={20,2147483647}}] mRxTimeMs=18} [PHONE0]
11-03 00:39:56.541  4368  4472 E RILC    : unsupported OEM unsolicated response code 11009
11-03 00:39:56.547  4367  5925 D RILClient: processUnsolicited(): resp_id (11009), len(12)
11-03 00:39:56.547  4367  5925 D RILClient: processUnsolicited(): unsol_func resp_id (11009), len(12)
11-03 00:39:56.551  4332  4674 D RILClient: processUnsolicited(): resp_id (11009), len(12)
11-03 00:39:56.599  4891  4891 D SST-SEM : [0] EVENT_SEM_SIGNAL_LEVEL_INFO_CHANGED
11-03 00:39:56.599  4891  4891 D SST-SEM : [0] SignalLevel: SignalBarInfo{ gsmLevel=4 }
11-03 00:39:56.674  4891  4891 D SST-SEM : [0] requestAllCellInfo - UID: 1001, PID: 4891
11-03 00:39:56.676  4891  4891 D RILJ    : [2446]> RIL_REQUEST_GET_CELL_INFO_LIST [PHONE0]
11-03 00:39:56.690  4891  4891 D SIMRecords: [SIMRecords-0] getAllEonsNames, servicestate = 0
11-03 00:39:56.690  4891  4891 D SST-SEM : [0] getEons PNN: null
11-03 00:39:56.690  4891  4891 D SST-SEM : [0] getEons EONS: null
11-03 00:39:56.691  4891  5122 D RILJ    : [2446]< RIL_REQUEST_GET_CELL_INFO_LIST  [PHONE0]
11-03 00:39:56.700  4891  4891 D LocaleTracker-0: processCellInfo: cell info=[CellInfoGsm:{mRegistered=YES mTimeStamp=462599724055997ns mCellConnectionStatus=0 CellIdentityGsm:{ mLac=1***3 mCid=4**4 mArfcn=51 mBsic=0x1e mMcc=452 mMnc=04 mAlphaLong=VIETTEL mAlphaShort=VIETTEL mAdditionalPlmns={}} CellSignalStrengthGsm: rssi=-51 ber=2147483647 mTa=3 mLevel=4}, CellInfoGsm:{mRegistered=NO mTimeStamp=462599724055997ns mCellConnectionStatus=0 CellIdentityGsm:{ mLac=0 mCid=**6 mArfcn=714 mBsic=0x18 mMcc=null mMnc=null mAlphaLong= mAlphaShort= mAdditionalPlmns={}} CellSignalStrengthGsm: rssi=-51 ber=0 mTa=0 mLevel=4}, CellInfoGsm:{mRegistered=NO mTimeStamp=462599724055997ns mCellConnectionStatus=0 CellIdentityGsm:{ mLac=0 mCid=4***2 mArfcn=718 mBsic=0x9 mMcc=null mMnc=null mAlphaLong= mAlphaShort= mAdditionalPlmns={}} CellSignalStrengthGsm: rssi=-51 ber=0 mTa=0 mLevel=4}, CellInfoGsm:{mRegistered=NO mTimeStamp=462599724055997ns mCellConnectionStatus=0 CellIdentityGsm:{ mLac=0 mCid=6***5 mArfcn=797 mBsic=0x29 mMcc=null mMnc=null mAlphaLong= mAlphaShort= mAdditionalPlmns={}} CellSignalStrengthGsm: rssi=-51 ber=0 mTa=0 mLevel=4}, CellInfoGsm:{mRegistered=NO mTimeStamp=462599724055997ns mCellConnectionStatus=0 CellIdentityGsm:{ mLac=0 mCid=6***5 mArfcn=43 mBsic=0x7fffffff mMcc=null mMnc=null mAlphaLong= mAlphaShort= mAdditionalPlmns={}} CellSignalStrengthGsm: rssi=-51 ber=0 mTa=0 mLevel=4}, CellInfoGsm:{mRegistered=NO mTimeStamp=462599724055997ns mCellConnectionStatus=0 CellIdentityGsm:{ mLac=0 mCid=4***1 mArfcn=713 mBsic=0x25 mMcc=null mMnc=null mAlphaLong= mAlphaShort= mAdditionalPlmns={}} CellSignalStrengthGsm: rssi=-51 ber=0 mTa=0 mLevel=4}, CellInfoGsm:{mRegistered=NO mTimeStamp=462599724055997ns mCellConnectionStatus=0 CellIdentityGsm:{ mLac=0 mCid=6***5 mArfcn=55 mBsic=0x1f mMcc=null mMnc=null mAlphaLong= mAlphaShort= mAdditionalPlmns={}} CellSignalStrengthGsm: rssi=-51 ber=0 mTa=0 mLevel=4}, CellInfoGsm:{mRegistered=NO mTimeStamp=462599724055997ns mCellConnectionStatus=0 CellIdentityGsm:{ mLac=0 mCid=6***5 mArfcn=47 mBsic=0x7fffffff mMcc=null mMnc=null mAlphaLong= mAlphaShort= mAdditionalPlmns={}} CellSignalStrengthGsm: rssi=-51 ber=0 mTa=0 mLevel=4}, CellInfoGsm:{mRegistered=NO mTimeStamp=462599724055997ns mCellConnectionStatus=0 CellIdentityGsm:{ mLac=0 mCid=6***5 mArfcn=53 mBsic=0x7fffffff mMcc=null mMnc=null mAlphaLong= mAlphaShort= mAdditionalPlmns={}} CellSignalStrengthGsm: rssi=-51 ber=0 mTa=0 mLevel=4}, CellInfoGsm:{mRegistered=NO mTimeStamp=462599724055997ns mCellConnectionStatus=0 CellIdentityGsm:{ mLac=0 mCid=6***5 mArfcn=727 mBsic=0x7fffffff mMcc=null mMnc=null mAlphaLong= mAlphaShort= mAdditionalPlmns={}} CellSignalStrengthGsm: rssi=-51 ber=0 mTa=0 mLevel=4}, CellInfoGsm:{mRegistered=NO mTimeStamp=462599724055997ns mCellConnectionStatus=0 CellIdentityGsm:{ mLac=0 mCid=6***5 mArfcn=799 mBsic=0x7fffffff mMcc=null mMnc=null mAlphaLong= mAlphaShort= mAdditionalPlmns={}} CellSignalStrengthGsm: rssi=-51 ber=0 mTa=0 mLevel=4}, CellInfoGsm:{mRegistered=NO mTimeStamp=462599724055997ns mCellConnectionStatus=0 CellIdentityGsm:{ mLac=0 mCid=6***5 mArfcn=716 mBsic=0x7fffffff mMcc=null mMnc=null mAlphaLong= mAlphaShort= mAdditionalPlmns={}} CellSignalStrengthGsm: rssi=-51 ber=0 mTa=0 mLevel=4}, CellInfoGsm:{mRegistered=NO mTimeStamp=462599724055997ns mCellConnectionStatus=0 CellIdentityGsm:{ mLac=0 mCid=6***5 mArfcn=798 mBsic=0x7fffffff mMcc=null mMnc=null mAlphaLong= mAlphaShort= mAdditionalPlmns={}} CellSignalStrengthGsm: rssi=-51 ber=0 mTa=0 mLevel=4}, CellInfoGsm:{mRegistered=NO mTimeStamp=462599724055997ns mCellConnectionStatus=0 CellIdentityGsm:{ mLac=0 mCid=6***5 mArfcn=45 mBsic=0x7fffffff mMcc=null mMnc=null mAlphaLong= mAlphaShort= mAdditionalPlmns={}} CellSignalStrengthGsm: rssi=-51 ber=0 mTa=0 mLevel=4}, CellInfoGsm:{mRegistered=NO mTimeStamp=462599724055997ns mCellConnectionStatus=0 CellIdentityGsm:{ mLac=0 mCid=6***5 mArfcn=712 mBsic=0x7fffffff mMcc=null mMnc=null mAlphaLong= mAlphaShort= mAdditionalPlmns={}} CellSignalStrengthGsm: rssi=-51 ber=0 mTa=0 mLevel=4}, CellInfoGsm:{mRegistered=NO mTimeStamp=46259972405599
11-03 00:39:56.700  4891  4891 D LocaleTracker-0: updateLocale: countryIso = vn, countryIsoDebugInfo = OperatorNumeric(45204): MccTable.countryCodeForMcc("452")
11-03 00:39:56.700  4891  4891 D LocaleTracker-0: updateLocale: timeZoneCountryIso = vn, timeZoneCountryIsoDebugInfo = OperatorNumeric: MccTable.geoCountryCodeForMccMnc(MccMnc{mcc='452', mnc='04'})
11-03 00:39:56.701  4891  4891 D NewNitzStateMachineImpl-0: handleCountryDetected: countryIsoCode=vn, mLatestNitzSignal=null
11-03 00:39:57.575  4891  4891 D DDS-TelephonyNetworkFactory[1]: got request NetworkRequest [ TRACK_DEFAULT id=1089, [ Capabilities: INTERNET&NOT_RESTRICTED&TRUSTED Uid: 10094 AdministratorUids: [] RequestorUid: 10094 RequestorPackageName: com.google.android.gms] ] with score 60 and providerId 5
11-03 00:39:57.575  4891  4891 D DDS-TelephonyNetworkFactory[0]: got request NetworkRequest [ TRACK_DEFAULT id=1089, [ Capabilities: INTERNET&NOT_RESTRICTED&TRUSTED Uid: 10094 AdministratorUids: [] RequestorUid: 10094 RequestorPackageName: com.google.android.gms] ] with score 60 and providerId 5
11-03 00:39:57.576  4891  4891 D DDS-SemPhoneSwitcher: handleMessage msg={ when=0 what=103 obj=NetworkRequest [ TRACK_DEFAULT id=1089, [ Capabilities: INTERNET&NOT_RESTRICTED&TRUSTED Uid: 10094 AdministratorUids: [] RequestorUid: 10094 RequestorPackageName: com.google.android.gms] ] target=com.android.internal.telephony.SemPhoneSwitcher }
11-03 00:39:57.581  4891  4891 E ApnConfigTypeRepository: Invalid apn type name, entry: ent2:2
11-03 00:39:57.581  4891  4891 E ApnConfigTypeRepository: Invalid apn type name, entry: ent2:2
11-03 00:39:57.581  4891  4891 D DcRequest: Cellular request confirmed: NetworkRequest [ TRACK_DEFAULT id=1089, [ Capabilities: INTERNET&NOT_RESTRICTED&TRUSTED Uid: 10094 AdministratorUids: [] RequestorUid: 10094 RequestorPackageName: com.google.android.gms] ]
11-03 00:39:57.582  4891  4891 D SubscriptionController: [getSubId]- numSubIds == 0, return null slotIndex=1
11-03 00:39:57.582  4891  4891 D DDS-SemPhoneSwitcher: getRequestOverride : requestPhoneId = -1, mPreferredDataPhoneId = 0, mPrimaryDataSubId = 1
11-03 00:39:57.582  4891  4891 D DDS-SemPhoneSwitcher: getRequestOverride : RequestOverride(mState = NONE, mPhoneId = -1, mDelayReason = NONE)
11-03 00:39:57.582  4891  4891 D SubscriptionController: [getSubId]- numSubIds == 0, return null slotIndex=-1
11-03 00:39:57.582  4891  4891 D DDS-SemPhoneSwitcher: updatePreferredDataPhoneId: mPreferredDataPhoneId = 0(PRIMARYDATA)
11-03 00:39:57.585  4891  4891 D DDS-SemPhoneSwitcher: Added DcRequest, size: 30
11-03 00:39:57.912  4891  4891 D RILJ    : [2447]> RIL_REQUEST_GET_ACTIVITY_INFO [PHONE0]
11-03 00:39:57.919  4891  5122 D RILJ    : [2447]< RIL_REQUEST_GET_ACTIVITY_INFO ModemActivityInfo{ mTimestamp=462600954 mSleepTimeMs=1093 mIdleTimeMs=257 mTransmitPowerInfo[]=[TransmitPower{ mTimeInMillis=0 mPowerRangeInDbm={-2147483648,0}}, TransmitPower{ mTimeInMillis=0 mPowerRangeInDbm={0,5}}, TransmitPower{ mTimeInMillis=0 mPowerRangeInDbm={5,15}}, TransmitPower{ mTimeInMillis=0 mPowerRangeInDbm={15,20}}, TransmitPower{ mTimeInMillis=0 mPowerRangeInDbm={20,2147483647}}] mRxTimeMs=68} [PHONE0]
11-03 00:39:59.810  4891  6214 D SubscriptionController: getSimStateForSlotIndex:  simState=LOADED ordinal=10 slotIndex=0
11-03 00:39:59.841  4891  6214 D SubscriptionController: [getActiveSubscriptionInfoForSimSlotIndex]+ slotIndex= XXX subId= XXX
11-03 00:39:59.874  4891  6214 D SubscriptionController: [getActiveSubscriptionInfoForSimSlotIndex]+ slotIndex= XXX subId= XXX
11-03 00:40:00.705  4891  4891 D DDS-TelephonyNetworkFactory[1]: got request NetworkRequest [ TRACK_DEFAULT id=1092, [ Capabilities: INTERNET&NOT_RESTRICTED&TRUSTED Uid: 10151 AdministratorUids: [] RequestorUid: 10151 RequestorPackageName: com.microsoft.appmanager] ] with score 60 and providerId 5
11-03 00:40:00.705  4891  4891 D DDS-TelephonyNetworkFactory[0]: got request NetworkRequest [ TRACK_DEFAULT id=1092, [ Capabilities: INTERNET&NOT_RESTRICTED&TRUSTED Uid: 10151 AdministratorUids: [] RequestorUid: 10151 RequestorPackageName: com.microsoft.appmanager] ] with score 60 and providerId 5
11-03 00:40:00.709  4891  4891 D DDS-SemPhoneSwitcher: handleMessage msg={ when=0 what=103 obj=NetworkRequest [ TRACK_DEFAULT id=1092, [ Capabilities: INTERNET&NOT_RESTRICTED&TRUSTED Uid: 10151 AdministratorUids: [] RequestorUid: 10151 RequestorPackageName: com.microsoft.appmanager] ] target=com.android.internal.telephony.SemPhoneSwitcher }
11-03 00:40:00.718  4891  4891 E ApnConfigTypeRepository: Invalid apn type name, entry: ent2:2
11-03 00:40:00.718  4891  4891 E ApnConfigTypeRepository: Invalid apn type name, entry: ent2:2
11-03 00:40:00.718  4891  4891 D DcRequest: Cellular request confirmed: NetworkRequest [ TRACK_DEFAULT id=1092, [ Capabilities: INTERNET&NOT_RESTRICTED&TRUSTED Uid: 10151 AdministratorUids: [] RequestorUid: 10151 RequestorPackageName: com.microsoft.appmanager] ]
11-03 00:40:00.718  4891  4891 D SubscriptionController: [getSubId]- numSubIds == 0, return null slotIndex=1
11-03 00:40:00.718  4891  4891 D DDS-SemPhoneSwitcher: getRequestOverride : requestPhoneId = -1, mPreferredDataPhoneId = 0, mPrimaryDataSubId = 1
11-03 00:40:00.719  4891  4891 D DDS-SemPhoneSwitcher: getRequestOverride : RequestOverride(mState = NONE, mPhoneId = -1, mDelayReason = NONE)
11-03 00:40:00.719  4891  4891 D SubscriptionController: [getSubId]- numSubIds == 0, return null slotIndex=-1
11-03 00:40:00.719  4891  4891 D DDS-SemPhoneSwitcher: updatePreferredDataPhoneId: mPreferredDataPhoneId = 0(PRIMARYDATA)
11-03 00:40:00.722  4891  4891 D DDS-SemPhoneSwitcher: Added DcRequest, size: 31
11-03 00:40:01.829  4891  4891 D DDS-TelephonyNetworkFactory[0]: got request NetworkRequest [ TRACK_DEFAULT id=1093, [ Capabilities: INTERNET&NOT_RESTRICTED&TRUSTED Uid: 5023 AdministratorUids: [] RequestorUid: 5023 RequestorPackageName: com.samsung.android.networkdiagnostic] ] with score 60 and providerId 5
11-03 00:40:01.830  4891  4891 D DDS-SemPhoneSwitcher: handleMessage msg={ when=0 what=103 obj=NetworkRequest [ TRACK_DEFAULT id=1093, [ Capabilities: INTERNET&NOT_RESTRICTED&TRUSTED Uid: 5023 AdministratorUids: [] RequestorUid: 5023 RequestorPackageName: com.samsung.android.networkdiagnostic] ] target=com.android.internal.telephony.SemPhoneSwitcher }
11-03 00:40:01.838  4891  4891 E ApnConfigTypeRepository: Invalid apn type name, entry: ent2:2
11-03 00:40:01.838  4891  4891 E ApnConfigTypeRepository: Invalid apn type name, entry: ent2:2
11-03 00:40:01.838  4891  4891 D DcRequest: Cellular request confirmed: NetworkRequest [ TRACK_DEFAULT id=1093, [ Capabilities: INTERNET&NOT_RESTRICTED&TRUSTED Uid: 5023 AdministratorUids: [] RequestorUid: 5023 RequestorPackageName: com.samsung.android.networkdiagnostic] ]
