11-03 00:40:30.036  4891  4891 E ApnConfigTypeRepository: Invalid apn type name, entry: ent2:2
11-03 00:40:30.037  4891  4891 D DcRequest: Cellular request confirmed: NetworkRequest [ TRACK_DEFAULT id=1122, [ Capabilities: INTERNET&NOT_RESTRICTED&TRUSTED Uid: 5023 AdministratorUids: [] RequestorUid: 5023 RequestorPackageName: com.samsung.android.networkdiagnostic] ]
11-03 00:40:30.037  4891  4891 D SubscriptionController: [getSubId]- numSubIds == 0, return null slotIndex=1
11-03 00:40:30.037  4891  4891 D DDS-SemPhoneSwitcher: getRequestOverride : requestPhoneId = -1, mPreferredDataPhoneId = 0, mPrimaryDataSubId = 1
11-03 00:40:30.037  4891  4891 D DDS-SemPhoneSwitcher: getRequestOverride : RequestOverride(mState = NONE, mPhoneId = -1, mDelayReason = NONE)
11-03 00:40:30.038  4891  4891 D SubscriptionController: [getSubId]- numSubIds == 0, return null slotIndex=-1
11-03 00:40:30.038  4891  4891 D DDS-SemPhoneSwitcher: updatePreferredDataPhoneId: mPreferredDataPhoneId = 0(PRIMARYDATA)
11-03 00:40:30.041  4891  4891 D DDS-SemPhoneSwitcher: Added DcRequest, size: 27
11-03 00:40:30.046  4891  4891 D DDS-SemPhoneSwitcher: handleMessage msg={ when=0 what=104 obj=NetworkRequest [ TRACK_DEFAULT id=1122, [ Capabilities: INTERNET&NOT_RESTRICTED&TRUSTED Uid: 5023 AdministratorUids: [] RequestorUid: 5023 RequestorPackageName: com.samsung.android.networkdiagnostic] ] target=com.android.internal.telephony.SemPhoneSwitcher }
11-03 00:40:30.052  4891  4891 E ApnConfigTypeRepository: Invalid apn type name, entry: ent2:2
11-03 00:40:30.053  4891  4891 E ApnConfigTypeRepository: Invalid apn type name, entry: ent2:2
11-03 00:40:30.053  4891  4891 D DcRequest: Cellular request confirmed: NetworkRequest [ TRACK_DEFAULT id=1122, [ Capabilities: INTERNET&NOT_RESTRICTED&TRUSTED Uid: 5023 AdministratorUids: [] RequestorUid: 5023 RequestorPackageName: com.samsung.android.networkdiagnostic] ]
11-03 00:40:30.053  4891  4891 D SubscriptionController: [getSubId]- numSubIds == 0, return null slotIndex=1
11-03 00:40:30.053  4891  4891 D DDS-SemPhoneSwitcher: getRequestOverride : requestPhoneId = -1, mPreferredDataPhoneId = 0, mPrimaryDataSubId = 1
11-03 00:40:30.054  4891  4891 D DDS-SemPhoneSwitcher: getRequestOverride : RequestOverride(mState = NONE, mPhoneId = -1, mDelayReason = NONE)
11-03 00:40:30.054  4891  4891 D SubscriptionController: [getSubId]- numSubIds == 0, return null slotIndex=-1
11-03 00:40:30.054  4891  4891 D DDS-SemPhoneSwitcher: updatePreferredDataPhoneId: mPreferredDataPhoneId = 0(PRIMARYDATA)
11-03 00:40:30.057  4891  4891 D DDS-SemPhoneSwitcher: Removed DcRequest, size: 26
11-03 00:40:30.079  4891  4891 D DDS-TelephonyNetworkFactory[1]: got request NetworkRequest [ TRACK_DEFAULT id=1123, [ Capabilities: INTERNET&NOT_RESTRICTED&TRUSTED Uid: 5023 AdministratorUids: [] RequestorUid: 5023 RequestorPackageName: com.samsung.android.networkdiagnostic] ] with score 60 and providerId 5
11-03 00:40:30.079  4891  4891 D DDS-TelephonyNetworkFactory[0]: got request NetworkRequest [ TRACK_DEFAULT id=1123, [ Capabilities: INTERNET&NOT_RESTRICTED&TRUSTED Uid: 5023 AdministratorUids: [] RequestorUid: 5023 RequestorPackageName: com.samsung.android.networkdiagnostic] ] with score 60 and providerId 5
11-03 00:40:30.080  4891  4891 D DDS-SemPhoneSwitcher: handleMessage msg={ when=0 what=103 obj=NetworkRequest [ TRACK_DEFAULT id=1123, [ Capabilities: INTERNET&NOT_RESTRICTED&TRUSTED Uid: 5023 AdministratorUids: [] RequestorUid: 5023 RequestorPackageName: com.samsung.android.networkdiagnostic] ] target=com.android.internal.telephony.SemPhoneSwitcher }
11-03 00:40:30.087  4891  4891 E ApnConfigTypeRepository: Invalid apn type name, entry: ent2:2
11-03 00:40:30.087  4891  4891 E ApnConfigTypeRepository: Invalid apn type name, entry: ent2:2
11-03 00:40:30.087  4891  4891 D DcRequest: Cellular request confirmed: NetworkRequest [ TRACK_DEFAULT id=1123, [ Capabilities: INTERNET&NOT_RESTRICTED&TRUSTED Uid: 5023 AdministratorUids: [] RequestorUid: 5023 RequestorPackageName: com.samsung.android.networkdiagnostic] ]
11-03 00:40:30.088  4891  4891 D SubscriptionController: [getSubId]- numSubIds == 0, return null slotIndex=1
11-03 00:40:30.088  4891  4891 D DDS-SemPhoneSwitcher: getRequestOverride : requestPhoneId = -1, mPreferredDataPhoneId = 0, mPrimaryDataSubId = 1
11-03 00:40:30.088  4891  4891 D DDS-SemPhoneSwitcher: getRequestOverride : RequestOverride(mState = NONE, mPhoneId = -1, mDelayReason = NONE)
11-03 00:40:30.089  4891  4891 D SubscriptionController: [getSubId]- numSubIds == 0, return null slotIndex=-1
11-03 00:40:30.089  4891  4891 D DDS-SemPhoneSwitcher: updatePreferredDataPhoneId: mPreferredDataPhoneId = 0(PRIMARYDATA)
11-03 00:40:30.091  4891  4891 D DDS-SemPhoneSwitcher: Added DcRequest, size: 27
11-03 00:40:30.107  4891  4891 D DDS-SemPhoneSwitcher: handleMessage msg={ when=0 what=104 obj=NetworkRequest [ TRACK_DEFAULT id=1123, [ Capabilities: INTERNET&NOT_RESTRICTED&TRUSTED Uid: 5023 AdministratorUids: [] RequestorUid: 5023 RequestorPackageName: com.samsung.android.networkdiagnostic] ] target=com.android.internal.telephony.SemPhoneSwitcher }
11-03 00:40:30.113  4891  4891 E ApnConfigTypeRepository: Invalid apn type name, entry: ent2:2
11-03 00:40:30.114  4891  4891 E ApnConfigTypeRepository: Invalid apn type name, entry: ent2:2
11-03 00:40:30.114  4891  4891 D DcRequest: Cellular request confirmed: NetworkRequest [ TRACK_DEFAULT id=1123, [ Capabilities: INTERNET&NOT_RESTRICTED&TRUSTED Uid: 5023 AdministratorUids: [] RequestorUid: 5023 RequestorPackageName: com.samsung.android.networkdiagnostic] ]
11-03 00:40:30.114  4891  4891 D SubscriptionController: [getSubId]- numSubIds == 0, return null slotIndex=1
11-03 00:40:30.114  4891  4891 D DDS-SemPhoneSwitcher: getRequestOverride : requestPhoneId = -1, mPreferredDataPhoneId = 0, mPrimaryDataSubId = 1
11-03 00:40:30.114  4891  4891 D DDS-SemPhoneSwitcher: getRequestOverride : RequestOverride(mState = NONE, mPhoneId = -1, mDelayReason = NONE)
11-03 00:40:30.115  4891  4891 D SubscriptionController: [getSubId]- numSubIds == 0, return null slotIndex=-1
11-03 00:40:30.115  4891  4891 D DDS-SemPhoneSwitcher: updatePreferredDataPhoneId: mPreferredDataPhoneId = 0(PRIMARYDATA)
11-03 00:40:30.116  4891  4891 D DDS-SemPhoneSwitcher: Removed DcRequest, size: 26
11-03 00:40:30.143  4891  4891 D DDS-TelephonyNetworkFactory[0]: got request NetworkRequest [ TRACK_DEFAULT id=1124, [ Capabilities: INTERNET&NOT_RESTRICTED&TRUSTED Uid: 5023 AdministratorUids: [] RequestorUid: 5023 RequestorPackageName: com.samsung.android.networkdiagnostic] ] with score 60 and providerId 5
11-03 00:40:30.143  4891  4891 D DDS-TelephonyNetworkFactory[1]: got request NetworkRequest [ TRACK_DEFAULT id=1124, [ Capabilities: INTERNET&NOT_RESTRICTED&TRUSTED Uid: 5023 AdministratorUids: [] RequestorUid: 5023 RequestorPackageName: com.samsung.android.networkdiagnostic] ] with score 60 and providerId 5
11-03 00:40:30.143  4891  4891 D DDS-SemPhoneSwitcher: handleMessage msg={ when=0 what=103 obj=NetworkRequest [ TRACK_DEFAULT id=1124, [ Capabilities: INTERNET&NOT_RESTRICTED&TRUSTED Uid: 5023 AdministratorUids: [] RequestorUid: 5023 RequestorPackageName: com.samsung.android.networkdiagnostic] ] target=com.android.internal.telephony.SemPhoneSwitcher }
11-03 00:40:30.155  4891  4891 E ApnConfigTypeRepository: Invalid apn type name, entry: ent2:2
11-03 00:40:30.156  4891  4891 E ApnConfigTypeRepository: Invalid apn type name, entry: ent2:2
11-03 00:40:30.156  4891  4891 D DcRequest: Cellular request confirmed: NetworkRequest [ TRACK_DEFAULT id=1124, [ Capabilities: INTERNET&NOT_RESTRICTED&TRUSTED Uid: 5023 AdministratorUids: [] RequestorUid: 5023 RequestorPackageName: com.samsung.android.networkdiagnostic] ]
11-03 00:40:30.156  4891  4891 D SubscriptionController: [getSubId]- numSubIds == 0, return null slotIndex=1
11-03 00:40:30.156  4891  4891 D DDS-SemPhoneSwitcher: getRequestOverride : requestPhoneId = -1, mPreferredDataPhoneId = 0, mPrimaryDataSubId = 1
11-03 00:40:30.156  4891  4891 D DDS-SemPhoneSwitcher: getRequestOverride : RequestOverride(mState = NONE, mPhoneId = -1, mDelayReason = NONE)
11-03 00:40:30.157  4891  4891 D SubscriptionController: [getSubId]- numSubIds == 0, return null slotIndex=-1
11-03 00:40:30.157  4891  4891 D DDS-SemPhoneSwitcher: updatePreferredDataPhoneId: mPreferredDataPhoneId = 0(PRIMARYDATA)
11-03 00:40:30.159  4891  4891 D DDS-SemPhoneSwitcher: Added DcRequest, size: 27
11-03 00:40:30.180  4891  4891 D DDS-SemPhoneSwitcher: handleMessage msg={ when=0 what=104 obj=NetworkRequest [ TRACK_DEFAULT id=1124, [ Capabilities: INTERNET&NOT_RESTRICTED&TRUSTED Uid: 5023 AdministratorUids: [] RequestorUid: 5023 RequestorPackageName: com.samsung.android.networkdiagnostic] ] target=com.android.internal.telephony.SemPhoneSwitcher }
11-03 00:40:30.185  4891  4891 E ApnConfigTypeRepository: Invalid apn type name, entry: ent2:2
11-03 00:40:30.185  4891  4891 E ApnConfigTypeRepository: Invalid apn type name, entry: ent2:2
11-03 00:40:30.185  4891  4891 D DcRequest: Cellular request confirmed: NetworkRequest [ TRACK_DEFAULT id=1124, [ Capabilities: INTERNET&NOT_RESTRICTED&TRUSTED Uid: 5023 AdministratorUids: [] RequestorUid: 5023 RequestorPackageName: com.samsung.android.networkdiagnostic] ]
11-03 00:40:30.186  4891  4891 D SubscriptionController: [getSubId]- numSubIds == 0, return null slotIndex=1
11-03 00:40:30.186  4891  4891 D DDS-SemPhoneSwitcher: getRequestOverride : requestPhoneId = -1, mPreferredDataPhoneId = 0, mPrimaryDataSubId = 1
11-03 00:40:30.186  4891  4891 D DDS-SemPhoneSwitcher: getRequestOverride : RequestOverride(mState = NONE, mPhoneId = -1, mDelayReason = NONE)
11-03 00:40:30.186  4891  4891 D SubscriptionController: [getSubId]- numSubIds == 0, return null slotIndex=-1
11-03 00:40:30.186  4891  4891 D DDS-SemPhoneSwitcher: updatePreferredDataPhoneId: mPreferredDataPhoneId = 0(PRIMARYDATA)
11-03 00:40:30.188  4891  4891 D DDS-SemPhoneSwitcher: Removed DcRequest, size: 26
11-03 00:40:30.213  4891  4891 D DDS-TelephonyNetworkFactory[1]: got request NetworkRequest [ TRACK_DEFAULT id=1125, [ Capabilities: INTERNET&NOT_RESTRICTED&TRUSTED Uid: 5023 AdministratorUids: [] RequestorUid: 5023 RequestorPackageName: com.samsung.android.networkdiagnostic] ] with score 60 and providerId 5
11-03 00:40:30.213  4891  4891 D DDS-TelephonyNetworkFactory[0]: got request NetworkRequest [ TRACK_DEFAULT id=1125, [ Capabilities: INTERNET&NOT_RESTRICTED&TRUSTED Uid: 5023 AdministratorUids: [] RequestorUid: 5023 RequestorPackageName: com.samsung.android.networkdiagnostic] ] with score 60 and providerId 5
11-03 00:40:30.214  4891  4891 D DDS-SemPhoneSwitcher: handleMessage msg={ when=0 what=103 obj=NetworkRequest [ TRACK_DEFAULT id=1125, [ Capabilities: INTERNET&NOT_RESTRICTED&TRUSTED Uid: 5023 AdministratorUids: [] RequestorUid: 5023 RequestorPackageName: com.samsung.android.networkdiagnostic] ] target=com.android.internal.telephony.SemPhoneSwitcher }
11-03 00:40:30.220  4891  4891 E ApnConfigTypeRepository: Invalid apn type name, entry: ent2:2
11-03 00:40:30.220  4891  4891 E ApnConfigTypeRepository: Invalid apn type name, entry: ent2:2
11-03 00:40:30.220  4891  4891 D DcRequest: Cellular request confirmed: NetworkRequest [ TRACK_DEFAULT id=1125, [ Capabilities: INTERNET&NOT_RESTRICTED&TRUSTED Uid: 5023 AdministratorUids: [] RequestorUid: 5023 RequestorPackageName: com.samsung.android.networkdiagnostic] ]
11-03 00:40:30.220  4891  4891 D SubscriptionController: [getSubId]- numSubIds == 0, return null slotIndex=1
11-03 00:40:30.221  4891  4891 D DDS-SemPhoneSwitcher: getRequestOverride : requestPhoneId = -1, mPreferredDataPhoneId = 0, mPrimaryDataSubId = 1
11-03 00:40:30.221  4891  4891 D DDS-SemPhoneSwitcher: getRequestOverride : RequestOverride(mState = NONE, mPhoneId = -1, mDelayReason = NONE)
11-03 00:40:30.221  4891  4891 D SubscriptionController: [getSubId]- numSubIds == 0, return null slotIndex=-1
11-03 00:40:30.222  4891  4891 D DDS-SemPhoneSwitcher: updatePreferredDataPhoneId: mPreferredDataPhoneId = 0(PRIMARYDATA)
11-03 00:40:30.224  4891  4891 D DDS-SemPhoneSwitcher: Added DcRequest, size: 27
11-03 00:40:30.234  4891  4891 D DDS-SemPhoneSwitcher: handleMessage msg={ when=0 what=104 obj=NetworkRequest [ TRACK_DEFAULT id=1125, [ Capabilities: INTERNET&NOT_RESTRICTED&TRUSTED Uid: 5023 AdministratorUids: [] RequestorUid: 5023 RequestorPackageName: com.samsung.android.networkdiagnostic] ] target=com.android.internal.telephony.SemPhoneSwitcher }
11-03 00:40:30.239  4891  4891 E ApnConfigTypeRepository: Invalid apn type name, entry: ent2:2
11-03 00:40:30.239  4891  4891 E ApnConfigTypeRepository: Invalid apn type name, entry: ent2:2
11-03 00:40:30.239  4891  4891 D DcRequest: Cellular request confirmed: NetworkRequest [ TRACK_DEFAULT id=1125, [ Capabilities: INTERNET&NOT_RESTRICTED&TRUSTED Uid: 5023 AdministratorUids: [] RequestorUid: 5023 RequestorPackageName: com.samsung.android.networkdiagnostic] ]
11-03 00:40:30.240  4891  4891 D SubscriptionController: [getSubId]- numSubIds == 0, return null slotIndex=1
11-03 00:40:30.240  4891  4891 D DDS-SemPhoneSwitcher: getRequestOverride : requestPhoneId = -1, mPreferredDataPhoneId = 0, mPrimaryDataSubId = 1
11-03 00:40:30.240  4891  4891 D DDS-SemPhoneSwitcher: getRequestOverride : RequestOverride(mState = NONE, mPhoneId = -1, mDelayReason = NONE)
11-03 00:40:30.240  4891  4891 D SubscriptionController: [getSubId]- numSubIds == 0, return null slotIndex=-1
11-03 00:40:30.241  4891  4891 D DDS-SemPhoneSwitcher: updatePreferredDataPhoneId: mPreferredDataPhoneId = 0(PRIMARYDATA)
11-03 00:40:30.243  4891  4891 D DDS-SemPhoneSwitcher: Removed DcRequest, size: 26
11-03 00:40:30.270  4891  4891 D DDS-TelephonyNetworkFactory[1]: got request NetworkRequest [ TRACK_DEFAULT id=1126, [ Capabilities: INTERNET&NOT_RESTRICTED&TRUSTED Uid: 5023 AdministratorUids: [] RequestorUid: 5023 RequestorPackageName: com.samsung.android.networkdiagnostic] ] with score 60 and providerId 5
11-03 00:40:30.270  4891  4891 D DDS-TelephonyNetworkFactory[0]: got request NetworkRequest [ TRACK_DEFAULT id=1126, [ Capabilities: INTERNET&NOT_RESTRICTED&TRUSTED Uid: 5023 AdministratorUids: [] RequestorUid: 5023 RequestorPackageName: com.samsung.android.networkdiagnostic] ] with score 60 and providerId 5
11-03 00:40:30.270  4891  4891 D DDS-SemPhoneSwitcher: handleMessage msg={ when=0 what=103 obj=NetworkRequest [ TRACK_DEFAULT id=1126, [ Capabilities: INTERNET&NOT_RESTRICTED&TRUSTED Uid: 5023 AdministratorUids: [] RequestorUid: 5023 RequestorPackageName: com.samsung.android.networkdiagnostic] ] target=com.android.internal.telephony.SemPhoneSwitcher }
11-03 00:40:30.276  4891  4891 E ApnConfigTypeRepository: Invalid apn type name, entry: ent2:2
11-03 00:40:30.277  4891  4891 E ApnConfigTypeRepository: Invalid apn type name, entry: ent2:2
11-03 00:40:30.277  4891  4891 D DcRequest: Cellular request confirmed: NetworkRequest [ TRACK_DEFAULT id=1126, [ Capabilities: INTERNET&NOT_RESTRICTED&TRUSTED Uid: 5023 AdministratorUids: [] RequestorUid: 5023 RequestorPackageName: com.samsung.android.networkdiagnostic] ]
11-03 00:40:30.277  4891  4891 D SubscriptionController: [getSubId]- numSubIds == 0, return null slotIndex=1
11-03 00:40:30.277  4891  4891 D DDS-SemPhoneSwitcher: getRequestOverride : requestPhoneId = -1, mPreferredDataPhoneId = 0, mPrimaryDataSubId = 1
11-03 00:40:30.278  4891  4891 D DDS-SemPhoneSwitcher: getRequestOverride : RequestOverride(mState = NONE, mPhoneId = -1, mDelayReason = NONE)
11-03 00:40:30.278  4891  4891 D SubscriptionController: [getSubId]- numSubIds == 0, return null slotIndex=-1
11-03 00:40:30.278  4891  4891 D DDS-SemPhoneSwitcher: updatePreferredDataPhoneId: mPreferredDataPhoneId = 0(PRIMARYDATA)
11-03 00:40:30.281  4891  4891 D DDS-SemPhoneSwitcher: Added DcRequest, size: 27
11-03 00:40:30.286  4891  4891 D DDS-SemPhoneSwitcher: handleMessage msg={ when=0 what=104 obj=NetworkRequest [ TRACK_DEFAULT id=1126, [ Capabilities: INTERNET&NOT_RESTRICTED&TRUSTED Uid: 5023 AdministratorUids: [] RequestorUid: 5023 RequestorPackageName: com.samsung.android.networkdiagnostic] ] target=com.android.internal.telephony.SemPhoneSwitcher }
11-03 00:40:30.293  4891  4891 E ApnConfigTypeRepository: Invalid apn type name, entry: ent2:2
11-03 00:40:30.293  4891  4891 E ApnConfigTypeRepository: Invalid apn type name, entry: ent2:2
11-03 00:40:30.293  4891  4891 D DcRequest: Cellular request confirmed: NetworkRequest [ TRACK_DEFAULT id=1126, [ Capabilities: INTERNET&NOT_RESTRICTED&TRUSTED Uid: 5023 AdministratorUids: [] RequestorUid: 5023 RequestorPackageName: com.samsung.android.networkdiagnostic] ]
11-03 00:40:30.294  4891  4891 D SubscriptionController: [getSubId]- numSubIds == 0, return null slotIndex=1
11-03 00:40:30.294  4891  4891 D DDS-SemPhoneSwitcher: getRequestOverride : requestPhoneId = -1, mPreferredDataPhoneId = 0, mPrimaryDataSubId = 1
11-03 00:40:30.294  4891  4891 D DDS-SemPhoneSwitcher: getRequestOverride : RequestOverride(mState = NONE, mPhoneId = -1, mDelayReason = NONE)
11-03 00:40:30.295  4891  4891 D SubscriptionController: [getSubId]- numSubIds == 0, return null slotIndex=-1
11-03 00:40:30.295  4891  4891 D DDS-SemPhoneSwitcher: updatePreferredDataPhoneId: mPreferredDataPhoneId = 0(PRIMARYDATA)
11-03 00:40:30.296  4891  4891 D DDS-SemPhoneSwitcher: Removed DcRequest, size: 26
11-03 00:40:30.317  4891  4891 D DDS-TelephonyNetworkFactory[1]: got request NetworkRequest [ TRACK_DEFAULT id=1127, [ Capabilities: INTERNET&NOT_RESTRICTED&TRUSTED Uid: 5023 AdministratorUids: [] RequestorUid: 5023 RequestorPackageName: com.samsung.android.networkdiagnostic] ] with score 60 and providerId 5
11-03 00:40:30.318  4891  4891 D DDS-TelephonyNetworkFactory[0]: got request NetworkRequest [ TRACK_DEFAULT id=1127, [ Capabilities: INTERNET&NOT_RESTRICTED&TRUSTED Uid: 5023 AdministratorUids: [] RequestorUid: 5023 RequestorPackageName: com.samsung.android.networkdiagnostic] ] with score 60 and providerId 5
11-03 00:40:30.318  4891  4891 D DDS-SemPhoneSwitcher: handleMessage msg={ when=0 what=103 obj=NetworkRequest [ TRACK_DEFAULT id=1127, [ Capabilities: INTERNET&NOT_RESTRICTED&TRUSTED Uid: 5023 AdministratorUids: [] RequestorUid: 5023 RequestorPackageName: com.samsung.android.networkdiagnostic] ] target=com.android.internal.telephony.SemPhoneSwitcher }
11-03 00:40:30.327  4891  4891 E ApnConfigTypeRepository: Invalid apn type name, entry: ent2:2
11-03 00:40:30.327  4891  4891 E ApnConfigTypeRepository: Invalid apn type name, entry: ent2:2
11-03 00:40:30.327  4891  4891 D DcRequest: Cellular request confirmed: NetworkRequest [ TRACK_DEFAULT id=1127, [ Capabilities: INTERNET&NOT_RESTRICTED&TRUSTED Uid: 5023 AdministratorUids: [] RequestorUid: 5023 RequestorPackageName: com.samsung.android.networkdiagnostic] ]
11-03 00:40:30.327  4891  4891 D SubscriptionController: [getSubId]- numSubIds == 0, return null slotIndex=1
11-03 00:40:30.327  4891  4891 D DDS-SemPhoneSwitcher: getRequestOverride : requestPhoneId = -1, mPreferredDataPhoneId = 0, mPrimaryDataSubId = 1
11-03 00:40:30.328  4891  4891 D DDS-SemPhoneSwitcher: getRequestOverride : RequestOverride(mState = NONE, mPhoneId = -1, mDelayReason = NONE)
11-03 00:40:30.328  4891  4891 D SubscriptionController: [getSubId]- numSubIds == 0, return null slotIndex=-1
11-03 00:40:30.328  4891  4891 D DDS-SemPhoneSwitcher: updatePreferredDataPhoneId: mPreferredDataPhoneId = 0(PRIMARYDATA)
11-03 00:40:30.330  4891  4891 D DDS-SemPhoneSwitcher: Added DcRequest, size: 27
11-03 00:40:30.338  4891  4891 D DDS-SemPhoneSwitcher: handleMessage msg={ when=0 what=104 obj=NetworkRequest [ TRACK_DEFAULT id=1127, [ Capabilities: INTERNET&NOT_RESTRICTED&TRUSTED Uid: 5023 AdministratorUids: [] RequestorUid: 5023 RequestorPackageName: com.samsung.android.networkdiagnostic] ] target=com.android.internal.telephony.SemPhoneSwitcher }
11-03 00:40:30.344  4891  4891 E ApnConfigTypeRepository: Invalid apn type name, entry: ent2:2
11-03 00:40:30.344  4891  4891 E ApnConfigTypeRepository: Invalid apn type name, entry: ent2:2
11-03 00:40:30.344  4891  4891 D DcRequest: Cellular request confirmed: NetworkRequest [ TRACK_DEFAULT id=1127, [ Capabilities: INTERNET&NOT_RESTRICTED&TRUSTED Uid: 5023 AdministratorUids: [] RequestorUid: 5023 RequestorPackageName: com.samsung.android.networkdiagnostic] ]
11-03 00:40:30.345  4891  4891 D SubscriptionController: [getSubId]- numSubIds == 0, return null slotIndex=1
11-03 00:40:30.345  4891  4891 D DDS-SemPhoneSwitcher: getRequestOverride : requestPhoneId = -1, mPreferredDataPhoneId = 0, mPrimaryDataSubId = 1
11-03 00:40:30.345  4891  4891 D DDS-SemPhoneSwitcher: getRequestOverride : RequestOverride(mState = NONE, mPhoneId = -1, mDelayReason = NONE)
11-03 00:40:30.346  4891  4891 D SubscriptionController: [getSubId]- numSubIds == 0, return null slotIndex=-1
11-03 00:40:30.346  4891  4891 D DDS-SemPhoneSwitcher: updatePreferredDataPhoneId: mPreferredDataPhoneId = 0(PRIMARYDATA)
11-03 00:40:30.347  4891  4891 D DDS-SemPhoneSwitcher: Removed DcRequest, size: 26
11-03 00:40:30.371  4891  4891 D DDS-TelephonyNetworkFactory[1]: got request NetworkRequest [ TRACK_DEFAULT id=1128, [ Capabilities: INTERNET&NOT_RESTRICTED&TRUSTED Uid: 5023 AdministratorUids: [] RequestorUid: 5023 RequestorPackageName: com.samsung.android.networkdiagnostic] ] with score 60 and providerId 5
11-03 00:40:30.371  4891  4891 D DDS-TelephonyNetworkFactory[0]: got request NetworkRequest [ TRACK_DEFAULT id=1128, [ Capabilities: INTERNET&NOT_RESTRICTED&TRUSTED Uid: 5023 AdministratorUids: [] RequestorUid: 5023 RequestorPackageName: com.samsung.android.networkdiagnostic] ] with score 60 and providerId 5
11-03 00:40:30.371  4891  4891 D DDS-SemPhoneSwitcher: handleMessage msg={ when=0 what=103 obj=NetworkRequest [ TRACK_DEFAULT id=1128, [ Capabilities: INTERNET&NOT_RESTRICTED&TRUSTED Uid: 5023 AdministratorUids: [] RequestorUid: 5023 RequestorPackageName: com.samsung.android.networkdiagnostic] ] target=com.android.internal.telephony.SemPhoneSwitcher }
11-03 00:40:30.379  4891  4891 E ApnConfigTypeRepository: Invalid apn type name, entry: ent2:2
11-03 00:40:30.379  4891  4891 E ApnConfigTypeRepository: Invalid apn type name, entry: ent2:2
11-03 00:40:30.379  4891  4891 D DcRequest: Cellular request confirmed: NetworkRequest [ TRACK_DEFAULT id=1128, [ Capabilities: INTERNET&NOT_RESTRICTED&TRUSTED Uid: 5023 AdministratorUids: [] RequestorUid: 5023 RequestorPackageName: com.samsung.android.networkdiagnostic] ]
11-03 00:40:30.380  4891  4891 D SubscriptionController: [getSubId]- numSubIds == 0, return null slotIndex=1
11-03 00:40:30.380  4891  4891 D DDS-SemPhoneSwitcher: getRequestOverride : requestPhoneId = -1, mPreferredDataPhoneId = 0, mPrimaryDataSubId = 1
11-03 00:40:30.380  4891  4891 D DDS-SemPhoneSwitcher: getRequestOverride : RequestOverride(mState = NONE, mPhoneId = -1, mDelayReason = NONE)
11-03 00:40:30.381  4891  4891 D SubscriptionController: [getSubId]- numSubIds == 0, return null slotIndex=-1
11-03 00:40:30.381  4891  4891 D DDS-SemPhoneSwitcher: updatePreferredDataPhoneId: mPreferredDataPhoneId = 0(PRIMARYDATA)
11-03 00:40:30.382  4891  4891 D DDS-SemPhoneSwitcher: Added DcRequest, size: 27
11-03 00:40:30.391  4891  4891 D DDS-SemPhoneSwitcher: handleMessage msg={ when=0 what=104 obj=NetworkRequest [ TRACK_DEFAULT id=1128, [ Capabilities: INTERNET&NOT_RESTRICTED&TRUSTED Uid: 5023 AdministratorUids: [] RequestorUid: 5023 RequestorPackageName: com.samsung.android.networkdiagnostic] ] target=com.android.internal.telephony.SemPhoneSwitcher }
11-03 00:40:30.397  4891  4891 E ApnConfigTypeRepository: Invalid apn type name, entry: ent2:2
11-03 00:40:30.398  4891  4891 E ApnConfigTypeRepository: Invalid apn type name, entry: ent2:2
11-03 00:40:30.398  4891  4891 D DcRequest: Cellular request confirmed: NetworkRequest [ TRACK_DEFAULT id=1128, [ Capabilities: INTERNET&NOT_RESTRICTED&TRUSTED Uid: 5023 AdministratorUids: [] RequestorUid: 5023 RequestorPackageName: com.samsung.android.networkdiagnostic] ]
11-03 00:40:30.399  4891  4891 D SubscriptionController: [getSubId]- numSubIds == 0, return null slotIndex=1
11-03 00:40:30.399  4891  4891 D DDS-SemPhoneSwitcher: getRequestOverride : requestPhoneId = -1, mPreferredDataPhoneId = 0, mPrimaryDataSubId = 1
11-03 00:40:30.399  4891  4891 D DDS-SemPhoneSwitcher: getRequestOverride : RequestOverride(mState = NONE, mPhoneId = -1, mDelayReason = NONE)
11-03 00:40:30.399  4891  4891 D SubscriptionController: [getSubId]- numSubIds == 0, return null slotIndex=-1
11-03 00:40:30.400  4891  4891 D DDS-SemPhoneSwitcher: updatePreferredDataPhoneId: mPreferredDataPhoneId = 0(PRIMARYDATA)
11-03 00:40:30.402  4891  4891 D DDS-SemPhoneSwitcher: Removed DcRequest, size: 26
11-03 00:40:30.416  4891  4891 D DDS-TelephonyNetworkFactory[1]: got request NetworkRequest [ TRACK_DEFAULT id=1129, [ Capabilities: INTERNET&NOT_RESTRICTED&TRUSTED Uid: 5023 AdministratorUids: [] RequestorUid: 5023 RequestorPackageName: com.samsung.android.networkdiagnostic] ] with score 60 and providerId 5
11-03 00:40:30.417  4891  4891 D DDS-TelephonyNetworkFactory[0]: got request NetworkRequest [ TRACK_DEFAULT id=1129, [ Capabilities: INTERNET&NOT_RESTRICTED&TRUSTED Uid: 5023 AdministratorUids: [] RequestorUid: 5023 RequestorPackageName: com.samsung.android.networkdiagnostic] ] with score 60 and providerId 5
11-03 00:40:30.417  4891  4891 D DDS-SemPhoneSwitcher: handleMessage msg={ when=0 what=103 obj=NetworkRequest [ TRACK_DEFAULT id=1129, [ Capabilities: INTERNET&NOT_RESTRICTED&TRUSTED Uid: 5023 AdministratorUids: [] RequestorUid: 5023 RequestorPackageName: com.samsung.android.networkdiagnostic] ] target=com.android.internal.telephony.SemPhoneSwitcher }
11-03 00:40:30.423  4891  4891 E ApnConfigTypeRepository: Invalid apn type name, entry: ent2:2
11-03 00:40:30.423  4891  4891 E ApnConfigTypeRepository: Invalid apn type name, entry: ent2:2
11-03 00:40:30.424  4891  4891 D DcRequest: Cellular request confirmed: NetworkRequest [ TRACK_DEFAULT id=1129, [ Capabilities: INTERNET&NOT_RESTRICTED&TRUSTED Uid: 5023 AdministratorUids: [] RequestorUid: 5023 RequestorPackageName: com.samsung.android.networkdiagnostic] ]
11-03 00:40:30.424  4891  4891 D SubscriptionController: [getSubId]- numSubIds == 0, return null slotIndex=1
11-03 00:40:30.424  4891  4891 D DDS-SemPhoneSwitcher: getRequestOverride : requestPhoneId = -1, mPreferredDataPhoneId = 0, mPrimaryDataSubId = 1
11-03 00:40:30.424  4891  4891 D DDS-SemPhoneSwitcher: getRequestOverride : RequestOverride(mState = NONE, mPhoneId = -1, mDelayReason = NONE)
11-03 00:40:30.425  4891  4891 D SubscriptionController: [getSubId]- numSubIds == 0, return null slotIndex=-1
11-03 00:40:30.425  4891  4891 D DDS-SemPhoneSwitcher: updatePreferredDataPhoneId: mPreferredDataPhoneId = 0(PRIMARYDATA)
11-03 00:40:30.427  4891  4891 D DDS-SemPhoneSwitcher: Added DcRequest, size: 27
11-03 00:40:30.454  4891  4891 D DDS-SemPhoneSwitcher: handleMessage msg={ when=0 what=104 obj=NetworkRequest [ TRACK_DEFAULT id=1129, [ Capabilities: INTERNET&NOT_RESTRICTED&TRUSTED Uid: 5023 AdministratorUids: [] RequestorUid: 5023 RequestorPackageName: com.samsung.android.networkdiagnostic] ] target=com.android.internal.telephony.SemPhoneSwitcher }
11-03 00:40:30.459  4891  4891 E ApnConfigTypeRepository: Invalid apn type name, entry: ent2:2
11-03 00:40:30.460  4891  4891 E ApnConfigTypeRepository: Invalid apn type name, entry: ent2:2
11-03 00:40:30.460  4891  4891 D DcRequest: Cellular request confirmed: NetworkRequest [ TRACK_DEFAULT id=1129, [ Capabilities: INTERNET&NOT_RESTRICTED&TRUSTED Uid: 5023 AdministratorUids: [] RequestorUid: 5023 RequestorPackageName: com.samsung.android.networkdiagnostic] ]
11-03 00:40:30.460  4891  4891 D SubscriptionController: [getSubId]- numSubIds == 0, return null slotIndex=1
11-03 00:40:30.460  4891  4891 D DDS-SemPhoneSwitcher: getRequestOverride : requestPhoneId = -1, mPreferredDataPhoneId = 0, mPrimaryDataSubId = 1
11-03 00:40:30.461  4891  4891 D DDS-SemPhoneSwitcher: getRequestOverride : RequestOverride(mState = NONE, mPhoneId = -1, mDelayReason = NONE)
11-03 00:40:30.461  4891  4891 D SubscriptionController: [getSubId]- numSubIds == 0, return null slotIndex=-1
11-03 00:40:30.461  4891  4891 D DDS-SemPhoneSwitcher: updatePreferredDataPhoneId: mPreferredDataPhoneId = 0(PRIMARYDATA)
11-03 00:40:30.462  4891  4891 D DDS-SemPhoneSwitcher: Removed DcRequest, size: 26
11-03 00:41:19.046  4891  4891 D DDS-TelephonyNetworkFactory[1]: got request NetworkRequest [ TRACK_DEFAULT id=1130, [ Capabilities: INTERNET&NOT_RESTRICTED&TRUSTED Uid: 5023 AdministratorUids: [] RequestorUid: 5023 RequestorPackageName: com.samsung.android.networkdiagnostic] ] with score 60 and providerId 5
11-03 00:41:19.047  4891  4891 D DDS-TelephonyNetworkFactory[0]: got request NetworkRequest [ TRACK_DEFAULT id=1130, [ Capabilities: INTERNET&NOT_RESTRICTED&TRUSTED Uid: 5023 AdministratorUids: [] RequestorUid: 5023 RequestorPackageName: com.samsung.android.networkdiagnostic] ] with score 60 and providerId 5
11-03 00:41:19.049  4891  4891 D DDS-SemPhoneSwitcher: handleMessage msg={ when=0 what=103 obj=NetworkRequest [ TRACK_DEFAULT id=1130, [ Capabilities: INTERNET&NOT_RESTRICTED&TRUSTED Uid: 5023 AdministratorUids: [] RequestorUid: 5023 RequestorPackageName: com.samsung.android.networkdiagnostic] ] target=com.android.internal.telephony.SemPhoneSwitcher }
11-03 00:41:19.057  4891  4891 E ApnConfigTypeRepository: Invalid apn type name, entry: ent2:2
11-03 00:41:19.057  4891  4891 E ApnConfigTypeRepository: Invalid apn type name, entry: ent2:2
11-03 00:41:19.057  4891  4891 D DcRequest: Cellular request confirmed: NetworkRequest [ TRACK_DEFAULT id=1130, [ Capabilities: INTERNET&NOT_RESTRICTED&TRUSTED Uid: 5023 AdministratorUids: [] RequestorUid: 5023 RequestorPackageName: com.samsung.android.networkdiagnostic] ]
11-03 00:41:19.058  4891  4891 D SubscriptionController: [getSubId]- numSubIds == 0, return null slotIndex=1
11-03 00:41:19.058  4891  4891 D DDS-SemPhoneSwitcher: getRequestOverride : requestPhoneId = -1, mPreferredDataPhoneId = 0, mPrimaryDataSubId = 1
11-03 00:41:19.059  4891  4891 D DDS-SemPhoneSwitcher: getRequestOverride : RequestOverride(mState = NONE, mPhoneId = -1, mDelayReason = NONE)
11-03 00:41:19.060  4891  4891 D SubscriptionController: [getSubId]- numSubIds == 0, return null slotIndex=-1
11-03 00:41:19.060  4891  4891 D DDS-SemPhoneSwitcher: updatePreferredDataPhoneId: mPreferredDataPhoneId = 0(PRIMARYDATA)
11-03 00:41:19.063  4891  4891 D DDS-SemPhoneSwitcher: Added DcRequest, size: 27
11-03 00:41:19.080  4891  4891 D DDS-SemPhoneSwitcher: handleMessage msg={ when=0 what=104 obj=NetworkRequest [ TRACK_DEFAULT id=1130, [ Capabilities: INTERNET&NOT_RESTRICTED&TRUSTED Uid: 5023 AdministratorUids: [] RequestorUid: 5023 RequestorPackageName: com.samsung.android.networkdiagnostic] ] target=com.android.internal.telephony.SemPhoneSwitcher }
11-03 00:41:19.087  4891  4891 E ApnConfigTypeRepository: Invalid apn type name, entry: ent2:2
11-03 00:41:19.088  4891  4891 E ApnConfigTypeRepository: Invalid apn type name, entry: ent2:2
11-03 00:41:19.088  4891  4891 D DcRequest: Cellular request confirmed: NetworkRequest [ TRACK_DEFAULT id=1130, [ Capabilities: INTERNET&NOT_RESTRICTED&TRUSTED Uid: 5023 AdministratorUids: [] RequestorUid: 5023 RequestorPackageName: com.samsung.android.networkdiagnostic] ]
11-03 00:41:19.089  4891  4891 D SubscriptionController: [getSubId]- numSubIds == 0, return null slotIndex=1
11-03 00:41:19.089  4891  4891 D DDS-SemPhoneSwitcher: getRequestOverride : requestPhoneId = -1, mPreferredDataPhoneId = 0, mPrimaryDataSubId = 1
11-03 00:41:19.090  4891  4891 D DDS-SemPhoneSwitcher: getRequestOverride : RequestOverride(mState = NONE, mPhoneId = -1, mDelayReason = NONE)
11-03 00:41:19.090  4891  4891 D SubscriptionController: [getSubId]- numSubIds == 0, return null slotIndex=-1
11-03 00:41:19.090  4891  4891 D DDS-SemPhoneSwitcher: updatePreferredDataPhoneId: mPreferredDataPhoneId = 0(PRIMARYDATA)
11-03 00:41:19.092  4891  4891 D DDS-SemPhoneSwitcher: Removed DcRequest, size: 26
11-03 00:47:17.758  4891  4891 D RILJ    : [2449]> RIL_REQUEST_GET_ACTIVITY_INFO [PHONE0]
11-03 00:47:17.769  4891  5122 D RILJ    : [2449]< RIL_REQUEST_GET_ACTIVITY_INFO ModemActivityInfo{ mTimestamp=463040804 mSleepTimeMs=396698 mIdleTimeMs=2254 mTransmitPowerInfo[]=[TransmitPower{ mTimeInMillis=0 mPowerRangeInDbm={-2147483648,0}}, TransmitPower{ mTimeInMillis=0 mPowerRangeInDbm={0,5}}, TransmitPower{ mTimeInMillis=0 mPowerRangeInDbm={5,15}}, TransmitPower{ mTimeInMillis=0 mPowerRangeInDbm={15,20}}, TransmitPower{ mTimeInMillis=0 mPowerRangeInDbm={20,2147483647}}] mRxTimeMs=22573} [PHONE0]
11-03 00:54:10.333  4891  4891 D RILJ    : [2450]> RIL_REQUEST_GET_ACTIVITY_INFO [PHONE0]
11-03 00:54:10.341  4891  5122 D RILJ    : [2450]< RIL_REQUEST_GET_ACTIVITY_INFO ModemActivityInfo{ mTimestamp=463453376 mSleepTimeMs=388196 mIdleTimeMs=2260 mTransmitPowerInfo[]=[TransmitPower{ mTimeInMillis=0 mPowerRangeInDbm={-2147483648,0}}, TransmitPower{ mTimeInMillis=0 mPowerRangeInDbm={0,5}}, TransmitPower{ mTimeInMillis=0 mPowerRangeInDbm={5,15}}, TransmitPower{ mTimeInMillis=0 mPowerRangeInDbm={15,20}}, TransmitPower{ mTimeInMillis=0 mPowerRangeInDbm={20,2147483647}}] mRxTimeMs=22110} [PHONE0]
11-03 00:54:11.047  4891  4891 D DDS-SemPhoneSwitcher: handleMessage msg={ when=0 what=104 obj=NetworkRequest [ TRACK_DEFAULT id=1096, [ Capabilities: INTERNET&NOT_RESTRICTED&TRUSTED Uid: 10162 AdministratorUids: [] RequestorUid: 10162 RequestorPackageName: com.google.android.apps.tachyon] ] target=com.android.internal.telephony.SemPhoneSwitcher }
11-03 00:54:11.056  4891  4891 E ApnConfigTypeRepository: Invalid apn type name, entry: ent2:2
11-03 00:54:11.056  4891  4891 E ApnConfigTypeRepository: Invalid apn type name, entry: ent2:2
11-03 00:54:11.056  4891  4891 D DcRequest: Cellular request confirmed: NetworkRequest [ TRACK_DEFAULT id=1096, [ Capabilities: INTERNET&NOT_RESTRICTED&TRUSTED Uid: 10162 AdministratorUids: [] RequestorUid: 10162 RequestorPackageName: com.google.android.apps.tachyon] ]
11-03 00:54:11.057  4891  4891 D SubscriptionController: [getSubId]- numSubIds == 0, return null slotIndex=1
11-03 00:54:11.057  4891  4891 D DDS-SemPhoneSwitcher: getRequestOverride : requestPhoneId = -1, mPreferredDataPhoneId = 0, mPrimaryDataSubId = 1
11-03 00:54:11.060  4891  4891 D DDS-SemPhoneSwitcher: getRequestOverride : RequestOverride(mState = NONE, mPhoneId = -1, mDelayReason = NONE)
11-03 00:54:11.061  4891  4891 D SubscriptionController: [getSubId]- numSubIds == 0, return null slotIndex=-1
11-03 00:54:11.061  4891  4891 D DDS-SemPhoneSwitcher: updatePreferredDataPhoneId: mPreferredDataPhoneId = 0(PRIMARYDATA)
11-03 00:54:11.064  4891  4891 D DDS-SemPhoneSwitcher: Removed DcRequest, size: 25
11-03 00:54:15.923  4891  4891 D DDS-SemPhoneSwitcher: handleMessage msg={ when=0 what=103 obj=NetworkRequest [ TRACK_DEFAULT id=1131, [ Capabilities: INTERNET&NOT_RESTRICTED&TRUSTED Uid: 10155 AdministratorUids: [] RequestorUid: 10155 RequestorPackageName: com.google.android.googlequicksearchbox] ] target=com.android.internal.telephony.SemPhoneSwitcher }
11-03 00:54:15.930  4891  4891 E ApnConfigTypeRepository: Invalid apn type name, entry: ent2:2
11-03 00:54:15.930  4891  4891 E ApnConfigTypeRepository: Invalid apn type name, entry: ent2:2
11-03 00:54:15.930  4891  4891 D DcRequest: Cellular request confirmed: NetworkRequest [ TRACK_DEFAULT id=1131, [ Capabilities: INTERNET&NOT_RESTRICTED&TRUSTED Uid: 10155 AdministratorUids: [] RequestorUid: 10155 RequestorPackageName: com.google.android.googlequicksearchbox] ]
11-03 00:54:15.931  4891  4891 D SubscriptionController: [getSubId]- numSubIds == 0, return null slotIndex=1
11-03 00:54:15.931  4891  4891 D DDS-SemPhoneSwitcher: getRequestOverride : requestPhoneId = -1, mPreferredDataPhoneId = 0, mPrimaryDataSubId = 1
11-03 00:54:15.931  4891  4891 D DDS-SemPhoneSwitcher: getRequestOverride : RequestOverride(mState = NONE, mPhoneId = -1, mDelayReason = NONE)
11-03 00:54:15.932  4891  4891 D SubscriptionController: [getSubId]- numSubIds == 0, return null slotIndex=-1
11-03 00:54:15.932  4891  4891 D DDS-SemPhoneSwitcher: updatePreferredDataPhoneId: mPreferredDataPhoneId = 0(PRIMARYDATA)
11-03 00:54:15.934  4891  4891 D DDS-SemPhoneSwitcher: Added DcRequest, size: 26
11-03 00:54:15.934  4891  4891 D DDS-TelephonyNetworkFactory[0]: got request NetworkRequest [ TRACK_DEFAULT id=1131, [ Capabilities: INTERNET&NOT_RESTRICTED&TRUSTED Uid: 10155 AdministratorUids: [] RequestorUid: 10155 RequestorPackageName: com.google.android.googlequicksearchbox] ] with score 60 and providerId 5
11-03 00:54:15.934  4891  4891 D DDS-TelephonyNetworkFactory[1]: got request NetworkRequest [ TRACK_DEFAULT id=1131, [ Capabilities: INTERNET&NOT_RESTRICTED&TRUSTED Uid: 10155 AdministratorUids: [] RequestorUid: 10155 RequestorPackageName: com.google.android.googlequicksearchbox] ] with score 60 and providerId 5
11-03 00:56:18.774  4891  4891 D RILJ    : [2451]> RIL_REQUEST_GET_ACTIVITY_INFO [PHONE0]
11-03 00:56:18.782  4891  5122 D RILJ    : [2451]< RIL_REQUEST_GET_ACTIVITY_INFO ModemActivityInfo{ mTimestamp=463581817 mSleepTimeMs=120523 mIdleTimeMs=1097 mTransmitPowerInfo[]=[TransmitPower{ mTimeInMillis=0 mPowerRangeInDbm={-2147483648,0}}, TransmitPower{ mTimeInMillis=0 mPowerRangeInDbm={0,5}}, TransmitPower{ mTimeInMillis=0 mPowerRangeInDbm={5,15}}, TransmitPower{ mTimeInMillis=0 mPowerRangeInDbm={15,20}}, TransmitPower{ mTimeInMillis=0 mPowerRangeInDbm={20,2147483647}}] mRxTimeMs=6823} [PHONE0]
11-03 00:57:26.368  4891  4891 D SST-SEM : [0] EVENT_SEM_SIGNAL_LEVEL_INFO_CHANGED
11-03 00:57:26.368  4891  4891 D SST-SEM : [0] SignalLevel: SignalBarInfo{ gsmLevel=4 }
11-03 01:08:34.132  4891  4891 D SST-SEM : [0] EVENT_SEM_SIGNAL_LEVEL_INFO_CHANGED
11-03 01:08:34.132  4891  4891 D SST-SEM : [0] SignalLevel: SignalBarInfo{ gsmLevel=4 }
11-03 01:08:34.247  4891  4891 D RILJ    : [2452]> RIL_REQUEST_GET_ACTIVITY_INFO [PHONE0]
11-03 01:08:34.254  4891  5122 D RILJ    : [2452]< RIL_REQUEST_GET_ACTIVITY_INFO ModemActivityInfo{ mTimestamp=464317289 mSleepTimeMs=691292 mIdleTimeMs=3474 mTransmitPowerInfo[]=[TransmitPower{ mTimeInMillis=0 mPowerRangeInDbm={-2147483648,0}}, TransmitPower{ mTimeInMillis=0 mPowerRangeInDbm={0,5}}, TransmitPower{ mTimeInMillis=0 mPowerRangeInDbm={5,15}}, TransmitPower{ mTimeInMillis=0 mPowerRangeInDbm={15,20}}, TransmitPower{ mTimeInMillis=0 mPowerRangeInDbm={20,2147483647}}] mRxTimeMs=40706} [PHONE0]
11-03 01:08:34.534  4891  4891 D DDS-TelephonyNetworkFactory[0]: got request NetworkRequest [ TRACK_DEFAULT id=1132, [ Capabilities: INTERNET&NOT_RESTRICTED&TRUSTED Uid: 10155 AdministratorUids: [] RequestorUid: 10155 RequestorPackageName: com.google.android.googlequicksearchbox] ] with score 60 and providerId 5
11-03 01:08:34.534  4891  4891 D DDS-SemPhoneSwitcher: handleMessage msg={ when=0 what=103 obj=NetworkRequest [ TRACK_DEFAULT id=1132, [ Capabilities: INTERNET&NOT_RESTRICTED&TRUSTED Uid: 10155 AdministratorUids: [] RequestorUid: 10155 RequestorPackageName: com.google.android.googlequicksearchbox] ] target=com.android.internal.telephony.SemPhoneSwitcher }
11-03 01:08:34.539  4891  4891 E ApnConfigTypeRepository: Invalid apn type name, entry: ent2:2
11-03 01:08:34.539  4891  4891 E ApnConfigTypeRepository: Invalid apn type name, entry: ent2:2
11-03 01:08:34.539  4891  4891 D DcRequest: Cellular request confirmed: NetworkRequest [ TRACK_DEFAULT id=1132, [ Capabilities: INTERNET&NOT_RESTRICTED&TRUSTED Uid: 10155 AdministratorUids: [] RequestorUid: 10155 RequestorPackageName: com.google.android.googlequicksearchbox] ]
11-03 01:08:34.540  4891  4891 D SubscriptionController: [getSubId]- numSubIds == 0, return null slotIndex=1
11-03 01:08:34.540  4891  4891 D DDS-SemPhoneSwitcher: getRequestOverride : requestPhoneId = -1, mPreferredDataPhoneId = 0, mPrimaryDataSubId = 1
11-03 01:08:34.540  4891  4891 D DDS-SemPhoneSwitcher: getRequestOverride : RequestOverride(mState = NONE, mPhoneId = -1, mDelayReason = NONE)
11-03 01:08:34.540  4891  4891 D SubscriptionController: [getSubId]- numSubIds == 0, return null slotIndex=-1
11-03 01:08:34.540  4891  4891 D DDS-SemPhoneSwitcher: updatePreferredDataPhoneId: mPreferredDataPhoneId = 0(PRIMARYDATA)
11-03 01:08:34.542  4891  4891 D DDS-SemPhoneSwitcher: Added DcRequest, size: 27
11-03 01:08:34.542  4891  4891 D DDS-TelephonyNetworkFactory[1]: got request NetworkRequest [ TRACK_DEFAULT id=1132, [ Capabilities: INTERNET&NOT_RESTRICTED&TRUSTED Uid: 10155 AdministratorUids: [] RequestorUid: 10155 RequestorPackageName: com.google.android.googlequicksearchbox] ] with score 60 and providerId 5
11-03 01:11:18.401  4891  4891 D DDS-TelephonyNetworkFactory[1]: got request NetworkRequest [ TRACK_DEFAULT id=1133, [ Capabilities: INTERNET&NOT_RESTRICTED&TRUSTED Uid: 10155 AdministratorUids: [] RequestorUid: 10155 RequestorPackageName: com.google.android.googlequicksearchbox] ] with score 60 and providerId 5
11-03 01:11:18.401  4891  4891 D DDS-TelephonyNetworkFactory[0]: got request NetworkRequest [ TRACK_DEFAULT id=1133, [ Capabilities: INTERNET&NOT_RESTRICTED&TRUSTED Uid: 10155 AdministratorUids: [] RequestorUid: 10155 RequestorPackageName: com.google.android.googlequicksearchbox] ] with score 60 and providerId 5
11-03 01:11:18.402  4891  4891 D DDS-SemPhoneSwitcher: handleMessage msg={ when=0 what=103 obj=NetworkRequest [ TRACK_DEFAULT id=1133, [ Capabilities: INTERNET&NOT_RESTRICTED&TRUSTED Uid: 10155 AdministratorUids: [] RequestorUid: 10155 RequestorPackageName: com.google.android.googlequicksearchbox] ] target=com.android.internal.telephony.SemPhoneSwitcher }
11-03 01:11:18.408  4891  4891 E ApnConfigTypeRepository: Invalid apn type name, entry: ent2:2
11-03 01:11:18.409  4891  4891 E ApnConfigTypeRepository: Invalid apn type name, entry: ent2:2
11-03 01:11:18.409  4891  4891 D DcRequest: Cellular request confirmed: NetworkRequest [ TRACK_DEFAULT id=1133, [ Capabilities: INTERNET&NOT_RESTRICTED&TRUSTED Uid: 10155 AdministratorUids: [] RequestorUid: 10155 RequestorPackageName: com.google.android.googlequicksearchbox] ]
11-03 01:11:18.409  4891  4891 D SubscriptionController: [getSubId]- numSubIds == 0, return null slotIndex=1
11-03 01:11:18.409  4891  4891 D DDS-SemPhoneSwitcher: getRequestOverride : requestPhoneId = -1, mPreferredDataPhoneId = 0, mPrimaryDataSubId = 1
11-03 01:11:18.410  4891  4891 D DDS-SemPhoneSwitcher: getRequestOverride : RequestOverride(mState = NONE, mPhoneId = -1, mDelayReason = NONE)
11-03 01:11:18.410  4891  4891 D SubscriptionController: [getSubId]- numSubIds == 0, return null slotIndex=-1
11-03 01:11:18.410  4891  4891 D DDS-SemPhoneSwitcher: updatePreferredDataPhoneId: mPreferredDataPhoneId = 0(PRIMARYDATA)
11-03 01:11:18.413  4891  4891 D DDS-SemPhoneSwitcher: Added DcRequest, size: 28
11-03 01:11:18.799  4891  4891 D DDS-SemPhoneSwitcher: handleMessage msg={ when=-1ms what=104 obj=NetworkRequest [ TRACK_DEFAULT id=1104, [ Capabilities: INTERNET&NOT_RESTRICTED&TRUSTED Uid: 10105 AdministratorUids: [] RequestorUid: 10105 RequestorPackageName: com.microsoft.skydrive] ] target=com.android.internal.telephony.SemPhoneSwitcher }
11-03 01:11:18.808  4891  4891 E ApnConfigTypeRepository: Invalid apn type name, entry: ent2:2
11-03 01:11:18.808  4891  4891 E ApnConfigTypeRepository: Invalid apn type name, entry: ent2:2
11-03 01:11:18.808  4891  4891 D DcRequest: Cellular request confirmed: NetworkRequest [ TRACK_DEFAULT id=1104, [ Capabilities: INTERNET&NOT_RESTRICTED&TRUSTED Uid: 10105 AdministratorUids: [] RequestorUid: 10105 RequestorPackageName: com.microsoft.skydrive] ]
11-03 01:11:18.809  4891  4891 D SubscriptionController: [getSubId]- numSubIds == 0, return null slotIndex=1
11-03 01:11:18.809  4891  4891 D DDS-SemPhoneSwitcher: getRequestOverride : requestPhoneId = -1, mPreferredDataPhoneId = 0, mPrimaryDataSubId = 1
11-03 01:11:18.809  4891  4891 D DDS-SemPhoneSwitcher: getRequestOverride : RequestOverride(mState = NONE, mPhoneId = -1, mDelayReason = NONE)
11-03 01:11:18.809  4891  4891 D SubscriptionController: [getSubId]- numSubIds == 0, return null slotIndex=-1
11-03 01:11:18.810  4891  4891 D DDS-SemPhoneSwitcher: updatePreferredDataPhoneId: mPreferredDataPhoneId = 0(PRIMARYDATA)
11-03 01:11:18.812  4891  4891 D DDS-SemPhoneSwitcher: Removed DcRequest, size: 27
11-03 01:11:19.091  4891  4891 D SST-SEM : [0] EVENT_SEM_SIGNAL_LEVEL_INFO_CHANGED
11-03 01:11:19.091  4891  4891 D SST-SEM : [0] SignalLevel: SignalBarInfo{ gsmLevel=4 }
11-03 01:11:39.168  4891  4891 D RILJ    : [2453]> RIL_REQUEST_GET_ACTIVITY_INFO [PHONE0]
11-03 01:11:39.183  4891  4891 D SST-SEM : [0] EVENT_SEM_SIGNAL_LEVEL_INFO_CHANGED
11-03 01:11:39.184  4891  4891 D SST-SEM : [0] SignalLevel: SignalBarInfo{ gsmLevel=4 }
11-03 01:11:39.187  4891  5122 D RILJ    : [2453]< RIL_REQUEST_GET_ACTIVITY_INFO ModemActivityInfo{ mTimestamp=464502221 mSleepTimeMs=173533 mIdleTimeMs=1192 mTransmitPowerInfo[]=[TransmitPower{ mTimeInMillis=0 mPowerRangeInDbm={-2147483648,0}}, TransmitPower{ mTimeInMillis=0 mPowerRangeInDbm={0,5}}, TransmitPower{ mTimeInMillis=0 mPowerRangeInDbm={5,15}}, TransmitPower{ mTimeInMillis=0 mPowerRangeInDbm={15,20}}, TransmitPower{ mTimeInMillis=0 mPowerRangeInDbm={20,2147483647}}] mRxTimeMs=10196} [PHONE0]
11-03 01:11:45.441  4891  4909 D SubscriptionController: getSimStateForSlotIndex:  simState=LOADED ordinal=10 slotIndex=0
11-03 01:11:45.442  4891  4909 D SubscriptionController: getSimStateForSlotIndex:  simState=ABSENT ordinal=1 slotIndex=1
11-03 01:11:52.103  4891  4891 D SST-SEM : [0] EVENT_SEM_SIGNAL_LEVEL_INFO_CHANGED
11-03 01:11:52.104  4891  4891 D SST-SEM : [0] SignalLevel: SignalBarInfo{ gsmLevel=4 }
11-03 01:15:19.720  4891  4891 D SST-SEM : [0] EVENT_SEM_SIGNAL_LEVEL_INFO_CHANGED
11-03 01:15:19.720  4891  4891 D SST-SEM : [0] SignalLevel: SignalBarInfo{ gsmLevel=4 }
11-03 01:26:25.605  4891  4891 D RILJ    : [2454]> RIL_REQUEST_GET_ACTIVITY_INFO [PHONE0]
11-03 01:26:25.611  4891  5122 D RILJ    : [2454]< RIL_REQUEST_GET_ACTIVITY_INFO ModemActivityInfo{ mTimestamp=465388646 mSleepTimeMs=833517 mIdleTimeMs=3668 mTransmitPowerInfo[]=[TransmitPower{ mTimeInMillis=0 mPowerRangeInDbm={-2147483648,0}}, TransmitPower{ mTimeInMillis=0 mPowerRangeInDbm={0,5}}, TransmitPower{ mTimeInMillis=0 mPowerRangeInDbm={5,15}}, TransmitPower{ mTimeInMillis=0 mPowerRangeInDbm={15,20}}, TransmitPower{ mTimeInMillis=0 mPowerRangeInDbm={20,2147483647}}] mRxTimeMs=49249} [PHONE0]
11-03 01:41:18.912  4891  4891 D SST-SEM : [0] EVENT_SEM_SIGNAL_LEVEL_INFO_CHANGED
11-03 01:41:18.912  4891  4891 D SST-SEM : [0] SignalLevel: SignalBarInfo{ gsmLevel=4 }
11-03 01:47:26.110  4891  4891 D SST-SEM : [0] EVENT_SEM_SIGNAL_LEVEL_INFO_CHANGED
11-03 01:47:26.110  4891  4891 D SST-SEM : [0] SignalLevel: SignalBarInfo{ gsmLevel=4 }
11-03 01:56:18.551  4891  4891 D SST-SEM : [0] EVENT_SEM_SIGNAL_LEVEL_INFO_CHANGED
11-03 01:56:18.552  4891  4891 D SST-SEM : [0] SignalLevel: SignalBarInfo{ gsmLevel=4 }
11-03 01:56:18.713  4891  4891 D RILJ    : [2455]> RIL_REQUEST_GET_ACTIVITY_INFO [PHONE0]
11-03 01:56:18.723  4891  5122 D RILJ    : [2455]< RIL_REQUEST_GET_ACTIVITY_INFO ModemActivityInfo{ mTimestamp=467181757 mSleepTimeMs=1686379 mIdleTimeMs=7272 mTransmitPowerInfo[]=[TransmitPower{ mTimeInMillis=0 mPowerRangeInDbm={-2147483648,0}}, TransmitPower{ mTimeInMillis=0 mPowerRangeInDbm={0,5}}, TransmitPower{ mTimeInMillis=0 mPowerRangeInDbm={5,15}}, TransmitPower{ mTimeInMillis=0 mPowerRangeInDbm={15,20}}, TransmitPower{ mTimeInMillis=0 mPowerRangeInDbm={20,2147483647}}] mRxTimeMs=99462} [PHONE0]
11-03 02:00:00.117  4891  4891 D SST-SEM : [0] EVENT_SEM_SIGNAL_LEVEL_INFO_CHANGED
11-03 02:00:00.117  4891  4891 D SST-SEM : [0] SignalLevel: SignalBarInfo{ gsmLevel=4 }
11-03 02:00:00.403  4891  4891 D RILJ    : [2456]> RIL_REQUEST_GET_ACTIVITY_INFO [PHONE0]
11-03 02:00:00.408  4891  5122 D RILJ    : [2456]< RIL_REQUEST_GET_ACTIVITY_INFO ModemActivityInfo{ mTimestamp=467403443 mSleepTimeMs=207769 mIdleTimeMs=1616 mTransmitPowerInfo[]=[TransmitPower{ mTimeInMillis=0 mPowerRangeInDbm={-2147483648,0}}, TransmitPower{ mTimeInMillis=0 mPowerRangeInDbm={0,5}}, TransmitPower{ mTimeInMillis=0 mPowerRangeInDbm={5,15}}, TransmitPower{ mTimeInMillis=0 mPowerRangeInDbm={15,20}}, TransmitPower{ mTimeInMillis=0 mPowerRangeInDbm={20,2147483647}}] mRxTimeMs=12300} [PHONE0]
11-03 02:11:19.132  4891  4891 D SST-SEM : [0] EVENT_SEM_SIGNAL_LEVEL_INFO_CHANGED
11-03 02:11:19.133  4891  4891 D SST-SEM : [0] SignalLevel: SignalBarInfo{ gsmLevel=4 }
11-03 02:16:05.388  4891  4891 D RILJ    : [2457]> RIL_REQUEST_GET_ACTIVITY_INFO [PHONE0]
11-03 02:16:05.397  4891  5122 D RILJ    : [2457]< RIL_REQUEST_GET_ACTIVITY_INFO ModemActivityInfo{ mTimestamp=468368432 mSleepTimeMs=907130 mIdleTimeMs=4140 mTransmitPowerInfo[]=[TransmitPower{ mTimeInMillis=0 mPowerRangeInDbm={-2147483648,0}}, TransmitPower{ mTimeInMillis=0 mPowerRangeInDbm={0,5}}, TransmitPower{ mTimeInMillis=0 mPowerRangeInDbm={5,15}}, TransmitPower{ mTimeInMillis=0 mPowerRangeInDbm={15,20}}, TransmitPower{ mTimeInMillis=0 mPowerRangeInDbm={20,2147483647}}] mRxTimeMs=53722} [PHONE0]
11-03 02:16:05.425  4891  4891 D SemTransferDevState: Intent : com.samsung.server.BatteryService.action.SEC_BATTERY_EVENT
11-03 02:16:05.425  4891  4891 D SemTransferDevState: received event 100
11-03 02:16:05.429  4891  4891 D SEM_RILJ: [2458]> OEM_HOOK_RAW[118200090100000400] [PHONE0]
11-03 02:16:05.436  4891  5122 D SEM_RILJ: [2458]< OEM_HOOK_RAW [B@f4bd03e [PHONE0]
11-03 02:16:05.438  4891  4891 D SEM_RILJ: [2459]> OEM_HOOK_RAW[118200090100000400] [PHONE1]
11-03 02:16:05.438  4891  4891 D SemTransferDevState: Intent : android.hardware.usb.action.USB_STATE
