11-02 12:40:46.394  4891  4891 D LocaleTracker-0: processCellInfo: cell info=[CellInfoGsm:{mRegistered=YES mTimeStamp=419449425319729ns mCellConnectionStatus=0 CellIdentityGsm:{ mLac=1***3 mCid=4**4 mArfcn=51 mBsic=0x1e mMcc=452 mMnc=04 mAlphaLong=VIETTEL mAlphaShort=VIETTEL mAdditionalPlmns={}} CellSignalStrengthGsm: rssi=-51 ber=2147483647 mTa=3 mLevel=4}, CellInfoGsm:{mRegistered=NO mTimeStamp=419449425319729ns mCellConnectionStatus=0 CellIdentityGsm:{ mLac=0 mCid=4***2 mArfcn=718 mBsic=0x9 mMcc=null mMnc=null mAlphaLong= mAlphaShort= mAdditionalPlmns={}} CellSignalStrengthGsm: rssi=-51 ber=0 mTa=0 mLevel=4}, CellInfoGsm:{mRegistered=NO mTimeStamp=419449425319729ns mCellConnectionStatus=0 CellIdentityGsm:{ mLac=0 mCid=**6 mArfcn=714 mBsic=0x18 mMcc=null mMnc=null mAlphaLong= mAlphaShort= mAdditionalPlmns={}} CellSignalStrengthGsm: rssi=-51 ber=0 mTa=0 mLevel=4}, CellInfoGsm:{mRegistered=NO mTimeStamp=419449425319729ns mCellConnectionStatus=0 CellIdentityGsm:{ mLac=0 mCid=6***5 mArfcn=727 mBsic=0x7fffffff mMcc=null mMnc=null mAlphaLong= mAlphaShort= mAdditionalPlmns={}} CellSignalStrengthGsm: rssi=-51 ber=0 mTa=0 mLevel=4}, CellInfoGsm:{mRegistered=NO mTimeStamp=419449425319729ns mCellConnectionStatus=0 CellIdentityGsm:{ mLac=0 mCid=6***5 mArfcn=713 mBsic=0x7fffffff mMcc=null mMnc=null mAlphaLong= mAlphaShort= mAdditionalPlmns={}} CellSignalStrengthGsm: rssi=-51 ber=0 mTa=0 mLevel=4}, CellInfoGsm:{mRegistered=NO mTimeStamp=419449425319729ns mCellConnectionStatus=0 CellIdentityGsm:{ mLac=0 mCid=6***5 mArfcn=55 mBsic=0x1f mMcc=null mMnc=null mAlphaLong= mAlphaShort= mAdditionalPlmns={}} CellSignalStrengthGsm: rssi=-51 ber=0 mTa=0 mLevel=4}, CellInfoGsm:{mRegistered=NO mTimeStamp=419449425319729ns mCellConnectionStatus=0 CellIdentityGsm:{ mLac=0 mCid=4***8 mArfcn=797 mBsic=0x29 mMcc=null mMnc=null mAlphaLong= mAlphaShort= mAdditionalPlmns={}} CellSignalStrengthGsm: rssi=-51 ber=0 mTa=0 mLevel=4}, CellInfoGsm:{mRegistered=NO mTimeStamp=419449425319729ns mCellConnectionStatus=0 CellIdentityGsm:{ mLac=0 mCid=6***5 mArfcn=43 mBsic=0x7fffffff mMcc=null mMnc=null mAlphaLong= mAlphaShort= mAdditionalPlmns={}} CellSignalStrengthGsm: rssi=-51 ber=0 mTa=0 mLevel=4}, CellInfoGsm:{mRegistered=NO mTimeStamp=419449425319729ns mCellConnectionStatus=0 CellIdentityGsm:{ mLac=0 mCid=6***5 mArfcn=53 mBsic=0x7fffffff mMcc=null mMnc=null mAlphaLong= mAlphaShort= mAdditionalPlmns={}} CellSignalStrengthGsm: rssi=-51 ber=0 mTa=0 mLevel=4}, CellInfoGsm:{mRegistered=NO mTimeStamp=419449425319729ns mCellConnectionStatus=0 CellIdentityGsm:{ mLac=0 mCid=6***5 mArfcn=716 mBsic=0x7fffffff mMcc=null mMnc=null mAlphaLong= mAlphaShort= mAdditionalPlmns={}} CellSignalStrengthGsm: rssi=-51 ber=0 mTa=0 mLevel=4}, CellInfoGsm:{mRegistered=NO mTimeStamp=419449425319729ns mCellConnectionStatus=0 CellIdentityGsm:{ mLac=0 mCid=6***5 mArfcn=799 mBsic=0x7fffffff mMcc=null mMnc=null mAlphaLong= mAlphaShort= mAdditionalPlmns={}} CellSignalStrengthGsm: rssi=-51 ber=0 mTa=0 mLevel=4}, CellInfoGsm:{mRegistered=NO mTimeStamp=419449425319729ns mCellConnectionStatus=0 CellIdentityGsm:{ mLac=0 mCid=6***5 mArfcn=47 mBsic=0x7fffffff mMcc=null mMnc=null mAlphaLong= mAlphaShort= mAdditionalPlmns={}} CellSignalStrengthGsm: rssi=-51 ber=0 mTa=0 mLevel=4}, CellInfoGsm:{mRegistered=NO mTimeStamp=419449425319729ns mCellConnectionStatus=0 CellIdentityGsm:{ mLac=0 mCid=6***5 mArfcn=45 mBsic=0x7fffffff mMcc=null mMnc=null mAlphaLong= mAlphaShort= mAdditionalPlmns={}} CellSignalStrengthGsm: rssi=-51 ber=0 mTa=0 mLevel=4}, CellInfoGsm:{mRegistered=NO mTimeStamp=419449425319729ns mCellConnectionStatus=0 CellIdentityGsm:{ mLac=0 mCid=6***5 mArfcn=712 mBsic=0x7fffffff mMcc=null mMnc=null mAlphaLong= mAlphaShort= mAdditionalPlmns={}} CellSignalStrengthGsm: rssi=-51 ber=0 mTa=0 mLevel=4}, CellInfoGsm:{mRegistered=NO mTimeStamp=419449425319729ns mCellConnectionStatus=0 CellIdentityGsm:{ mLac=0 mCid=6***5 mArfcn=721 mBsic=0x7fffffff mMcc=null mMnc=null mAlphaLong= mAlphaShort= mAdditionalPlmns={}} CellSignalStrengthGsm: rssi=-51 ber=0 mTa=0 mLevel=4}, CellInfoGsm:{mRegistered=NO mTimeStamp=41944942
11-02 12:40:46.394  4891  4891 D LocaleTracker-0: updateLocale: countryIso = vn, countryIsoDebugInfo = OperatorNumeric(45204): MccTable.countryCodeForMcc("452")
11-02 12:40:46.394  4891  4891 D LocaleTracker-0: updateLocale: timeZoneCountryIso = vn, timeZoneCountryIsoDebugInfo = OperatorNumeric: MccTable.geoCountryCodeForMccMnc(MccMnc{mcc='452', mnc='04'})
11-02 12:40:46.394  4891  4891 D NewNitzStateMachineImpl-0: handleCountryDetected: countryIsoCode=vn, mLatestNitzSignal=null
11-02 12:40:49.764  4891  2462 D SubscriptionController: getSimStateForSlotIndex:  simState=LOADED ordinal=10 slotIndex=0
11-02 12:40:49.791  4891  2462 D SubscriptionController: getSimStateForSlotIndex:  simState=LOADED ordinal=10 slotIndex=0
11-02 12:40:49.792  4891  2462 D SubscriptionController: getSimStateForSlotIndex:  simState=LOADED ordinal=10 slotIndex=0
11-02 12:40:49.924  4891  4891 D DDS-TelephonyNetworkFactory[1]: got request NetworkRequest [ TRACK_DEFAULT id=1047, [ Capabilities: INTERNET&NOT_RESTRICTED&TRUSTED Uid: 10242 AdministratorUids: [] RequestorUid: 10242 RequestorPackageName: com.google.android.youtube] ] with score 60 and providerId 5
11-02 12:40:49.924  4891  4891 D DDS-TelephonyNetworkFactory[0]: got request NetworkRequest [ TRACK_DEFAULT id=1047, [ Capabilities: INTERNET&NOT_RESTRICTED&TRUSTED Uid: 10242 AdministratorUids: [] RequestorUid: 10242 RequestorPackageName: com.google.android.youtube] ] with score 60 and providerId 5
11-02 12:40:49.925  4891  4891 D DDS-SemPhoneSwitcher: handleMessage msg={ when=0 what=103 obj=NetworkRequest [ TRACK_DEFAULT id=1047, [ Capabilities: INTERNET&NOT_RESTRICTED&TRUSTED Uid: 10242 AdministratorUids: [] RequestorUid: 10242 RequestorPackageName: com.google.android.youtube] ] target=com.android.internal.telephony.SemPhoneSwitcher }
11-02 12:40:49.935  4891  4891 E ApnConfigTypeRepository: Invalid apn type name, entry: ent2:2
11-02 12:40:49.935  4891  4891 E ApnConfigTypeRepository: Invalid apn type name, entry: ent2:2
11-02 12:40:49.935  4891  4891 D DcRequest: Cellular request confirmed: NetworkRequest [ TRACK_DEFAULT id=1047, [ Capabilities: INTERNET&NOT_RESTRICTED&TRUSTED Uid: 10242 AdministratorUids: [] RequestorUid: 10242 RequestorPackageName: com.google.android.youtube] ]
11-02 12:40:49.936  4891  4891 D SubscriptionController: [getSubId]- numSubIds == 0, return null slotIndex=1
11-02 12:40:49.936  4891  4891 D DDS-SemPhoneSwitcher: getRequestOverride : requestPhoneId = -1, mPreferredDataPhoneId = 0, mPrimaryDataSubId = 1
11-02 12:40:49.939  4891  4891 D DDS-SemPhoneSwitcher: getRequestOverride : RequestOverride(mState = NONE, mPhoneId = -1, mDelayReason = NONE)
11-02 12:40:49.939  4891  4891 D SubscriptionController: [getSubId]- numSubIds == 0, return null slotIndex=-1
11-02 12:40:49.939  4891  4891 D DDS-SemPhoneSwitcher: updatePreferredDataPhoneId: mPreferredDataPhoneId = 0(PRIMARYDATA)
11-02 12:40:49.940  4891  4891 D DDS-SemPhoneSwitcher: Added DcRequest, size: 25
11-02 12:40:50.253  4891  4891 D DDS-SemPhoneSwitcher: handleMessage msg={ when=0 what=103 obj=NetworkRequest [ TRACK_DEFAULT id=1049, [ Capabilities: INTERNET&NOT_RESTRICTED&TRUSTED Uid: 10242 AdministratorUids: [] RequestorUid: 10242 RequestorPackageName: com.google.android.youtube] ] target=com.android.internal.telephony.SemPhoneSwitcher }
11-02 12:40:50.260  4891  4891 E ApnConfigTypeRepository: Invalid apn type name, entry: ent2:2
11-02 12:40:50.261  4891  4891 E ApnConfigTypeRepository: Invalid apn type name, entry: ent2:2
11-02 12:40:50.261  4891  4891 D DcRequest: Cellular request confirmed: NetworkRequest [ TRACK_DEFAULT id=1049, [ Capabilities: INTERNET&NOT_RESTRICTED&TRUSTED Uid: 10242 AdministratorUids: [] RequestorUid: 10242 RequestorPackageName: com.google.android.youtube] ]
11-02 12:40:50.261  4891  4891 D SubscriptionController: [getSubId]- numSubIds == 0, return null slotIndex=1
11-02 12:40:50.261  4891  4891 D DDS-SemPhoneSwitcher: getRequestOverride : requestPhoneId = -1, mPreferredDataPhoneId = 0, mPrimaryDataSubId = 1
11-02 12:40:50.262  4891  4891 D DDS-SemPhoneSwitcher: getRequestOverride : RequestOverride(mState = NONE, mPhoneId = -1, mDelayReason = NONE)
11-02 12:40:50.262  4891  4891 D SubscriptionController: [getSubId]- numSubIds == 0, return null slotIndex=-1
11-02 12:40:50.262  4891  4891 D DDS-SemPhoneSwitcher: updatePreferredDataPhoneId: mPreferredDataPhoneId = 0(PRIMARYDATA)
11-02 12:40:50.265  4891  4891 D DDS-SemPhoneSwitcher: Added DcRequest, size: 26
11-02 12:40:50.266  4891  4891 D DDS-TelephonyNetworkFactory[1]: got request NetworkRequest [ TRACK_DEFAULT id=1049, [ Capabilities: INTERNET&NOT_RESTRICTED&TRUSTED Uid: 10242 AdministratorUids: [] RequestorUid: 10242 RequestorPackageName: com.google.android.youtube] ] with score 60 and providerId 5
11-02 12:40:50.266  4891  4891 D DDS-TelephonyNetworkFactory[0]: got request NetworkRequest [ TRACK_DEFAULT id=1049, [ Capabilities: INTERNET&NOT_RESTRICTED&TRUSTED Uid: 10242 AdministratorUids: [] RequestorUid: 10242 RequestorPackageName: com.google.android.youtube] ] with score 60 and providerId 5
11-02 12:40:50.485  4891  4891 D DDS-TelephonyNetworkFactory[1]: got request NetworkRequest [ TRACK_DEFAULT id=1050, [ Capabilities: INTERNET&NOT_RESTRICTED&TRUSTED Uid: 10242 AdministratorUids: [] RequestorUid: 10242 RequestorPackageName: com.google.android.youtube] ] with score 60 and providerId 5
11-02 12:40:50.485  4891  4891 D DDS-TelephonyNetworkFactory[0]: got request NetworkRequest [ TRACK_DEFAULT id=1050, [ Capabilities: INTERNET&NOT_RESTRICTED&TRUSTED Uid: 10242 AdministratorUids: [] RequestorUid: 10242 RequestorPackageName: com.google.android.youtube] ] with score 60 and providerId 5
11-02 12:40:50.486  4891  4891 D DDS-SemPhoneSwitcher: handleMessage msg={ when=-1ms what=103 obj=NetworkRequest [ TRACK_DEFAULT id=1050, [ Capabilities: INTERNET&NOT_RESTRICTED&TRUSTED Uid: 10242 AdministratorUids: [] RequestorUid: 10242 RequestorPackageName: com.google.android.youtube] ] target=com.android.internal.telephony.SemPhoneSwitcher }
11-02 12:40:50.495  4891  4891 E ApnConfigTypeRepository: Invalid apn type name, entry: ent2:2
11-02 12:40:50.495  4891  4891 E ApnConfigTypeRepository: Invalid apn type name, entry: ent2:2
11-02 12:40:50.495  4891  4891 D DcRequest: Cellular request confirmed: NetworkRequest [ TRACK_DEFAULT id=1050, [ Capabilities: INTERNET&NOT_RESTRICTED&TRUSTED Uid: 10242 AdministratorUids: [] RequestorUid: 10242 RequestorPackageName: com.google.android.youtube] ]
11-02 12:40:50.495  4891  4891 D SubscriptionController: [getSubId]- numSubIds == 0, return null slotIndex=1
11-02 12:40:50.496  4891  4891 D DDS-SemPhoneSwitcher: getRequestOverride : requestPhoneId = -1, mPreferredDataPhoneId = 0, mPrimaryDataSubId = 1
11-02 12:40:50.496  4891  4891 D DDS-SemPhoneSwitcher: getRequestOverride : RequestOverride(mState = NONE, mPhoneId = -1, mDelayReason = NONE)
11-02 12:40:50.496  4891  4891 D SubscriptionController: [getSubId]- numSubIds == 0, return null slotIndex=-1
11-02 12:40:50.496  4891  4891 D DDS-SemPhoneSwitcher: updatePreferredDataPhoneId: mPreferredDataPhoneId = 0(PRIMARYDATA)
11-02 12:40:50.499  4891  4891 D DDS-SemPhoneSwitcher: Added DcRequest, size: 27
11-02 12:40:51.125  4891  4891 D DDS-TelephonyNetworkFactory[1]: got request NetworkRequest [ TRACK_DEFAULT id=1051, [ Capabilities: INTERNET&NOT_RESTRICTED&TRUSTED Uid: 10242 AdministratorUids: [] RequestorUid: 10242 RequestorPackageName: com.google.android.youtube] ] with score 60 and providerId 5
11-02 12:40:51.126  4891  4891 D DDS-TelephonyNetworkFactory[0]: got request NetworkRequest [ TRACK_DEFAULT id=1051, [ Capabilities: INTERNET&NOT_RESTRICTED&TRUSTED Uid: 10242 AdministratorUids: [] RequestorUid: 10242 RequestorPackageName: com.google.android.youtube] ] with score 60 and providerId 5
11-02 12:40:51.129  4891  4891 D DDS-SemPhoneSwitcher: handleMessage msg={ when=0 what=103 obj=NetworkRequest [ TRACK_DEFAULT id=1051, [ Capabilities: INTERNET&NOT_RESTRICTED&TRUSTED Uid: 10242 AdministratorUids: [] RequestorUid: 10242 RequestorPackageName: com.google.android.youtube] ] target=com.android.internal.telephony.SemPhoneSwitcher }
11-02 12:40:51.139  4891  4891 E ApnConfigTypeRepository: Invalid apn type name, entry: ent2:2
11-02 12:40:51.139  4891  4891 E ApnConfigTypeRepository: Invalid apn type name, entry: ent2:2
11-02 12:40:51.139  4891  4891 D DcRequest: Cellular request confirmed: NetworkRequest [ TRACK_DEFAULT id=1051, [ Capabilities: INTERNET&NOT_RESTRICTED&TRUSTED Uid: 10242 AdministratorUids: [] RequestorUid: 10242 RequestorPackageName: com.google.android.youtube] ]
11-02 12:40:51.140  4891  4891 D SubscriptionController: [getSubId]- numSubIds == 0, return null slotIndex=1
11-02 12:40:51.140  4891  4891 D DDS-SemPhoneSwitcher: getRequestOverride : requestPhoneId = -1, mPreferredDataPhoneId = 0, mPrimaryDataSubId = 1
11-02 12:40:51.140  4891  4891 D DDS-SemPhoneSwitcher: getRequestOverride : RequestOverride(mState = NONE, mPhoneId = -1, mDelayReason = NONE)
11-02 12:40:51.140  4891  4891 D SubscriptionController: [getSubId]- numSubIds == 0, return null slotIndex=-1
11-02 12:40:51.141  4891  4891 D DDS-SemPhoneSwitcher: updatePreferredDataPhoneId: mPreferredDataPhoneId = 0(PRIMARYDATA)
11-02 12:40:51.147  4891  4891 D DDS-SemPhoneSwitcher: Added DcRequest, size: 28
11-02 12:40:51.800  4891  4891 D RILJ    : [2374]> RIL_REQUEST_GET_ACTIVITY_INFO [PHONE0]
11-02 12:40:51.805  4891  5122 D RILJ    : [2374]< RIL_REQUEST_GET_ACTIVITY_INFO ModemActivityInfo{ mTimestamp=419454841 mSleepTimeMs=4580 mIdleTimeMs=581 mTransmitPowerInfo[]=[TransmitPower{ mTimeInMillis=0 mPowerRangeInDbm={-2147483648,0}}, TransmitPower{ mTimeInMillis=0 mPowerRangeInDbm={0,5}}, TransmitPower{ mTimeInMillis=0 mPowerRangeInDbm={5,15}}, TransmitPower{ mTimeInMillis=0 mPowerRangeInDbm={15,20}}, TransmitPower{ mTimeInMillis=0 mPowerRangeInDbm={20,2147483647}}] mRxTimeMs=277} [PHONE0]
11-02 12:40:51.854  4891  4891 D DDS-TelephonyNetworkFactory[1]: got request NetworkRequest [ TRACK_DEFAULT id=1052, [ Capabilities: INTERNET&NOT_RESTRICTED&TRUSTED Uid: 10242 AdministratorUids: [] RequestorUid: 10242 RequestorPackageName: com.google.android.youtube] ] with score 60 and providerId 5
11-02 12:40:51.854  4891  4891 D DDS-TelephonyNetworkFactory[0]: got request NetworkRequest [ TRACK_DEFAULT id=1052, [ Capabilities: INTERNET&NOT_RESTRICTED&TRUSTED Uid: 10242 AdministratorUids: [] RequestorUid: 10242 RequestorPackageName: com.google.android.youtube] ] with score 60 and providerId 5
11-02 12:40:51.858  4891  4891 D DDS-SemPhoneSwitcher: handleMessage msg={ when=0 what=103 obj=NetworkRequest [ TRACK_DEFAULT id=1052, [ Capabilities: INTERNET&NOT_RESTRICTED&TRUSTED Uid: 10242 AdministratorUids: [] RequestorUid: 10242 RequestorPackageName: com.google.android.youtube] ] target=com.android.internal.telephony.SemPhoneSwitcher }
11-02 12:40:51.868  4891  4891 E ApnConfigTypeRepository: Invalid apn type name, entry: ent2:2
11-02 12:40:51.869  4891  4891 E ApnConfigTypeRepository: Invalid apn type name, entry: ent2:2
11-02 12:40:51.869  4891  4891 D DcRequest: Cellular request confirmed: NetworkRequest [ TRACK_DEFAULT id=1052, [ Capabilities: INTERNET&NOT_RESTRICTED&TRUSTED Uid: 10242 AdministratorUids: [] RequestorUid: 10242 RequestorPackageName: com.google.android.youtube] ]
11-02 12:40:51.869  4891  4891 D SubscriptionController: [getSubId]- numSubIds == 0, return null slotIndex=1
11-02 12:40:51.869  4891  4891 D DDS-SemPhoneSwitcher: getRequestOverride : requestPhoneId = -1, mPreferredDataPhoneId = 0, mPrimaryDataSubId = 1
11-02 12:40:51.870  4891  4891 D DDS-SemPhoneSwitcher: getRequestOverride : RequestOverride(mState = NONE, mPhoneId = -1, mDelayReason = NONE)
11-02 12:40:51.870  4891  4891 D SubscriptionController: [getSubId]- numSubIds == 0, return null slotIndex=-1
11-02 12:40:51.870  4891  4891 D DDS-SemPhoneSwitcher: updatePreferredDataPhoneId: mPreferredDataPhoneId = 0(PRIMARYDATA)
11-02 12:40:51.873  4891  4891 D DDS-SemPhoneSwitcher: Added DcRequest, size: 29
11-02 12:56:15.730  4891  4891 D RILJ    : [2375]> RIL_REQUEST_GET_ACTIVITY_INFO [PHONE0]
11-02 12:56:15.743  4891  5122 D RILJ    : [2375]< RIL_REQUEST_GET_ACTIVITY_INFO ModemActivityInfo{ mTimestamp=420378778 mSleepTimeMs=871011 mIdleTimeMs=4071 mTransmitPowerInfo[]=[TransmitPower{ mTimeInMillis=0 mPowerRangeInDbm={-2147483648,0}}, TransmitPower{ mTimeInMillis=0 mPowerRangeInDbm={0,5}}, TransmitPower{ mTimeInMillis=0 mPowerRangeInDbm={5,15}}, TransmitPower{ mTimeInMillis=0 mPowerRangeInDbm={15,20}}, TransmitPower{ mTimeInMillis=0 mPowerRangeInDbm={20,2147483647}}] mRxTimeMs=48846} [PHONE0]
11-02 13:00:42.699  4891  4891 D SST-SEM : [0] EVENT_SEM_SIGNAL_LEVEL_INFO_CHANGED
11-02 13:00:42.700  4891  4891 D SST-SEM : [0] SignalLevel: SignalBarInfo{ gsmLevel=4 }
11-02 13:02:45.364  4891  4891 D RILJ    : [2376]> RIL_REQUEST_GET_ACTIVITY_INFO [PHONE0]
11-02 13:02:45.370  4891  5122 D RILJ    : [2376]< RIL_REQUEST_GET_ACTIVITY_INFO ModemActivityInfo{ mTimestamp=420768405 mSleepTimeMs=366786 mIdleTimeMs=1986 mTransmitPowerInfo[]=[TransmitPower{ mTimeInMillis=0 mPowerRangeInDbm={-2147483648,0}}, TransmitPower{ mTimeInMillis=0 mPowerRangeInDbm={0,5}}, TransmitPower{ mTimeInMillis=0 mPowerRangeInDbm={5,15}}, TransmitPower{ mTimeInMillis=0 mPowerRangeInDbm={15,20}}, TransmitPower{ mTimeInMillis=0 mPowerRangeInDbm={20,2147483647}}] mRxTimeMs=20856} [PHONE0]
11-02 13:04:51.362  4891  4891 D RILJ    : [2377]> RIL_REQUEST_GET_ACTIVITY_INFO [PHONE0]
11-02 13:04:51.372  4891  5122 D RILJ    : [2377]< RIL_REQUEST_GET_ACTIVITY_INFO ModemActivityInfo{ mTimestamp=420894407 mSleepTimeMs=118409 mIdleTimeMs=1098 mTransmitPowerInfo[]=[TransmitPower{ mTimeInMillis=0 mPowerRangeInDbm={-2147483648,0}}, TransmitPower{ mTimeInMillis=0 mPowerRangeInDbm={0,5}}, TransmitPower{ mTimeInMillis=0 mPowerRangeInDbm={5,15}}, TransmitPower{ mTimeInMillis=0 mPowerRangeInDbm={15,20}}, TransmitPower{ mTimeInMillis=0 mPowerRangeInDbm={20,2147483647}}] mRxTimeMs=6501} [PHONE0]
11-02 13:19:23.705  4891  2462 D SubscriptionController: getSimStateForSlotIndex:  simState=LOADED ordinal=10 slotIndex=0
11-02 13:25:39.355  4891  4891 D RILJ    : [2378]> RIL_REQUEST_GET_ACTIVITY_INFO [PHONE0]
11-02 13:25:39.364  4891  5122 D RILJ    : [2378]< RIL_REQUEST_GET_ACTIVITY_INFO ModemActivityInfo{ mTimestamp=422142398 mSleepTimeMs=1177112 mIdleTimeMs=4922 mTransmitPowerInfo[]=[TransmitPower{ mTimeInMillis=0 mPowerRangeInDbm={-2147483648,0}}, TransmitPower{ mTimeInMillis=0 mPowerRangeInDbm={0,5}}, TransmitPower{ mTimeInMillis=0 mPowerRangeInDbm={5,15}}, TransmitPower{ mTimeInMillis=0 mPowerRangeInDbm={15,20}}, TransmitPower{ mTimeInMillis=0 mPowerRangeInDbm={20,2147483647}}] mRxTimeMs=65958} [PHONE0]
11-02 13:32:46.351  4891  4891 D RILJ    : [2379]> RIL_REQUEST_GET_ACTIVITY_INFO [PHONE0]
11-02 13:32:46.358  4891  5122 D RILJ    : [2379]< RIL_REQUEST_GET_ACTIVITY_INFO ModemActivityInfo{ mTimestamp=422569393 mSleepTimeMs=402181 mIdleTimeMs=2306 mTransmitPowerInfo[]=[TransmitPower{ mTimeInMillis=0 mPowerRangeInDbm={-2147483648,0}}, TransmitPower{ mTimeInMillis=0 mPowerRangeInDbm={0,5}}, TransmitPower{ mTimeInMillis=0 mPowerRangeInDbm={5,15}}, TransmitPower{ mTimeInMillis=0 mPowerRangeInDbm={15,20}}, TransmitPower{ mTimeInMillis=0 mPowerRangeInDbm={20,2147483647}}] mRxTimeMs=22506} [PHONE0]
11-02 13:41:16.869  4891  4891 D RILJ    : [2380]> RIL_REQUEST_GET_ACTIVITY_INFO [PHONE0]
11-02 13:41:16.879  4891  5122 D RILJ    : [2380]< RIL_REQUEST_GET_ACTIVITY_INFO ModemActivityInfo{ mTimestamp=423079913 mSleepTimeMs=481496 mIdleTimeMs=2307 mTransmitPowerInfo[]=[TransmitPower{ mTimeInMillis=0 mPowerRangeInDbm={-2147483648,0}}, TransmitPower{ mTimeInMillis=0 mPowerRangeInDbm={0,5}}, TransmitPower{ mTimeInMillis=0 mPowerRangeInDbm={5,15}}, TransmitPower{ mTimeInMillis=0 mPowerRangeInDbm={15,20}}, TransmitPower{ mTimeInMillis=0 mPowerRangeInDbm={20,2147483647}}] mRxTimeMs=26719} [PHONE0]
11-02 13:54:53.651  4891  4891 D SST-SEM : [1] requestAllCellInfo - UID: 1001, PID: 4891
11-02 13:56:16.155  4891  4891 D RILJ    : [2381]> RIL_REQUEST_GET_CELL_INFO_LIST [PHONE1]
11-02 13:56:16.170  4891  5122 D RILJ    : [2381]< RIL_REQUEST_GET_CELL_INFO_LIST  [PHONE1]
11-02 13:56:16.170  4891  4891 D SubscriptionController: [getSubId]- numSubIds == 0, return null slotIndex=1
11-02 13:56:16.172  4891  4891 D LocaleTracker-1: processCellInfo: cell info=[]
11-02 13:56:16.172  4891  4891 D LocaleTracker-1: updateLocale: countryIso = , countryIsoDebugInfo = getCarrierCountry()
11-02 13:56:16.172  4891  4891 D LocaleTracker-1: updateLocale: timeZoneCountryIso = , timeZoneCountryIsoDebugInfo = Defaulted: getCarrierCountry()
11-02 13:56:16.172  4891  4891 D NewNitzStateMachineImpl-1: handleCountryUnavailable: mLatestNitzSignal=null
11-02 13:56:16.173  4891  4891 D NewNitzStateMachineImpl-1: doTimeZoneDetection: countryIsoCode=null, nitzSignal=null, suggestion=TelephonyTimeZoneSuggestion{mSlotIndex=1, mZoneId='null', mMatchType=0, mQuality=0, mDebugInfo=[getTimeZoneSuggestion: nitzSignal=null, countryIsoCode=null, Detection reason=handleCountryUnavailable()]}, reason=handleCountryUnavailable()
11-02 13:56:16.173  4891  4891 D LocaleTracker-1: processCellInfo: cell info=[]
11-02 13:56:16.173  4891  4891 D LocaleTracker-1: updateLocale: countryIso = , countryIsoDebugInfo = getCarrierCountry()
11-02 13:56:16.173  4891  4891 D LocaleTracker-1: updateLocale: timeZoneCountryIso = , timeZoneCountryIsoDebugInfo = Defaulted: getCarrierCountry()
11-02 13:56:16.173  4891  4891 D NewNitzStateMachineImpl-1: handleCountryUnavailable: mLatestNitzSignal=null
11-02 13:56:16.173  4891  4891 D NewNitzStateMachineImpl-1: doTimeZoneDetection: countryIsoCode=null, nitzSignal=null, suggestion=TelephonyTimeZoneSuggestion{mSlotIndex=1, mZoneId='null', mMatchType=0, mQuality=0, mDebugInfo=[getTimeZoneSuggestion: nitzSignal=null, countryIsoCode=null, Detection reason=handleCountryUnavailable()]}, reason=handleCountryUnavailable()
11-02 13:56:16.173  4891  4891 D LocaleTracker-1: Can't get cell info. Try again in 600 secs.
11-02 14:02:45.161  4891  4891 D RILJ    : [2382]> RIL_REQUEST_GET_ACTIVITY_INFO [PHONE0]
11-02 14:02:45.166  4891  5122 D RILJ    : [2382]< RIL_REQUEST_GET_ACTIVITY_INFO ModemActivityInfo{ mTimestamp=424368201 mSleepTimeMs=1214345 mIdleTimeMs=5720 mTransmitPowerInfo[]=[TransmitPower{ mTimeInMillis=0 mPowerRangeInDbm={-2147483648,0}}, TransmitPower{ mTimeInMillis=0 mPowerRangeInDbm={0,5}}, TransmitPower{ mTimeInMillis=0 mPowerRangeInDbm={5,15}}, TransmitPower{ mTimeInMillis=0 mPowerRangeInDbm={15,20}}, TransmitPower{ mTimeInMillis=0 mPowerRangeInDbm={20,2147483647}}] mRxTimeMs=68221} [PHONE0]
11-02 14:02:45.779  4891  4891 D RILJ    : [2383]> RIL_REQUEST_GET_ACTIVITY_INFO [PHONE0]
11-02 14:02:45.786  4891  5122 D RILJ    : [2383]< RIL_REQUEST_GET_ACTIVITY_INFO ModemActivityInfo{ mTimestamp=424368821 mSleepTimeMs=0 mIdleTimeMs=536 mTransmitPowerInfo[]=[TransmitPower{ mTimeInMillis=0 mPowerRangeInDbm={-2147483648,0}}, TransmitPower{ mTimeInMillis=0 mPowerRangeInDbm={0,5}}, TransmitPower{ mTimeInMillis=0 mPowerRangeInDbm={5,15}}, TransmitPower{ mTimeInMillis=0 mPowerRangeInDbm={15,20}}, TransmitPower{ mTimeInMillis=0 mPowerRangeInDbm={20,2147483647}}] mRxTimeMs=82} [PHONE0]
11-02 14:20:27.205  4891  4891 D RILJ    : [2384]> RIL_REQUEST_GET_ACTIVITY_INFO [PHONE0]
11-02 14:20:27.213  4891  5122 D RILJ    : [2384]< RIL_REQUEST_GET_ACTIVITY_INFO ModemActivityInfo{ mTimestamp=425430248 mSleepTimeMs=1001499 mIdleTimeMs=4038 mTransmitPowerInfo[]=[TransmitPower{ mTimeInMillis=0 mPowerRangeInDbm={-2147483648,0}}, TransmitPower{ mTimeInMillis=0 mPowerRangeInDbm={0,5}}, TransmitPower{ mTimeInMillis=0 mPowerRangeInDbm={5,15}}, TransmitPower{ mTimeInMillis=0 mPowerRangeInDbm={15,20}}, TransmitPower{ mTimeInMillis=0 mPowerRangeInDbm={20,2147483647}}] mRxTimeMs=55883} [PHONE0]
11-02 14:20:27.588  4891  4891 D RILJ    : [2385]> RIL_REQUEST_GET_ACTIVITY_INFO [PHONE0]
11-02 14:20:27.593  4891  5122 D RILJ    : [2385]< RIL_REQUEST_GET_ACTIVITY_INFO ModemActivityInfo{ mTimestamp=425430628 mSleepTimeMs=0 mIdleTimeMs=380 mTransmitPowerInfo[]=[TransmitPower{ mTimeInMillis=0 mPowerRangeInDbm={-2147483648,0}}, TransmitPower{ mTimeInMillis=0 mPowerRangeInDbm={0,5}}, TransmitPower{ mTimeInMillis=0 mPowerRangeInDbm={5,15}}, TransmitPower{ mTimeInMillis=0 mPowerRangeInDbm={15,20}}, TransmitPower{ mTimeInMillis=0 mPowerRangeInDbm={20,2147483647}}] mRxTimeMs=0} [PHONE0]
11-02 14:30:42.919  4891  4891 D RILJ    : [2386]> RIL_REQUEST_GET_ACTIVITY_INFO [PHONE0]
11-02 14:30:42.929  4891  5122 D RILJ    : [2386]< RIL_REQUEST_GET_ACTIVITY_INFO ModemActivityInfo{ mTimestamp=426045963 mSleepTimeMs=580318 mIdleTimeMs=2613 mTransmitPowerInfo[]=[TransmitPower{ mTimeInMillis=0 mPowerRangeInDbm={-2147483648,0}}, TransmitPower{ mTimeInMillis=0 mPowerRangeInDbm={0,5}}, TransmitPower{ mTimeInMillis=0 mPowerRangeInDbm={5,15}}, TransmitPower{ mTimeInMillis=0 mPowerRangeInDbm={15,20}}, TransmitPower{ mTimeInMillis=0 mPowerRangeInDbm={20,2147483647}}] mRxTimeMs=32404} [PHONE0]
11-02 14:32:45.562  4891  4891 D RILJ    : [2387]> RIL_REQUEST_GET_ACTIVITY_INFO [PHONE0]
11-02 14:32:45.570  4891  5122 D RILJ    : [2387]< RIL_REQUEST_GET_ACTIVITY_INFO ModemActivityInfo{ mTimestamp=426168604 mSleepTimeMs=114860 mIdleTimeMs=1287 mTransmitPowerInfo[]=[TransmitPower{ mTimeInMillis=0 mPowerRangeInDbm={-2147483648,0}}, TransmitPower{ mTimeInMillis=0 mPowerRangeInDbm={0,5}}, TransmitPower{ mTimeInMillis=0 mPowerRangeInDbm={5,15}}, TransmitPower{ mTimeInMillis=0 mPowerRangeInDbm={15,20}}, TransmitPower{ mTimeInMillis=0 mPowerRangeInDbm={20,2147483647}}] mRxTimeMs=6500} [PHONE0]
11-02 14:37:58.724  4368  4472 E RILC    : unsupported OEM unsolicated response code 11009
11-02 14:37:58.725  4367  5925 D RILClient: processUnsolicited(): resp_id (11009), len(12)
11-02 14:37:58.725  4367  5925 D RILClient: processUnsolicited(): unsol_func resp_id (11009), len(12)
11-02 14:37:58.727  4332  4674 D RILClient: processUnsolicited(): resp_id (11009), len(12)
11-02 14:37:58.836  4891  4891 D SST-SEM : [0] requestAllCellInfo - UID: 1001, PID: 4891
11-02 14:37:58.838  4891  4891 D RILJ    : [2388]> RIL_REQUEST_GET_CELL_INFO_LIST [PHONE0]
11-02 14:37:58.853  4891  5122 D RILJ    : [2388]< RIL_REQUEST_GET_CELL_INFO_LIST  [PHONE0]
11-02 14:37:58.854  4891  4891 D SIMRecords: [SIMRecords-0] getAllEonsNames, servicestate = 0
11-02 14:37:58.854  4891  4891 D SST-SEM : [0] getEons PNN: null
11-02 14:37:58.854  4891  4891 D SST-SEM : [0] getEons EONS: null
11-02 14:37:58.859  4891  4891 D LocaleTracker-0: processCellInfo: cell info=[CellInfoGsm:{mRegistered=YES mTimeStamp=426481885534036ns mCellConnectionStatus=0 CellIdentityGsm:{ mLac=1***3 mCid=4**4 mArfcn=51 mBsic=0x1e mMcc=452 mMnc=04 mAlphaLong=VIETTEL mAlphaShort=VIETTEL mAdditionalPlmns={}} CellSignalStrengthGsm: rssi=-51 ber=2147483647 mTa=3 mLevel=4}, CellInfoGsm:{mRegistered=NO mTimeStamp=426481885534036ns mCellConnectionStatus=0 CellIdentityGsm:{ mLac=0 mCid=**6 mArfcn=714 mBsic=0x18 mMcc=null mMnc=null mAlphaLong= mAlphaShort= mAdditionalPlmns={}} CellSignalStrengthGsm: rssi=-51 ber=0 mTa=0 mLevel=4}, CellInfoGsm:{mRegistered=NO mTimeStamp=426481885534036ns mCellConnectionStatus=0 CellIdentityGsm:{ mLac=0 mCid=4***2 mArfcn=718 mBsic=0x9 mMcc=null mMnc=null mAlphaLong= mAlphaShort= mAdditionalPlmns={}} CellSignalStrengthGsm: rssi=-51 ber=0 mTa=0 mLevel=4}, CellInfoGsm:{mRegistered=NO mTimeStamp=426481885534036ns mCellConnectionStatus=0 CellIdentityGsm:{ mLac=0 mCid=6***5 mArfcn=727 mBsic=0x7fffffff mMcc=null mMnc=null mAlphaLong= mAlphaShort= mAdditionalPlmns={}} CellSignalStrengthGsm: rssi=-51 ber=0 mTa=0 mLevel=4}, CellInfoGsm:{mRegistered=NO mTimeStamp=426481885534036ns mCellConnectionStatus=0 CellIdentityGsm:{ mLac=0 mCid=6***5 mArfcn=55 mBsic=0x1f mMcc=null mMnc=null mAlphaLong= mAlphaShort= mAdditionalPlmns={}} CellSignalStrengthGsm: rssi=-51 ber=0 mTa=0 mLevel=4}, CellInfoGsm:{mRegistered=NO mTimeStamp=426481885534036ns mCellConnectionStatus=0 CellIdentityGsm:{ mLac=0 mCid=4***8 mArfcn=797 mBsic=0x29 mMcc=null mMnc=null mAlphaLong= mAlphaShort= mAdditionalPlmns={}} CellSignalStrengthGsm: rssi=-51 ber=0 mTa=0 mLevel=4}, CellInfoGsm:{mRegistered=NO mTimeStamp=426481885534036ns mCellConnectionStatus=0 CellIdentityGsm:{ mLac=0 mCid=6***5 mArfcn=713 mBsic=0x7fffffff mMcc=null mMnc=null mAlphaLong= mAlphaShort= mAdditionalPlmns={}} CellSignalStrengthGsm: rssi=-51 ber=0 mTa=0 mLevel=4}, CellInfoGsm:{mRegistered=NO mTimeStamp=426481885534036ns mCellConnectionStatus=0 CellIdentityGsm:{ mLac=0 mCid=6***5 mArfcn=799 mBsic=0x7fffffff mMcc=null mMnc=null mAlphaLong= mAlphaShort= mAdditionalPlmns={}} CellSignalStrengthGsm: rssi=-51 ber=0 mTa=0 mLevel=4}, CellInfoGsm:{mRegistered=NO mTimeStamp=426481885534036ns mCellConnectionStatus=0 CellIdentityGsm:{ mLac=0 mCid=6***5 mArfcn=53 mBsic=0x7fffffff mMcc=null mMnc=null mAlphaLong= mAlphaShort= mAdditionalPlmns={}} CellSignalStrengthGsm: rssi=-51 ber=0 mTa=0 mLevel=4}, CellInfoGsm:{mRegistered=NO mTimeStamp=426481885534036ns mCellConnectionStatus=0 CellIdentityGsm:{ mLac=0 mCid=6***5 mArfcn=43 mBsic=0x7fffffff mMcc=null mMnc=null mAlphaLong= mAlphaShort= mAdditionalPlmns={}} CellSignalStrengthGsm: rssi=-51 ber=0 mTa=0 mLevel=4}, CellInfoGsm:{mRegistered=NO mTimeStamp=426481885534036ns mCellConnectionStatus=0 CellIdentityGsm:{ mLac=0 mCid=6***5 mArfcn=716 mBsic=0x7fffffff mMcc=null mMnc=null mAlphaLong= mAlphaShort= mAdditionalPlmns={}} CellSignalStrengthGsm: rssi=-51 ber=0 mTa=0 mLevel=4}, CellInfoGsm:{mRegistered=NO mTimeStamp=426481885534036ns mCellConnectionStatus=0 CellIdentityGsm:{ mLac=0 mCid=6***5 mArfcn=47 mBsic=0x7fffffff mMcc=null mMnc=null mAlphaLong= mAlphaShort= mAdditionalPlmns={}} CellSignalStrengthGsm: rssi=-51 ber=0 mTa=0 mLevel=4}, CellInfoGsm:{mRegistered=NO mTimeStamp=426481885534036ns mCellConnectionStatus=0 CellIdentityGsm:{ mLac=0 mCid=6***5 mArfcn=798 mBsic=0x7fffffff mMcc=null mMnc=null mAlphaLong= mAlphaShort= mAdditionalPlmns={}} CellSignalStrengthGsm: rssi=-51 ber=0 mTa=0 mLevel=4}, CellInfoGsm:{mRegistered=NO mTimeStamp=426481885534036ns mCellConnectionStatus=0 CellIdentityGsm:{ mLac=0 mCid=6***5 mArfcn=712 mBsic=0x7fffffff mMcc=null mMnc=null mAlphaLong= mAlphaShort= mAdditionalPlmns={}} CellSignalStrengthGsm: rssi=-51 ber=0 mTa=0 mLevel=4}, CellInfoGsm:{mRegistered=NO mTimeStamp=426481885534036ns mCellConnectionStatus=0 CellIdentityGsm:{ mLac=0 mCid=6***5 mArfcn=45 mBsic=0x7fffffff mMcc=null mMnc=null mAlphaLong= mAlphaShort= mAdditionalPlmns={}} CellSignalStrengthGsm: rssi=-51 ber=0 mTa=0 mLevel=4}, CellInfoGsm:{mRegistered=NO mTimeStamp=42648188
11-02 14:37:58.860  4891  4891 D LocaleTracker-0: updateLocale: countryIso = vn, countryIsoDebugInfo = OperatorNumeric(45204): MccTable.countryCodeForMcc("452")
11-02 14:37:58.860  4891  4891 D LocaleTracker-0: updateLocale: timeZoneCountryIso = vn, timeZoneCountryIsoDebugInfo = OperatorNumeric: MccTable.geoCountryCodeForMccMnc(MccMnc{mcc='452', mnc='04'})
11-02 14:37:58.860  4891  4891 D NewNitzStateMachineImpl-0: handleCountryDetected: countryIsoCode=vn, mLatestNitzSignal=null
11-02 14:38:02.032  4891  4891 D RILJ    : [2389]> RIL_REQUEST_GET_ACTIVITY_INFO [PHONE0]
11-02 14:38:02.035  4630  4634 D Multi-Client: OemClient::ProcessBuffer() from [xxx], token[1], datalen[5]
11-02 14:38:02.040  4630  4633 D Multi-Client: Oem OnRequestComplete:
11-02 14:38:02.041  4891  5122 D RILJ    : [2389]< RIL_REQUEST_GET_ACTIVITY_INFO ModemActivityInfo{ mTimestamp=426485075 mSleepTimeMs=297576 mIdleTimeMs=2315 mTransmitPowerInfo[]=[TransmitPower{ mTimeInMillis=0 mPowerRangeInDbm={-2147483648,0}}, TransmitPower{ mTimeInMillis=0 mPowerRangeInDbm={0,5}}, TransmitPower{ mTimeInMillis=0 mPowerRangeInDbm={5,15}}, TransmitPower{ mTimeInMillis=0 mPowerRangeInDbm={15,20}}, TransmitPower{ mTimeInMillis=0 mPowerRangeInDbm={20,2147483647}}] mRxTimeMs=16576} [PHONE0]
11-02 14:38:02.485  4891  5931 D SubscriptionController: getSimStateForSlotIndex:  simState=LOADED ordinal=10 slotIndex=0
11-02 14:38:02.503  4891  5931 D SubscriptionController: getSimStateForSlotIndex:  simState=LOADED ordinal=10 slotIndex=0
11-02 14:38:03.041  4891  4891 D DDS-TelephonyNetworkFactory[1]: got request NetworkRequest [ TRACK_DEFAULT id=1054, [ Capabilities: INTERNET&NOT_RESTRICTED&TRUSTED Uid: 10151 AdministratorUids: [] RequestorUid: 10151 RequestorPackageName: com.microsoft.appmanager] ] with score 60 and providerId 5
11-02 14:38:03.041  4891  4891 D DDS-TelephonyNetworkFactory[0]: got request NetworkRequest [ TRACK_DEFAULT id=1054, [ Capabilities: INTERNET&NOT_RESTRICTED&TRUSTED Uid: 10151 AdministratorUids: [] RequestorUid: 10151 RequestorPackageName: com.microsoft.appmanager] ] with score 60 and providerId 5
11-02 14:38:03.045  4891  4891 D DDS-SemPhoneSwitcher: handleMessage msg={ when=0 what=103 obj=NetworkRequest [ TRACK_DEFAULT id=1054, [ Capabilities: INTERNET&NOT_RESTRICTED&TRUSTED Uid: 10151 AdministratorUids: [] RequestorUid: 10151 RequestorPackageName: com.microsoft.appmanager] ] target=com.android.internal.telephony.SemPhoneSwitcher }
11-02 14:38:03.055  4891  4891 E ApnConfigTypeRepository: Invalid apn type name, entry: ent2:2
11-02 14:38:03.056  4891  4891 E ApnConfigTypeRepository: Invalid apn type name, entry: ent2:2
11-02 14:38:03.056  4891  4891 D DcRequest: Cellular request confirmed: NetworkRequest [ TRACK_DEFAULT id=1054, [ Capabilities: INTERNET&NOT_RESTRICTED&TRUSTED Uid: 10151 AdministratorUids: [] RequestorUid: 10151 RequestorPackageName: com.microsoft.appmanager] ]
11-02 14:38:03.056  4891  4891 D SubscriptionController: [getSubId]- numSubIds == 0, return null slotIndex=1
11-02 14:38:03.056  4891  4891 D DDS-SemPhoneSwitcher: getRequestOverride : requestPhoneId = -1, mPreferredDataPhoneId = 0, mPrimaryDataSubId = 1
11-02 14:38:03.057  4891  4891 D DDS-SemPhoneSwitcher: getRequestOverride : RequestOverride(mState = NONE, mPhoneId = -1, mDelayReason = NONE)
11-02 14:38:03.057  4891  4891 D SubscriptionController: [getSubId]- numSubIds == 0, return null slotIndex=-1
11-02 14:38:03.057  4891  4891 D DDS-SemPhoneSwitcher: updatePreferredDataPhoneId: mPreferredDataPhoneId = 0(PRIMARYDATA)
11-02 14:38:03.059  4891  4891 D DDS-SemPhoneSwitcher: Added DcRequest, size: 30
11-02 14:38:03.196  4891  4891 D DDS-SemPhoneSwitcher: handleMessage msg={ when=0 what=104 obj=NetworkRequest [ TRACK_DEFAULT id=1054, [ Capabilities: INTERNET&NOT_RESTRICTED&TRUSTED Uid: 10151 AdministratorUids: [] RequestorUid: 10151 RequestorPackageName: com.microsoft.appmanager] ] target=com.android.internal.telephony.SemPhoneSwitcher }
11-02 14:38:03.205  4891  4891 E ApnConfigTypeRepository: Invalid apn type name, entry: ent2:2
11-02 14:38:03.205  4891  4891 E ApnConfigTypeRepository: Invalid apn type name, entry: ent2:2
11-02 14:38:03.206  4891  4891 D DcRequest: Cellular request confirmed: NetworkRequest [ TRACK_DEFAULT id=1054, [ Capabilities: INTERNET&NOT_RESTRICTED&TRUSTED Uid: 10151 AdministratorUids: [] RequestorUid: 10151 RequestorPackageName: com.microsoft.appmanager] ]
11-02 14:38:03.206  4891  4891 D SubscriptionController: [getSubId]- numSubIds == 0, return null slotIndex=1
11-02 14:38:03.206  4891  4891 D DDS-SemPhoneSwitcher: getRequestOverride : requestPhoneId = -1, mPreferredDataPhoneId = 0, mPrimaryDataSubId = 1
11-02 14:38:03.206  4891  4891 D DDS-SemPhoneSwitcher: getRequestOverride : RequestOverride(mState = NONE, mPhoneId = -1, mDelayReason = NONE)
11-02 14:38:03.207  4891  4891 D SubscriptionController: [getSubId]- numSubIds == 0, return null slotIndex=-1
11-02 14:38:03.207  4891  4891 D DDS-SemPhoneSwitcher: updatePreferredDataPhoneId: mPreferredDataPhoneId = 0(PRIMARYDATA)
11-02 14:38:03.211  4891  4891 D DDS-SemPhoneSwitcher: Removed DcRequest, size: 29
11-02 14:38:04.270  4891  4891 D DDS-TelephonyNetworkFactory[1]: got request NetworkRequest [ TRACK_DEFAULT id=1055, [ Capabilities: INTERNET&NOT_RESTRICTED&TRUSTED Uid: 10105 AdministratorUids: [] RequestorUid: 10105 RequestorPackageName: com.microsoft.skydrive] ] with score 60 and providerId 5
11-02 14:38:04.270  4891  4891 D DDS-TelephonyNetworkFactory[0]: got request NetworkRequest [ TRACK_DEFAULT id=1055, [ Capabilities: INTERNET&NOT_RESTRICTED&TRUSTED Uid: 10105 AdministratorUids: [] RequestorUid: 10105 RequestorPackageName: com.microsoft.skydrive] ] with score 60 and providerId 5
11-02 14:38:04.271  4891  4891 D DDS-SemPhoneSwitcher: handleMessage msg={ when=0 what=103 obj=NetworkRequest [ TRACK_DEFAULT id=1055, [ Capabilities: INTERNET&NOT_RESTRICTED&TRUSTED Uid: 10105 AdministratorUids: [] RequestorUid: 10105 RequestorPackageName: com.microsoft.skydrive] ] target=com.android.internal.telephony.SemPhoneSwitcher }
11-02 14:38:04.278  4891  4891 E ApnConfigTypeRepository: Invalid apn type name, entry: ent2:2
11-02 14:38:04.278  4891  4891 E ApnConfigTypeRepository: Invalid apn type name, entry: ent2:2
11-02 14:38:04.279  4891  4891 D DcRequest: Cellular request confirmed: NetworkRequest [ TRACK_DEFAULT id=1055, [ Capabilities: INTERNET&NOT_RESTRICTED&TRUSTED Uid: 10105 AdministratorUids: [] RequestorUid: 10105 RequestorPackageName: com.microsoft.skydrive] ]
11-02 14:38:04.279  4891  4891 D SubscriptionController: [getSubId]- numSubIds == 0, return null slotIndex=1
11-02 14:38:04.280  4891  4891 D DDS-SemPhoneSwitcher: getRequestOverride : requestPhoneId = -1, mPreferredDataPhoneId = 0, mPrimaryDataSubId = 1
11-02 14:38:04.280  4891  4891 D DDS-SemPhoneSwitcher: getRequestOverride : RequestOverride(mState = NONE, mPhoneId = -1, mDelayReason = NONE)
11-02 14:38:04.281  4891  4891 D SubscriptionController: [getSubId]- numSubIds == 0, return null slotIndex=-1
11-02 14:38:04.281  4891  4891 D DDS-SemPhoneSwitcher: updatePreferredDataPhoneId: mPreferredDataPhoneId = 0(PRIMARYDATA)
11-02 14:38:04.284  4891  4891 D DDS-SemPhoneSwitcher: Added DcRequest, size: 30
11-02 14:38:04.375  4891 10810 D SmsApplication: onPackageChanged: run
11-02 14:38:04.395  4891 10810 D SmsApplication: onPackageChanged: end
11-02 14:38:07.275  4630  4634 D Multi-Client: OemClient::ProcessBuffer() from [xxx], token[1], datalen[5]
11-02 14:38:07.276  4630  4633 D Multi-Client: Oem OnRequestComplete:
11-02 14:38:07.335  4891 10810 D SmsApplication: onPackageChanged: run
11-02 14:38:07.372  4891 10810 D SmsApplication: onPackageChanged: end
11-02 14:38:08.889  4891  4909 D SubscriptionController: getSimStateForSlotIndex:  simState=LOADED ordinal=10 slotIndex=0
11-02 14:38:08.913  4891  4909 D SubscriptionController: [getActiveSubscriptionInfoForSimSlotIndex]+ slotIndex= XXX subId= XXX
11-02 14:38:19.923  4891  4891 D DDS-SemPhoneSwitcher: handleMessage msg={ when=0 what=104 obj=NetworkRequest [ TRACK_DEFAULT id=1051, [ Capabilities: INTERNET&NOT_RESTRICTED&TRUSTED Uid: 10242 AdministratorUids: [] RequestorUid: 10242 RequestorPackageName: com.google.android.youtube] ] target=com.android.internal.telephony.SemPhoneSwitcher }
11-02 14:38:19.934  4891  4891 E ApnConfigTypeRepository: Invalid apn type name, entry: ent2:2
11-02 14:38:19.935  4891  4891 E ApnConfigTypeRepository: Invalid apn type name, entry: ent2:2
11-02 14:38:19.935  4891  4891 D DcRequest: Cellular request confirmed: NetworkRequest [ TRACK_DEFAULT id=1051, [ Capabilities: INTERNET&NOT_RESTRICTED&TRUSTED Uid: 10242 AdministratorUids: [] RequestorUid: 10242 RequestorPackageName: com.google.android.youtube] ]
11-02 14:38:19.937  4891  4891 D SubscriptionController: [getSubId]- numSubIds == 0, return null slotIndex=1
11-02 14:38:19.937  4891  4891 D DDS-SemPhoneSwitcher: getRequestOverride : requestPhoneId = -1, mPreferredDataPhoneId = 0, mPrimaryDataSubId = 1
11-02 14:38:19.938  4891  4891 D DDS-SemPhoneSwitcher: getRequestOverride : RequestOverride(mState = NONE, mPhoneId = -1, mDelayReason = NONE)
11-02 14:38:19.939  4891  4891 D SubscriptionController: [getSubId]- numSubIds == 0, return null slotIndex=-1
11-02 14:38:19.939  4891  4891 D DDS-SemPhoneSwitcher: updatePreferredDataPhoneId: mPreferredDataPhoneId = 0(PRIMARYDATA)
11-02 14:38:19.947  4891  4891 D DDS-SemPhoneSwitcher: Removed DcRequest, size: 29
11-02 14:38:19.948  4891  4891 D DDS-SemPhoneSwitcher: handleMessage msg={ when=-25ms what=104 obj=NetworkRequest [ TRACK_DEFAULT id=1050, [ Capabilities: INTERNET&NOT_RESTRICTED&TRUSTED Uid: 10242 AdministratorUids: [] RequestorUid: 10242 RequestorPackageName: com.google.android.youtube] ] target=com.android.internal.telephony.SemPhoneSwitcher }
11-02 14:38:19.965  4891  4891 E ApnConfigTypeRepository: Invalid apn type name, entry: ent2:2
11-02 14:38:19.966  4891  4891 E ApnConfigTypeRepository: Invalid apn type name, entry: ent2:2
11-02 14:38:19.966  4891  4891 D DcRequest: Cellular request confirmed: NetworkRequest [ TRACK_DEFAULT id=1050, [ Capabilities: INTERNET&NOT_RESTRICTED&TRUSTED Uid: 10242 AdministratorUids: [] RequestorUid: 10242 RequestorPackageName: com.google.android.youtube] ]
11-02 14:38:19.966  4891  4891 D SubscriptionController: [getSubId]- numSubIds == 0, return null slotIndex=1
11-02 14:38:19.966  4891  4891 D DDS-SemPhoneSwitcher: getRequestOverride : requestPhoneId = -1, mPreferredDataPhoneId = 0, mPrimaryDataSubId = 1
11-02 14:38:19.967  4891  4891 D DDS-SemPhoneSwitcher: getRequestOverride : RequestOverride(mState = NONE, mPhoneId = -1, mDelayReason = NONE)
11-02 14:38:19.967  4891  4891 D SubscriptionController: [getSubId]- numSubIds == 0, return null slotIndex=-1
11-02 14:38:19.967  4891  4891 D DDS-SemPhoneSwitcher: updatePreferredDataPhoneId: mPreferredDataPhoneId = 0(PRIMARYDATA)
11-02 14:38:19.971  4891  4891 D DDS-SemPhoneSwitcher: Removed DcRequest, size: 28
11-02 14:38:19.972  4891  4891 D DDS-SemPhoneSwitcher: handleMessage msg={ when=-49ms what=104 obj=NetworkRequest [ TRACK_DEFAULT id=1047, [ Capabilities: INTERNET&NOT_RESTRICTED&TRUSTED Uid: 10242 AdministratorUids: [] RequestorUid: 10242 RequestorPackageName: com.google.android.youtube] ] target=com.android.internal.telephony.SemPhoneSwitcher }
11-02 14:38:19.978  4891  4891 E ApnConfigTypeRepository: Invalid apn type name, entry: ent2:2
11-02 14:38:19.978  4891  4891 E ApnConfigTypeRepository: Invalid apn type name, entry: ent2:2
11-02 14:38:19.978  4891  4891 D DcRequest: Cellular request confirmed: NetworkRequest [ TRACK_DEFAULT id=1047, [ Capabilities: INTERNET&NOT_RESTRICTED&TRUSTED Uid: 10242 AdministratorUids: [] RequestorUid: 10242 RequestorPackageName: com.google.android.youtube] ]
11-02 14:38:19.978  4891  4891 D SubscriptionController: [getSubId]- numSubIds == 0, return null slotIndex=1
11-02 14:38:19.978  4891  4891 D DDS-SemPhoneSwitcher: getRequestOverride : requestPhoneId = -1, mPreferredDataPhoneId = 0, mPrimaryDataSubId = 1
11-02 14:38:19.979  4891  4891 D DDS-SemPhoneSwitcher: getRequestOverride : RequestOverride(mState = NONE, mPhoneId = -1, mDelayReason = NONE)
11-02 14:38:19.979  4891  4891 D SubscriptionController: [getSubId]- numSubIds == 0, return null slotIndex=-1
11-02 14:38:19.979  4891  4891 D DDS-SemPhoneSwitcher: updatePreferredDataPhoneId: mPreferredDataPhoneId = 0(PRIMARYDATA)
11-02 14:38:19.985  4891  4891 D DDS-SemPhoneSwitcher: Removed DcRequest, size: 27
11-02 14:38:19.986  4891  4891 D DDS-SemPhoneSwitcher: handleMessage msg={ when=-1ms what=104 obj=NetworkRequest [ TRACK_DEFAULT id=1049, [ Capabilities: INTERNET&NOT_RESTRICTED&TRUSTED Uid: 10242 AdministratorUids: [] RequestorUid: 10242 RequestorPackageName: com.google.android.youtube] ] target=com.android.internal.telephony.SemPhoneSwitcher }
11-02 14:38:19.990  4891  4891 E ApnConfigTypeRepository: Invalid apn type name, entry: ent2:2
11-02 14:38:19.990  4891  4891 E ApnConfigTypeRepository: Invalid apn type name, entry: ent2:2
11-02 14:38:19.990  4891  4891 D DcRequest: Cellular request confirmed: NetworkRequest [ TRACK_DEFAULT id=1049, [ Capabilities: INTERNET&NOT_RESTRICTED&TRUSTED Uid: 10242 AdministratorUids: [] RequestorUid: 10242 RequestorPackageName: com.google.android.youtube] ]
11-02 14:38:19.990  4891  4891 D SubscriptionController: [getSubId]- numSubIds == 0, return null slotIndex=1
11-02 14:38:19.991  4891  4891 D DDS-SemPhoneSwitcher: getRequestOverride : requestPhoneId = -1, mPreferredDataPhoneId = 0, mPrimaryDataSubId = 1
11-02 14:38:19.991  4891  4891 D DDS-SemPhoneSwitcher: getRequestOverride : RequestOverride(mState = NONE, mPhoneId = -1, mDelayReason = NONE)
11-02 14:38:19.991  4891  4891 D SubscriptionController: [getSubId]- numSubIds == 0, return null slotIndex=-1
11-02 14:38:19.991  4891  4891 D DDS-SemPhoneSwitcher: updatePreferredDataPhoneId: mPreferredDataPhoneId = 0(PRIMARYDATA)
11-02 14:38:19.992  4891  4891 D DDS-SemPhoneSwitcher: Removed DcRequest, size: 26
11-02 14:38:19.992  4891  4891 D DDS-SemPhoneSwitcher: handleMessage msg={ when=-6ms what=104 obj=NetworkRequest [ TRACK_DEFAULT id=1052, [ Capabilities: INTERNET&NOT_RESTRICTED&TRUSTED Uid: 10242 AdministratorUids: [] RequestorUid: 10242 RequestorPackageName: com.google.android.youtube] ] target=com.android.internal.telephony.SemPhoneSwitcher }
11-02 14:38:19.996  4891  4891 E ApnConfigTypeRepository: Invalid apn type name, entry: ent2:2
11-02 14:38:19.997  4891  4891 E ApnConfigTypeRepository: Invalid apn type name, entry: ent2:2
11-02 14:38:19.997  4891  4891 D DcRequest: Cellular request confirmed: NetworkRequest [ TRACK_DEFAULT id=1052, [ Capabilities: INTERNET&NOT_RESTRICTED&TRUSTED Uid: 10242 AdministratorUids: [] RequestorUid: 10242 RequestorPackageName: com.google.android.youtube] ]
11-02 14:38:19.997  4891  4891 D SubscriptionController: [getSubId]- numSubIds == 0, return null slotIndex=1
11-02 14:38:19.997  4891  4891 D DDS-SemPhoneSwitcher: getRequestOverride : requestPhoneId = -1, mPreferredDataPhoneId = 0, mPrimaryDataSubId = 1
11-02 14:38:19.997  4891  4891 D DDS-SemPhoneSwitcher: getRequestOverride : RequestOverride(mState = NONE, mPhoneId = -1, mDelayReason = NONE)
11-02 14:38:19.998  4891  4891 D SubscriptionController: [getSubId]- numSubIds == 0, return null slotIndex=-1
11-02 14:38:19.998  4891  4891 D DDS-SemPhoneSwitcher: updatePreferredDataPhoneId: mPreferredDataPhoneId = 0(PRIMARYDATA)
11-02 14:38:19.998  4891  4891 D DDS-SemPhoneSwitcher: Removed DcRequest, size: 25
11-02 14:38:24.230  4891  4891 D DDS-SemPhoneSwitcher: handleMessage msg={ when=0 what=104 obj=NetworkRequest [ TRACK_DEFAULT id=999, [ Capabilities: INTERNET&NOT_RESTRICTED&TRUSTED Uid: 10109 AdministratorUids: [] RequestorUid: 10109 RequestorPackageName: com.android.vending] ] target=com.android.internal.telephony.SemPhoneSwitcher }
11-02 14:38:24.240  4891  4891 E ApnConfigTypeRepository: Invalid apn type name, entry: ent2:2
11-02 14:38:24.240  4891  4891 E ApnConfigTypeRepository: Invalid apn type name, entry: ent2:2
11-02 14:38:24.240  4891  4891 D DcRequest: Cellular request confirmed: NetworkRequest [ TRACK_DEFAULT id=999, [ Capabilities: INTERNET&NOT_RESTRICTED&TRUSTED Uid: 10109 AdministratorUids: [] RequestorUid: 10109 RequestorPackageName: com.android.vending] ]
11-02 14:38:24.241  4891  4891 D SubscriptionController: [getSubId]- numSubIds == 0, return null slotIndex=1
11-02 14:38:24.241  4891  4891 D DDS-SemPhoneSwitcher: getRequestOverride : requestPhoneId = -1, mPreferredDataPhoneId = 0, mPrimaryDataSubId = 1
11-02 14:38:24.241  4891  4891 D DDS-SemPhoneSwitcher: getRequestOverride : RequestOverride(mState = NONE, mPhoneId = -1, mDelayReason = NONE)
11-02 14:38:24.242  4891  4891 D SubscriptionController: [getSubId]- numSubIds == 0, return null slotIndex=-1
11-02 14:38:24.242  4891  4891 D DDS-SemPhoneSwitcher: updatePreferredDataPhoneId: mPreferredDataPhoneId = 0(PRIMARYDATA)
11-02 14:38:24.244  4891  4891 D DDS-SemPhoneSwitcher: Removed DcRequest, size: 24
11-02 14:38:25.828  4891  4909 D SubscriptionController: getSimStateForSlotIndex:  simState=LOADED ordinal=10 slotIndex=0
11-02 14:38:25.976  4891  4891 D DDS-TelephonyNetworkFactory[1]: got request NetworkRequest [ TRACK_DEFAULT id=1056, [ Capabilities: INTERNET&NOT_RESTRICTED&TRUSTED Uid: 10109 AdministratorUids: [] RequestorUid: 10109 RequestorPackageName: com.android.vending] ] with score 60 and providerId 5
11-02 14:38:25.976  4891  4891 D DDS-TelephonyNetworkFactory[0]: got request NetworkRequest [ TRACK_DEFAULT id=1056, [ Capabilities: INTERNET&NOT_RESTRICTED&TRUSTED Uid: 10109 AdministratorUids: [] RequestorUid: 10109 RequestorPackageName: com.android.vending] ] with score 60 and providerId 5
11-02 14:38:25.976  4891  4891 D DDS-SemPhoneSwitcher: handleMessage msg={ when=0 what=103 obj=NetworkRequest [ TRACK_DEFAULT id=1056, [ Capabilities: INTERNET&NOT_RESTRICTED&TRUSTED Uid: 10109 AdministratorUids: [] RequestorUid: 10109 RequestorPackageName: com.android.vending] ] target=com.android.internal.telephony.SemPhoneSwitcher }
11-02 14:38:25.986  4891  4891 E ApnConfigTypeRepository: Invalid apn type name, entry: ent2:2
11-02 14:38:25.986  4891  4891 E ApnConfigTypeRepository: Invalid apn type name, entry: ent2:2
11-02 14:38:25.986  4891  4891 D DcRequest: Cellular request confirmed: NetworkRequest [ TRACK_DEFAULT id=1056, [ Capabilities: INTERNET&NOT_RESTRICTED&TRUSTED Uid: 10109 AdministratorUids: [] RequestorUid: 10109 RequestorPackageName: com.android.vending] ]
11-02 14:38:25.987  4891  4891 D SubscriptionController: [getSubId]- numSubIds == 0, return null slotIndex=1
11-02 14:38:25.987  4891  4891 D DDS-SemPhoneSwitcher: getRequestOverride : requestPhoneId = -1, mPreferredDataPhoneId = 0, mPrimaryDataSubId = 1
11-02 14:38:25.987  4891  4891 D DDS-SemPhoneSwitcher: getRequestOverride : RequestOverride(mState = NONE, mPhoneId = -1, mDelayReason = NONE)
11-02 14:38:25.987  4891  4891 D SubscriptionController: [getSubId]- numSubIds == 0, return null slotIndex=-1
