11-02 10:41:12.227  4891  4891 D SST     : [0] Poll ServiceState done: oldSS=[{mVoiceRegState=1(OUT_OF_SERVICE), mDataRegState=1(OUT_OF_SERVICE), mChannelNumber=2147483647, duplexMode()=0, mCellBandwidths=[], isManualNetworkSelection=false(automatic), getRilVoiceRadioTechnology=16(GSM), getRilDataRadioTechnology=0(Unknown), mCssIndicator=unsupported, mCdmaRoamingIndicator=-1, mCdmaDefaultRoamingIndicator=-1, VoiceRegType=0, ImsVoiceAvail=1, Snap=0, MobileVoice=OUT_OF_SERVICE, MobileData=OUT_OF_SERVICE, MobileDataRoamingType=home, MobileDataRat=Unknown, PsOnly=false, FemtocellInd=0, SprDisplayRoam=false, NrBearerStatus=0, 5gStatus=0, mIsEmergencyOnly=true, isUsingCarrierAggregation=false, mLteEarfcnRsrpBoost=0, mNetworkRegistrationInfos=[NetworkRegistrationInfo{ domain=CS transportType=WWAN registrationState=DENIED roamingType=NOT_ROAMING accessNetworkTechnology=GSM rejectCause=2 emergencyEnabled=true availableServices=[EMERGENCY] cellIdentity=CellIdentityGsm:{ mLac=1***3 mCid=5**8 mArfcn=2147483647 mBsic=0x7fffffff mMcc=452 mMnc=04 mAlphaLong=VIETTEL mAlphaShort=VIETTEL mAdditionalPlmns={}} voiceSpecificInfo=VoiceSpecificRegistrationInfo { mCssSupported=false mRoamingIndicator=0 mSystemIsInPrl=0 mDefaultRoamingIndicator=0} dataSpecificInfo=null nrState=NONE rRplmn=45204}, NetworkRegistrationInfo{ domain=PS transportType=WWAN registrationState=NOT_REG_OR_SEARCHING roamingType=NOT_ROAMING accessNetworkTechnology=UNKNOWN rejectCause=0 emergencyEnabled=false availableServices=[] cellIdentity=CellIdentityGsm:{ mLac=1***3 mCid=5**8 mArfcn=2147483647 mBsic=0x7fffffff mMcc=452 mMnc=04 mAlphaLong=VIETTEL mAlphaShort=VIETTEL mAdditionalPlmns={}} voiceSpecificInfo=null dataSpecificInfo=android.telephony.DataSpecificRegistrationInfo :{ maxDataCalls = 4 isDcNrRestricted = false isNrAvailable = false isEnDcAvailable = false LteVopsSupportInfo :  mVopsSupport = 1 mEmcBearerSupport = 1 mIsUsingCarrierAggregation = false } nrState=NONE rRplmn=45204}], mNrFrequencyRange=0, mIsDataRoamingFromRegistration=false, mIsIwlanPreferred=false}]
11-02 10:41:12.228  4891  4891 D SST     : [0] Poll ServiceState done: newSS=[{mVoiceRegState=1(OUT_OF_SERVICE), mDataRegState=1(OUT_OF_SERVICE), mChannelNumber=2147483647, duplexMode()=0, mCellBandwidths=[], isManualNetworkSelection=false(automatic), getRilVoiceRadioTechnology=16(GSM), getRilDataRadioTechnology=0(Unknown), mCssIndicator=unsupported, mCdmaRoamingIndicator=-1, mCdmaDefaultRoamingIndicator=-1, VoiceRegType=0, ImsVoiceAvail=1, Snap=0, MobileVoice=OUT_OF_SERVICE, MobileData=OUT_OF_SERVICE, MobileDataRoamingType=home, MobileDataRat=Unknown, PsOnly=false, FemtocellInd=0, SprDisplayRoam=false, NrBearerStatus=0, 5gStatus=0, mIsEmergencyOnly=true, isUsingCarrierAggregation=false, mLteEarfcnRsrpBoost=0, mNetworkRegistrationInfos=[NetworkRegistrationInfo{ domain=CS transportType=WWAN registrationState=DENIED roamingType=NOT_ROAMING accessNetworkTechnology=GSM rejectCause=2 emergencyEnabled=true availableServices=[EMERGENCY] cellIdentity=CellIdentityGsm:{ mLac=1***3 mCid=5**8 mArfcn=2147483647 mBsic=0x7fffffff mMcc=452 mMnc=04 mAlphaLong=VIETTEL mAlphaShort=VIETTEL mAdditionalPlmns={}} voiceSpecificInfo=VoiceSpecificRegistrationInfo { mCssSupported=false mRoamingIndicator=0 mSystemIsInPrl=0 mDefaultRoamingIndicator=0} dataSpecificInfo=null nrState=NONE rRplmn=45204}, NetworkRegistrationInfo{ domain=PS transportType=WWAN registrationState=NOT_REG_OR_SEARCHING roamingType=NOT_ROAMING accessNetworkTechnology=UNKNOWN rejectCause=0 emergencyEnabled=false availableServices=[] cellIdentity=CellIdentityGsm:{ mLac=1***3 mCid=5**8 mArfcn=2147483647 mBsic=0x7fffffff mMcc=452 mMnc=04 mAlphaLong=VIETTEL mAlphaShort=VIETTEL mAdditionalPlmns={}} voiceSpecificInfo=null dataSpecificInfo=android.telephony.DataSpecificRegistrationInfo :{ maxDataCalls = 4 isDcNrRestricted = false isNrAvailable = false isEnDcAvailable = false LteVopsSupportInfo :  mVopsSupport = 1 mEmcBearerSupport = 1 mIsUsingCarrierAggregation = false } nrState=NONE rRplmn=45204}], mNrFrequencyRange=0, mIsDataRoamingFromRegistration=false, mIsIwlanPreferred=false}]
11-02 10:41:12.228  4891  4891 D SST     : [0] oldMaxDataCalls=4 mNewMaxDataCalls=4 oldReasonDataDenied=0 mNewReasonDataDenied=0
11-02 10:41:12.232  4891  4891 D SST     : [0] pollStateDone: hasRegistered = false hasDeregistered = false hasDataAttached = {1=false} hasDataDetached = {1=false} hasDataRegStateChanged = {1=false} hasRilVoiceRadioTechnologyChanged = false hasRilDataRadioTechnologyChanged = {1=false} hasDataTransportPreferenceChanged = false hasChanged = false hasVoiceRoamingOn = false hasVoiceRoamingOff = false hasDataRoamingOn =false hasDataRoamingOff = false hasLocationChanged = false has4gHandoff = false hasMultiApnSupport = false hasLostMultiApnSupport = false hasCssIndicatorChanged = false hasNrFrequencyRangeChanged = false hasNrStateChanged = false hasAirplaneModeOnlChanged = false
11-02 10:47:18.080  4891  4891 D SST-SEM : [0] EVENT_SEM_SIGNAL_LEVEL_INFO_CHANGED
11-02 10:47:18.080  4891  4891 D SST-SEM : [0] SignalLevel: SignalBarInfo{ gsmLevel=4 }
11-02 10:49:28.781  4891  4891 D RILJ    : [2354]> RIL_REQUEST_GET_ACTIVITY_INFO [PHONE0]
11-02 10:49:28.789  4891  5122 D RILJ    : [2354]< RIL_REQUEST_GET_ACTIVITY_INFO ModemActivityInfo{ mTimestamp=412771824 mSleepTimeMs=523110 mIdleTimeMs=4406 mTransmitPowerInfo[]=[TransmitPower{ mTimeInMillis=0 mPowerRangeInDbm={-2147483648,0}}, TransmitPower{ mTimeInMillis=0 mPowerRangeInDbm={0,5}}, TransmitPower{ mTimeInMillis=0 mPowerRangeInDbm={5,15}}, TransmitPower{ mTimeInMillis=0 mPowerRangeInDbm={15,20}}, TransmitPower{ mTimeInMillis=0 mPowerRangeInDbm={20,2147483647}}] mRxTimeMs=30226} [PHONE0]
11-02 10:50:11.348  4891  4891 D RILJ    : [2355]> RIL_REQUEST_GET_ACTIVITY_INFO [PHONE0]
11-02 10:50:11.357  4891  5122 D RILJ    : [2355]< RIL_REQUEST_GET_ACTIVITY_INFO ModemActivityInfo{ mTimestamp=412814392 mSleepTimeMs=39662 mIdleTimeMs=635 mTransmitPowerInfo[]=[TransmitPower{ mTimeInMillis=0 mPowerRangeInDbm={-2147483648,0}}, TransmitPower{ mTimeInMillis=0 mPowerRangeInDbm={0,5}}, TransmitPower{ mTimeInMillis=0 mPowerRangeInDbm={5,15}}, TransmitPower{ mTimeInMillis=0 mPowerRangeInDbm={15,20}}, TransmitPower{ mTimeInMillis=0 mPowerRangeInDbm={20,2147483647}}] mRxTimeMs=2273} [PHONE0]
11-02 10:55:35.516  4891  4891 D SST-SEM : [0] EVENT_SEM_SIGNAL_LEVEL_INFO_CHANGED
11-02 10:55:35.516  4891  4891 D SST-SEM : [0] SignalLevel: SignalBarInfo{ gsmLevel=4 }
11-02 10:55:36.599  4891  4891 D RILJ    : [2356]> RIL_REQUEST_GET_ACTIVITY_INFO [PHONE0]
11-02 10:55:36.609  4891  5122 D RILJ    : [2356]< RIL_REQUEST_GET_ACTIVITY_INFO ModemActivityInfo{ mTimestamp=413139643 mSleepTimeMs=306507 mIdleTimeMs=1739 mTransmitPowerInfo[]=[TransmitPower{ mTimeInMillis=0 mPowerRangeInDbm={-2147483648,0}}, TransmitPower{ mTimeInMillis=0 mPowerRangeInDbm={0,5}}, TransmitPower{ mTimeInMillis=0 mPowerRangeInDbm={5,15}}, TransmitPower{ mTimeInMillis=0 mPowerRangeInDbm={15,20}}, TransmitPower{ mTimeInMillis=0 mPowerRangeInDbm={20,2147483647}}] mRxTimeMs=17002} [PHONE0]
11-02 11:04:01.100  4891  4891 D SST-SEM : [0] EVENT_SEM_SIGNAL_LEVEL_INFO_CHANGED
11-02 11:04:01.100  4891  4891 D SST-SEM : [0] SignalLevel: SignalBarInfo{ gsmLevel=4 }
11-02 11:05:03.141  4891  4891 D SST-SEM : [0] EVENT_SEM_SIGNAL_LEVEL_INFO_CHANGED
11-02 11:05:03.141  4891  4891 D SST-SEM : [0] SignalLevel: SignalBarInfo{ gsmLevel=4 }
11-02 11:05:04.004  4891  4891 D RILJ    : [2357]> RIL_REQUEST_GET_ACTIVITY_INFO [PHONE0]
11-02 11:05:04.011  4891  5122 D RILJ    : [2357]< RIL_REQUEST_GET_ACTIVITY_INFO ModemActivityInfo{ mTimestamp=413707045 mSleepTimeMs=534715 mIdleTimeMs=2505 mTransmitPowerInfo[]=[TransmitPower{ mTimeInMillis=0 mPowerRangeInDbm={-2147483648,0}}, TransmitPower{ mTimeInMillis=0 mPowerRangeInDbm={0,5}}, TransmitPower{ mTimeInMillis=0 mPowerRangeInDbm={5,15}}, TransmitPower{ mTimeInMillis=0 mPowerRangeInDbm={15,20}}, TransmitPower{ mTimeInMillis=0 mPowerRangeInDbm={20,2147483647}}] mRxTimeMs=30181} [PHONE0]
11-02 11:05:06.913  4630  4634 D Multi-Client: new oem client connection=8
11-02 11:05:06.924  4630  4634 D Multi-Client: OemClient::ProcessBuffer() from [xxx], token[1], datalen[5]
11-02 11:05:06.928  4630  4633 D Multi-Client: Oem OnRequestComplete:
11-02 11:05:07.802  4891  4891 D RILJ    : [2358]> RIL_REQUEST_GET_ACTIVITY_INFO [PHONE0]
11-02 11:05:07.813  4891  5122 D RILJ    : [2358]< RIL_REQUEST_GET_ACTIVITY_INFO ModemActivityInfo{ mTimestamp=413710846 mSleepTimeMs=2164 mIdleTimeMs=1450 mTransmitPowerInfo[]=[TransmitPower{ mTimeInMillis=0 mPowerRangeInDbm={-2147483648,0}}, TransmitPower{ mTimeInMillis=0 mPowerRangeInDbm={0,5}}, TransmitPower{ mTimeInMillis=0 mPowerRangeInDbm={5,15}}, TransmitPower{ mTimeInMillis=0 mPowerRangeInDbm={15,20}}, TransmitPower{ mTimeInMillis=0 mPowerRangeInDbm={20,2147483647}}] mRxTimeMs=185} [PHONE0]
11-02 11:05:08.559  4891  4891 D DDS-TelephonyNetworkFactory[1]: got request NetworkRequest [ TRACK_DEFAULT id=1042, [ Capabilities: INTERNET&NOT_RESTRICTED&TRUSTED Uid: 5023 AdministratorUids: [] RequestorUid: 5023 RequestorPackageName: com.samsung.android.networkdiagnostic] ] with score 60 and providerId 5
11-02 11:05:08.560  4891  4891 D DDS-SemPhoneSwitcher: handleMessage msg={ when=0 what=103 obj=NetworkRequest [ TRACK_DEFAULT id=1042, [ Capabilities: INTERNET&NOT_RESTRICTED&TRUSTED Uid: 5023 AdministratorUids: [] RequestorUid: 5023 RequestorPackageName: com.samsung.android.networkdiagnostic] ] target=com.android.internal.telephony.SemPhoneSwitcher }
11-02 11:05:08.566  4891  4891 E ApnConfigTypeRepository: Invalid apn type name, entry: ent2:2
11-02 11:05:08.566  4891  4891 E ApnConfigTypeRepository: Invalid apn type name, entry: ent2:2
11-02 11:05:08.566  4891  4891 D DcRequest: Cellular request confirmed: NetworkRequest [ TRACK_DEFAULT id=1042, [ Capabilities: INTERNET&NOT_RESTRICTED&TRUSTED Uid: 5023 AdministratorUids: [] RequestorUid: 5023 RequestorPackageName: com.samsung.android.networkdiagnostic] ]
11-02 11:05:08.567  4891  4891 D SubscriptionController: [getSubId]- numSubIds == 0, return null slotIndex=1
11-02 11:05:08.567  4891  4891 D DDS-SemPhoneSwitcher: getRequestOverride : requestPhoneId = -1, mPreferredDataPhoneId = 0, mPrimaryDataSubId = 1
11-02 11:05:08.567  4891  4891 D DDS-SemPhoneSwitcher: getRequestOverride : RequestOverride(mState = NONE, mPhoneId = -1, mDelayReason = NONE)
11-02 11:05:08.567  4891  4891 D SubscriptionController: [getSubId]- numSubIds == 0, return null slotIndex=-1
11-02 11:05:08.568  4891  4891 D DDS-SemPhoneSwitcher: updatePreferredDataPhoneId: mPreferredDataPhoneId = 0(PRIMARYDATA)
11-02 11:05:08.569  4891  4891 D DDS-SemPhoneSwitcher: Added DcRequest, size: 30
11-02 11:05:08.570  4891  4891 D DDS-TelephonyNetworkFactory[0]: got request NetworkRequest [ TRACK_DEFAULT id=1042, [ Capabilities: INTERNET&NOT_RESTRICTED&TRUSTED Uid: 5023 AdministratorUids: [] RequestorUid: 5023 RequestorPackageName: com.samsung.android.networkdiagnostic] ] with score 60 and providerId 5
11-02 11:05:09.567  4891  4891 D DDS-SemPhoneSwitcher: handleMessage msg={ when=0 what=104 obj=NetworkRequest [ TRACK_DEFAULT id=1042, [ Capabilities: INTERNET&NOT_RESTRICTED&TRUSTED Uid: 5023 AdministratorUids: [] RequestorUid: 5023 RequestorPackageName: com.samsung.android.networkdiagnostic] ] target=com.android.internal.telephony.SemPhoneSwitcher }
11-02 11:05:09.573  4891  4891 E ApnConfigTypeRepository: Invalid apn type name, entry: ent2:2
11-02 11:05:09.574  4891  4891 E ApnConfigTypeRepository: Invalid apn type name, entry: ent2:2
11-02 11:05:09.574  4891  4891 D DcRequest: Cellular request confirmed: NetworkRequest [ TRACK_DEFAULT id=1042, [ Capabilities: INTERNET&NOT_RESTRICTED&TRUSTED Uid: 5023 AdministratorUids: [] RequestorUid: 5023 RequestorPackageName: com.samsung.android.networkdiagnostic] ]
11-02 11:05:09.574  4891  4891 D SubscriptionController: [getSubId]- numSubIds == 0, return null slotIndex=1
11-02 11:05:09.574  4891  4891 D DDS-SemPhoneSwitcher: getRequestOverride : requestPhoneId = -1, mPreferredDataPhoneId = 0, mPrimaryDataSubId = 1
11-02 11:05:09.575  4891  4891 D DDS-SemPhoneSwitcher: getRequestOverride : RequestOverride(mState = NONE, mPhoneId = -1, mDelayReason = NONE)
11-02 11:05:09.575  4891  4891 D SubscriptionController: [getSubId]- numSubIds == 0, return null slotIndex=-1
11-02 11:05:09.575  4891  4891 D DDS-SemPhoneSwitcher: updatePreferredDataPhoneId: mPreferredDataPhoneId = 0(PRIMARYDATA)
11-02 11:05:09.577  4891  4891 D DDS-SemPhoneSwitcher: Removed DcRequest, size: 29
11-02 11:11:13.131  4891  4891 D SST-SEM : [0] EVENT_SEM_SIGNAL_LEVEL_INFO_CHANGED
11-02 11:11:13.131  4891  4891 D SST-SEM : [0] SignalLevel: SignalBarInfo{ gsmLevel=4 }
11-02 11:15:05.836  4891  4891 D RILJ    : [2359]> RIL_REQUEST_GET_ACTIVITY_INFO [PHONE0]
11-02 11:15:05.843  4891  5122 D RILJ    : [2359]< RIL_REQUEST_GET_ACTIVITY_INFO ModemActivityInfo{ mTimestamp=414308877 mSleepTimeMs=563199 mIdleTimeMs=3203 mTransmitPowerInfo[]=[TransmitPower{ mTimeInMillis=0 mPowerRangeInDbm={-2147483648,0}}, TransmitPower{ mTimeInMillis=0 mPowerRangeInDbm={0,5}}, TransmitPower{ mTimeInMillis=0 mPowerRangeInDbm={5,15}}, TransmitPower{ mTimeInMillis=0 mPowerRangeInDbm={15,20}}, TransmitPower{ mTimeInMillis=0 mPowerRangeInDbm={20,2147483647}}] mRxTimeMs=31631} [PHONE0]
11-02 11:15:05.909  4891  4891 D SST-SEM : [0] EVENT_SEM_SIGNAL_LEVEL_INFO_CHANGED
11-02 11:15:05.909  4891  4891 D SST-SEM : [0] SignalLevel: SignalBarInfo{ gsmLevel=4 }
11-02 11:15:06.959  4891  4891 D RILJ    : [2360]> RIL_REQUEST_GET_ACTIVITY_INFO [PHONE0]
11-02 11:15:06.968  4891  5122 D RILJ    : [2360]< RIL_REQUEST_GET_ACTIVITY_INFO ModemActivityInfo{ mTimestamp=414310002 mSleepTimeMs=354 mIdleTimeMs=687 mTransmitPowerInfo[]=[TransmitPower{ mTimeInMillis=0 mPowerRangeInDbm={-2147483648,0}}, TransmitPower{ mTimeInMillis=0 mPowerRangeInDbm={0,5}}, TransmitPower{ mTimeInMillis=0 mPowerRangeInDbm={5,15}}, TransmitPower{ mTimeInMillis=0 mPowerRangeInDbm={15,20}}, TransmitPower{ mTimeInMillis=0 mPowerRangeInDbm={20,2147483647}}] mRxTimeMs=82} [PHONE0]
11-02 11:18:36.624  4891  4891 D SST-SEM : [0] EVENT_SEM_SIGNAL_LEVEL_INFO_CHANGED
11-02 11:18:36.624  4891  4891 D SST-SEM : [0] SignalLevel: SignalBarInfo{ gsmLevel=4 }
11-02 11:19:07.830  4891  4891 D SST-SEM : [0] EVENT_SEM_SIGNAL_LEVEL_INFO_CHANGED
11-02 11:19:07.830  4891  4891 D SST-SEM : [0] SignalLevel: SignalBarInfo{ gsmLevel=4 }
11-02 11:23:37.596  4891  4891 D SST-SEM : [0] EVENT_SEM_SIGNAL_LEVEL_INFO_CHANGED
11-02 11:23:37.597  4891  4891 D SST-SEM : [0] SignalLevel: SignalBarInfo{ gsmLevel=4 }
11-02 11:26:26.719  4891  4891 D RILJ    : [2361]> RIL_REQUEST_GET_ACTIVITY_INFO [PHONE0]
11-02 11:26:26.728  4891  5122 D RILJ    : [2361]< RIL_REQUEST_GET_ACTIVITY_INFO ModemActivityInfo{ mTimestamp=414989763 mSleepTimeMs=640124 mIdleTimeMs=3203 mTransmitPowerInfo[]=[TransmitPower{ mTimeInMillis=0 mPowerRangeInDbm={-2147483648,0}}, TransmitPower{ mTimeInMillis=0 mPowerRangeInDbm={0,5}}, TransmitPower{ mTimeInMillis=0 mPowerRangeInDbm={5,15}}, TransmitPower{ mTimeInMillis=0 mPowerRangeInDbm={15,20}}, TransmitPower{ mTimeInMillis=0 mPowerRangeInDbm={20,2147483647}}] mRxTimeMs=36438} [PHONE0]
11-02 11:26:55.148  4891  4891 D SST-SEM : [0] EVENT_SEM_SIGNAL_LEVEL_INFO_CHANGED
11-02 11:26:55.148  4891  4891 D SST-SEM : [0] SignalLevel: SignalBarInfo{ gsmLevel=4 }
11-02 11:28:42.498  4891  4891 D RILJ    : [2362]> RIL_REQUEST_GET_ACTIVITY_INFO [PHONE0]
11-02 11:28:42.507  4891  4891 D SST-SEM : [0] EVENT_SEM_SIGNAL_LEVEL_INFO_CHANGED
11-02 11:28:42.507  4891  4891 D SST-SEM : [0] SignalLevel: SignalBarInfo{ gsmLevel=4 }
11-02 11:28:42.509  4891  5122 D RILJ    : [2362]< RIL_REQUEST_GET_ACTIVITY_INFO ModemActivityInfo{ mTimestamp=415125543 mSleepTimeMs=127387 mIdleTimeMs=1125 mTransmitPowerInfo[]=[TransmitPower{ mTimeInMillis=0 mPowerRangeInDbm={-2147483648,0}}, TransmitPower{ mTimeInMillis=0 mPowerRangeInDbm={0,5}}, TransmitPower{ mTimeInMillis=0 mPowerRangeInDbm={5,15}}, TransmitPower{ mTimeInMillis=0 mPowerRangeInDbm={15,20}}, TransmitPower{ mTimeInMillis=0 mPowerRangeInDbm={20,2147483647}}] mRxTimeMs=7257} [PHONE0]
11-02 11:28:43.861  4891  4891 D DDS-TelephonyNetworkFactory[1]: got request NetworkRequest [ TRACK_DEFAULT id=1044, [ Capabilities: INTERNET&NOT_RESTRICTED&TRUSTED Uid: 10155 AdministratorUids: [] RequestorUid: 10155 RequestorPackageName: com.google.android.googlequicksearchbox] ] with score 60 and providerId 5
11-02 11:28:43.861  4891  4891 D DDS-TelephonyNetworkFactory[0]: got request NetworkRequest [ TRACK_DEFAULT id=1044, [ Capabilities: INTERNET&NOT_RESTRICTED&TRUSTED Uid: 10155 AdministratorUids: [] RequestorUid: 10155 RequestorPackageName: com.google.android.googlequicksearchbox] ] with score 60 and providerId 5
11-02 11:28:43.861  4891  4891 D DDS-SemPhoneSwitcher: handleMessage msg={ when=0 what=103 obj=NetworkRequest [ TRACK_DEFAULT id=1044, [ Capabilities: INTERNET&NOT_RESTRICTED&TRUSTED Uid: 10155 AdministratorUids: [] RequestorUid: 10155 RequestorPackageName: com.google.android.googlequicksearchbox] ] target=com.android.internal.telephony.SemPhoneSwitcher }
11-02 11:28:43.869  4891  4891 E ApnConfigTypeRepository: Invalid apn type name, entry: ent2:2
11-02 11:28:43.869  4891  4891 E ApnConfigTypeRepository: Invalid apn type name, entry: ent2:2
11-02 11:28:43.869  4891  4891 D DcRequest: Cellular request confirmed: NetworkRequest [ TRACK_DEFAULT id=1044, [ Capabilities: INTERNET&NOT_RESTRICTED&TRUSTED Uid: 10155 AdministratorUids: [] RequestorUid: 10155 RequestorPackageName: com.google.android.googlequicksearchbox] ]
11-02 11:28:43.871  4891  4891 D SubscriptionController: [getSubId]- numSubIds == 0, return null slotIndex=1
11-02 11:28:43.871  4891  4891 D DDS-SemPhoneSwitcher: getRequestOverride : requestPhoneId = -1, mPreferredDataPhoneId = 0, mPrimaryDataSubId = 1
11-02 11:28:43.871  4891  4891 D DDS-SemPhoneSwitcher: getRequestOverride : RequestOverride(mState = NONE, mPhoneId = -1, mDelayReason = NONE)
11-02 11:28:43.872  4891  4891 D SubscriptionController: [getSubId]- numSubIds == 0, return null slotIndex=-1
11-02 11:28:43.872  4891  4891 D DDS-SemPhoneSwitcher: updatePreferredDataPhoneId: mPreferredDataPhoneId = 0(PRIMARYDATA)
11-02 11:28:43.876  4891  4891 D DDS-SemPhoneSwitcher: Added DcRequest, size: 30
11-02 11:28:45.519  4891  4891 D DDS-TelephonyNetworkFactory[1]: got request NetworkRequest [ TRACK_DEFAULT id=1046, [ Capabilities: INTERNET&NOT_RESTRICTED&TRUSTED Uid: 10155 AdministratorUids: [] RequestorUid: 10155 RequestorPackageName: com.google.android.googlequicksearchbox] ] with score 60 and providerId 5
11-02 11:28:45.519  4891  4891 D DDS-TelephonyNetworkFactory[0]: got request NetworkRequest [ TRACK_DEFAULT id=1046, [ Capabilities: INTERNET&NOT_RESTRICTED&TRUSTED Uid: 10155 AdministratorUids: [] RequestorUid: 10155 RequestorPackageName: com.google.android.googlequicksearchbox] ] with score 60 and providerId 5
11-02 11:28:45.520  4891  4891 D DDS-SemPhoneSwitcher: handleMessage msg={ when=0 what=103 obj=NetworkRequest [ TRACK_DEFAULT id=1046, [ Capabilities: INTERNET&NOT_RESTRICTED&TRUSTED Uid: 10155 AdministratorUids: [] RequestorUid: 10155 RequestorPackageName: com.google.android.googlequicksearchbox] ] target=com.android.internal.telephony.SemPhoneSwitcher }
11-02 11:28:45.540  4891  4891 E ApnConfigTypeRepository: Invalid apn type name, entry: ent2:2
11-02 11:28:45.541  4891  4891 E ApnConfigTypeRepository: Invalid apn type name, entry: ent2:2
11-02 11:28:45.541  4891  4891 D DcRequest: Cellular request confirmed: NetworkRequest [ TRACK_DEFAULT id=1046, [ Capabilities: INTERNET&NOT_RESTRICTED&TRUSTED Uid: 10155 AdministratorUids: [] RequestorUid: 10155 RequestorPackageName: com.google.android.googlequicksearchbox] ]
11-02 11:28:45.541  4891  4891 D SubscriptionController: [getSubId]- numSubIds == 0, return null slotIndex=1
11-02 11:28:45.542  4891  4891 D DDS-SemPhoneSwitcher: getRequestOverride : requestPhoneId = -1, mPreferredDataPhoneId = 0, mPrimaryDataSubId = 1
11-02 11:28:45.542  4891  4891 D DDS-SemPhoneSwitcher: getRequestOverride : RequestOverride(mState = NONE, mPhoneId = -1, mDelayReason = NONE)
11-02 11:28:45.542  4891  4891 D SubscriptionController: [getSubId]- numSubIds == 0, return null slotIndex=-1
11-02 11:28:45.543  4891  4891 D DDS-SemPhoneSwitcher: updatePreferredDataPhoneId: mPreferredDataPhoneId = 0(PRIMARYDATA)
11-02 11:28:45.548  4891  4891 D DDS-SemPhoneSwitcher: Added DcRequest, size: 31
11-02 11:28:46.349  4891  4891 D DDS-SemPhoneSwitcher: handleMessage msg={ when=0 what=104 obj=NetworkRequest [ TRACK_DEFAULT id=1025, [ Capabilities: INTERNET&NOT_RESTRICTED&TRUSTED Uid: 10242 AdministratorUids: [] RequestorUid: 10242 RequestorPackageName: com.google.android.youtube] ] target=com.android.internal.telephony.SemPhoneSwitcher }
11-02 11:28:46.355  4891  4891 E ApnConfigTypeRepository: Invalid apn type name, entry: ent2:2
11-02 11:28:46.355  4891  4891 E ApnConfigTypeRepository: Invalid apn type name, entry: ent2:2
11-02 11:28:46.355  4891  4891 D DcRequest: Cellular request confirmed: NetworkRequest [ TRACK_DEFAULT id=1025, [ Capabilities: INTERNET&NOT_RESTRICTED&TRUSTED Uid: 10242 AdministratorUids: [] RequestorUid: 10242 RequestorPackageName: com.google.android.youtube] ]
11-02 11:28:46.356  4891  4891 D SubscriptionController: [getSubId]- numSubIds == 0, return null slotIndex=1
11-02 11:28:46.356  4891  4891 D DDS-SemPhoneSwitcher: getRequestOverride : requestPhoneId = -1, mPreferredDataPhoneId = 0, mPrimaryDataSubId = 1
11-02 11:28:46.356  4891  4891 D DDS-SemPhoneSwitcher: getRequestOverride : RequestOverride(mState = NONE, mPhoneId = -1, mDelayReason = NONE)
11-02 11:28:46.357  4891  4891 D SubscriptionController: [getSubId]- numSubIds == 0, return null slotIndex=-1
11-02 11:28:46.357  4891  4891 D DDS-SemPhoneSwitcher: updatePreferredDataPhoneId: mPreferredDataPhoneId = 0(PRIMARYDATA)
11-02 11:28:46.359  4891  4891 D DDS-SemPhoneSwitcher: Removed DcRequest, size: 30
11-02 11:28:46.359  4891  4891 D DDS-SemPhoneSwitcher: handleMessage msg={ when=-10ms what=104 obj=NetworkRequest [ TRACK_DEFAULT id=1028, [ Capabilities: INTERNET&NOT_RESTRICTED&TRUSTED Uid: 10242 AdministratorUids: [] RequestorUid: 10242 RequestorPackageName: com.google.android.youtube] ] target=com.android.internal.telephony.SemPhoneSwitcher }
11-02 11:28:46.373  4891  4891 E ApnConfigTypeRepository: Invalid apn type name, entry: ent2:2
11-02 11:28:46.373  4891  4891 E ApnConfigTypeRepository: Invalid apn type name, entry: ent2:2
11-02 11:28:46.373  4891  4891 D DcRequest: Cellular request confirmed: NetworkRequest [ TRACK_DEFAULT id=1028, [ Capabilities: INTERNET&NOT_RESTRICTED&TRUSTED Uid: 10242 AdministratorUids: [] RequestorUid: 10242 RequestorPackageName: com.google.android.youtube] ]
11-02 11:28:46.374  4891  4891 D SubscriptionController: [getSubId]- numSubIds == 0, return null slotIndex=1
11-02 11:28:46.374  4891  4891 D DDS-SemPhoneSwitcher: getRequestOverride : requestPhoneId = -1, mPreferredDataPhoneId = 0, mPrimaryDataSubId = 1
11-02 11:28:46.374  4891  4891 D DDS-SemPhoneSwitcher: getRequestOverride : RequestOverride(mState = NONE, mPhoneId = -1, mDelayReason = NONE)
11-02 11:28:46.374  4891  4891 D SubscriptionController: [getSubId]- numSubIds == 0, return null slotIndex=-1
11-02 11:28:46.374  4891  4891 D DDS-SemPhoneSwitcher: updatePreferredDataPhoneId: mPreferredDataPhoneId = 0(PRIMARYDATA)
11-02 11:28:46.377  4891  4891 D DDS-SemPhoneSwitcher: Removed DcRequest, size: 29
11-02 11:28:46.378  4891  4891 D DDS-SemPhoneSwitcher: handleMessage msg={ when=0 what=104 obj=NetworkRequest [ TRACK_DEFAULT id=1029, [ Capabilities: INTERNET&NOT_RESTRICTED&TRUSTED Uid: 10242 AdministratorUids: [] RequestorUid: 10242 RequestorPackageName: com.google.android.youtube] ] target=com.android.internal.telephony.SemPhoneSwitcher }
11-02 11:28:46.385  4891  4891 E ApnConfigTypeRepository: Invalid apn type name, entry: ent2:2
11-02 11:28:46.385  4891  4891 E ApnConfigTypeRepository: Invalid apn type name, entry: ent2:2
11-02 11:28:46.386  4891  4891 D DcRequest: Cellular request confirmed: NetworkRequest [ TRACK_DEFAULT id=1029, [ Capabilities: INTERNET&NOT_RESTRICTED&TRUSTED Uid: 10242 AdministratorUids: [] RequestorUid: 10242 RequestorPackageName: com.google.android.youtube] ]
11-02 11:28:46.386  4891  4891 D SubscriptionController: [getSubId]- numSubIds == 0, return null slotIndex=1
11-02 11:28:46.386  4891  4891 D DDS-SemPhoneSwitcher: getRequestOverride : requestPhoneId = -1, mPreferredDataPhoneId = 0, mPrimaryDataSubId = 1
11-02 11:28:46.387  4891  4891 D DDS-SemPhoneSwitcher: getRequestOverride : RequestOverride(mState = NONE, mPhoneId = -1, mDelayReason = NONE)
11-02 11:28:46.387  4891  4891 D SubscriptionController: [getSubId]- numSubIds == 0, return null slotIndex=-1
11-02 11:28:46.387  4891  4891 D DDS-SemPhoneSwitcher: updatePreferredDataPhoneId: mPreferredDataPhoneId = 0(PRIMARYDATA)
11-02 11:28:46.388  4891  4891 D DDS-SemPhoneSwitcher: Removed DcRequest, size: 28
11-02 11:28:46.389  4891  4891 D DDS-SemPhoneSwitcher: handleMessage msg={ when=-11ms what=104 obj=NetworkRequest [ TRACK_DEFAULT id=1027, [ Capabilities: INTERNET&NOT_RESTRICTED&TRUSTED Uid: 10242 AdministratorUids: [] RequestorUid: 10242 RequestorPackageName: com.google.android.youtube] ] target=com.android.internal.telephony.SemPhoneSwitcher }
11-02 11:28:46.394  4891  4891 E ApnConfigTypeRepository: Invalid apn type name, entry: ent2:2
11-02 11:28:46.394  4891  4891 E ApnConfigTypeRepository: Invalid apn type name, entry: ent2:2
11-02 11:28:46.395  4891  4891 D DcRequest: Cellular request confirmed: NetworkRequest [ TRACK_DEFAULT id=1027, [ Capabilities: INTERNET&NOT_RESTRICTED&TRUSTED Uid: 10242 AdministratorUids: [] RequestorUid: 10242 RequestorPackageName: com.google.android.youtube] ]
11-02 11:28:46.395  4891  4891 D SubscriptionController: [getSubId]- numSubIds == 0, return null slotIndex=1
11-02 11:28:46.395  4891  4891 D DDS-SemPhoneSwitcher: getRequestOverride : requestPhoneId = -1, mPreferredDataPhoneId = 0, mPrimaryDataSubId = 1
11-02 11:28:46.395  4891  4891 D DDS-SemPhoneSwitcher: getRequestOverride : RequestOverride(mState = NONE, mPhoneId = -1, mDelayReason = NONE)
11-02 11:28:46.396  4891  4891 D SubscriptionController: [getSubId]- numSubIds == 0, return null slotIndex=-1
11-02 11:28:46.396  4891  4891 D DDS-SemPhoneSwitcher: updatePreferredDataPhoneId: mPreferredDataPhoneId = 0(PRIMARYDATA)
11-02 11:28:46.397  4891  4891 D DDS-SemPhoneSwitcher: Removed DcRequest, size: 27
11-02 11:28:46.538  4891  4891 D DDS-SemPhoneSwitcher: handleMessage msg={ when=0 what=104 obj=NetworkRequest [ TRACK_DEFAULT id=1013, [ Capabilities: INTERNET&NOT_RESTRICTED&TRUSTED Uid: 10094 AdministratorUids: [] RequestorUid: 10094 RequestorPackageName: com.google.android.gms] ] target=com.android.internal.telephony.SemPhoneSwitcher }
11-02 11:28:46.548  4891  4891 E ApnConfigTypeRepository: Invalid apn type name, entry: ent2:2
11-02 11:28:46.548  4891  4891 E ApnConfigTypeRepository: Invalid apn type name, entry: ent2:2
11-02 11:28:46.549  4891  4891 D DcRequest: Cellular request confirmed: NetworkRequest [ TRACK_DEFAULT id=1013, [ Capabilities: INTERNET&NOT_RESTRICTED&TRUSTED Uid: 10094 AdministratorUids: [] RequestorUid: 10094 RequestorPackageName: com.google.android.gms] ]
11-02 11:28:46.549  4891  4891 D SubscriptionController: [getSubId]- numSubIds == 0, return null slotIndex=1
11-02 11:28:46.549  4891  4891 D DDS-SemPhoneSwitcher: getRequestOverride : requestPhoneId = -1, mPreferredDataPhoneId = 0, mPrimaryDataSubId = 1
11-02 11:28:46.550  4891  4891 D DDS-SemPhoneSwitcher: getRequestOverride : RequestOverride(mState = NONE, mPhoneId = -1, mDelayReason = NONE)
11-02 11:28:46.550  4891  4891 D SubscriptionController: [getSubId]- numSubIds == 0, return null slotIndex=-1
11-02 11:28:46.551  4891  4891 D DDS-SemPhoneSwitcher: updatePreferredDataPhoneId: mPreferredDataPhoneId = 0(PRIMARYDATA)
11-02 11:28:46.559  4891  4891 D DDS-SemPhoneSwitcher: Removed DcRequest, size: 26
11-02 11:30:52.371  4891  4891 D RILJ    : [2363]> RIL_REQUEST_GET_ACTIVITY_INFO [PHONE0]
11-02 11:30:52.389  4891  5122 D RILJ    : [2363]< RIL_REQUEST_GET_ACTIVITY_INFO ModemActivityInfo{ mTimestamp=415255424 mSleepTimeMs=121864 mIdleTimeMs=942 mTransmitPowerInfo[]=[TransmitPower{ mTimeInMillis=0 mPowerRangeInDbm={-2147483648,0}}, TransmitPower{ mTimeInMillis=0 mPowerRangeInDbm={0,5}}, TransmitPower{ mTimeInMillis=0 mPowerRangeInDbm={5,15}}, TransmitPower{ mTimeInMillis=0 mPowerRangeInDbm={15,20}}, TransmitPower{ mTimeInMillis=0 mPowerRangeInDbm={20,2147483647}}] mRxTimeMs=7069} [PHONE0]
11-02 11:30:52.390  4891  4891 D SST-SEM : [0] EVENT_SEM_SIGNAL_LEVEL_INFO_CHANGED
11-02 11:30:52.390  4891  4891 D SST-SEM : [0] SignalLevel: SignalBarInfo{ gsmLevel=4 }
11-02 11:32:46.680  4891  4891 D SST-SEM : [0] EVENT_SEM_SIGNAL_LEVEL_INFO_CHANGED
11-02 11:32:46.680  4891  4891 D SST-SEM : [0] SignalLevel: SignalBarInfo{ gsmLevel=4 }
11-02 11:33:12.394  4891  4891 D SST-SEM : [0] EVENT_SEM_SIGNAL_LEVEL_INFO_CHANGED
11-02 11:33:12.394  4891  4891 D SST-SEM : [0] SignalLevel: SignalBarInfo{ gsmLevel=4 }
11-02 11:33:13.808  4891  4891 D SST-SEM : [0] EVENT_SEM_SIGNAL_LEVEL_INFO_CHANGED
11-02 11:33:13.808  4891  4891 D SST-SEM : [0] SignalLevel: SignalBarInfo{ gsmLevel=4 }
11-02 11:33:54.449  4891  4891 D SST-SEM : [0] EVENT_SEM_SIGNAL_LEVEL_INFO_CHANGED
11-02 11:33:54.449  4891  4891 D SST-SEM : [0] SignalLevel: SignalBarInfo{ gsmLevel=4 }
11-02 11:35:18.084  4891  4891 D SST-SEM : [0] EVENT_SEM_SIGNAL_LEVEL_INFO_CHANGED
11-02 11:35:18.085  4891  4891 D SST-SEM : [0] SignalLevel: SignalBarInfo{ gsmLevel=4 }
11-02 11:35:18.976  4891  4891 D RILJ    : [2364]> RIL_REQUEST_GET_ACTIVITY_INFO [PHONE0]
11-02 11:35:18.983  4891  5122 D RILJ    : [2364]< RIL_REQUEST_GET_ACTIVITY_INFO ModemActivityInfo{ mTimestamp=415522018 mSleepTimeMs=250686 mIdleTimeMs=1691 mTransmitPowerInfo[]=[TransmitPower{ mTimeInMillis=0 mPowerRangeInDbm={-2147483648,0}}, TransmitPower{ mTimeInMillis=0 mPowerRangeInDbm={0,5}}, TransmitPower{ mTimeInMillis=0 mPowerRangeInDbm={5,15}}, TransmitPower{ mTimeInMillis=0 mPowerRangeInDbm={15,20}}, TransmitPower{ mTimeInMillis=0 mPowerRangeInDbm={20,2147483647}}] mRxTimeMs=14231} [PHONE0]
11-02 11:45:05.237  4891  4891 D RILJ    : [2365]> RIL_REQUEST_GET_ACTIVITY_INFO [PHONE0]
11-02 11:45:05.251  4891  5122 D RILJ    : [2365]< RIL_REQUEST_GET_ACTIVITY_INFO ModemActivityInfo{ mTimestamp=416108285 mSleepTimeMs=551991 mIdleTimeMs=2836 mTransmitPowerInfo[]=[TransmitPower{ mTimeInMillis=0 mPowerRangeInDbm={-2147483648,0}}, TransmitPower{ mTimeInMillis=0 mPowerRangeInDbm={0,5}}, TransmitPower{ mTimeInMillis=0 mPowerRangeInDbm={5,15}}, TransmitPower{ mTimeInMillis=0 mPowerRangeInDbm={15,20}}, TransmitPower{ mTimeInMillis=0 mPowerRangeInDbm={20,2147483647}}] mRxTimeMs=31431} [PHONE0]
11-02 11:45:05.450  4891  4891 D RILJ    : [2366]> RIL_REQUEST_GET_ACTIVITY_INFO [PHONE0]
11-02 11:45:05.455  4891  5122 D RILJ    : [2366]< RIL_REQUEST_GET_ACTIVITY_INFO ModemActivityInfo{ mTimestamp=416108490 mSleepTimeMs=0 mIdleTimeMs=209 mTransmitPowerInfo[]=[TransmitPower{ mTimeInMillis=0 mPowerRangeInDbm={-2147483648,0}}, TransmitPower{ mTimeInMillis=0 mPowerRangeInDbm={0,5}}, TransmitPower{ mTimeInMillis=0 mPowerRangeInDbm={5,15}}, TransmitPower{ mTimeInMillis=0 mPowerRangeInDbm={15,20}}, TransmitPower{ mTimeInMillis=0 mPowerRangeInDbm={20,2147483647}}] mRxTimeMs=0} [PHONE0]
11-02 11:45:15.461  4368  4623 E RILD    : GetIpcMessage: partial IPC received. received 512 expected 3178
11-02 11:45:15.461  4368  4623 E RILD    : ProcessIpcMessageReceived: Incomplete IPC received.
11-02 11:45:15.461  4368  4623 E RILD    : GetIpcMessage: partial IPC received. received 1024 expected 3178
11-02 11:45:15.461  4368  4623 E RILD    : ProcessIpcMessageReceived: Incomplete IPC received.
11-02 11:45:15.461  4368  4623 E RILD    : GetIpcMessage: partial IPC received. received 1536 expected 3178
11-02 11:45:15.461  4368  4623 E RILD    : ProcessIpcMessageReceived: Incomplete IPC received.
11-02 11:45:15.461  4368  4623 E RILD    : GetIpcMessage: partial IPC received. received 2048 expected 3178
11-02 11:45:15.461  4368  4623 E RILD    : ProcessIpcMessageReceived: Incomplete IPC received.
11-02 11:45:15.461  4368  4623 E RILD    : GetIpcMessage: partial IPC received. received 2560 expected 3178
11-02 11:45:15.461  4368  4623 E RILD    : ProcessIpcMessageReceived: Incomplete IPC received.
11-02 11:45:15.461  4368  4623 E RILD    : GetIpcMessage: partial IPC received. received 3072 expected 3178
11-02 11:45:15.461  4368  4623 E RILD    : ProcessIpcMessageReceived: Incomplete IPC received.
11-02 11:45:15.463  4368  4472 E RILC    : unsupported OEM unsolicated response code 11009
11-02 11:45:15.466  4368  4472 E RILC    : unsupported OEM unsolicated response code 11009
11-02 11:45:15.467  4368  4472 E RILC    : unsupported OEM unsolicated response code 11009
11-02 11:45:15.468  4368  4472 E RILC    : unsupported OEM unsolicated response code 11009
11-02 11:45:15.474  4367  5925 D RILClient: processUnsolicited(): resp_id (11009), len(12)
11-02 11:45:15.475  4367  5925 D RILClient: processUnsolicited(): unsol_func resp_id (11009), len(12)
11-02 11:45:15.475  4367  5925 D RILClient: processUnsolicited(): resp_id (11009), len(3178)
11-02 11:45:15.475  4367  5925 D RILClient: processUnsolicited(): unsol_func resp_id (11009), len(3178)
11-02 11:45:15.481  4332  4674 D RILClient: processUnsolicited(): resp_id (11009), len(12)
11-02 11:45:15.482  4367  5925 D RILClient: processUnsolicited(): resp_id (11009), len(12)
11-02 11:45:15.482  4367  5925 D RILClient: processUnsolicited(): unsol_func resp_id (11009), len(12)
11-02 11:45:15.483  4332  4674 D RILClient: processUnsolicited(): resp_id (11009), len(3178)
11-02 11:45:15.484  4332  4674 D RILClient: processUnsolicited(): resp_id (11009), len(12)
11-02 11:45:15.485  4367  5925 D RILClient: processUnsolicited(): resp_id (11009), len(165)
11-02 11:45:15.485  4367  5925 D RILClient: processUnsolicited(): unsol_func resp_id (11009), len(165)
11-02 11:45:15.490  4332  4674 D RILClient: processUnsolicited(): resp_id (11009), len(165)
11-02 11:45:15.497  4891  4891 D SST-SEM : [0] requestAllCellInfo - UID: 1001, PID: 4891
11-02 11:45:15.500  4891  4891 D RILJ    : [2367]> RIL_REQUEST_GET_CELL_INFO_LIST [PHONE0]
11-02 11:45:15.512  4891  5122 D RILJ    : [2367]< RIL_REQUEST_GET_CELL_INFO_LIST  [PHONE0]
11-02 11:45:15.516  4891  4891 D SIMRecords: [SIMRecords-0] getAllEonsNames, servicestate = 0
11-02 11:45:15.516  4891  4891 D SST-SEM : [0] getEons PNN: null
11-02 11:45:15.517  4891  4891 D SST-SEM : [0] getEons EONS: null
11-02 11:45:15.524  4891  4891 D LocaleTracker-0: processCellInfo: cell info=[CellInfoGsm:{mRegistered=YES mTimeStamp=416118547396567ns mCellConnectionStatus=0 CellIdentityGsm:{ mLac=1***3 mCid=4**4 mArfcn=51 mBsic=0x1e mMcc=452 mMnc=04 mAlphaLong=VIETTEL mAlphaShort=VIETTEL mAdditionalPlmns={}} CellSignalStrengthGsm: rssi=-51 ber=2147483647 mTa=3 mLevel=4}, CellInfoGsm:{mRegistered=NO mTimeStamp=416118547396567ns mCellConnectionStatus=0 CellIdentityGsm:{ mLac=0 mCid=**6 mArfcn=714 mBsic=0x18 mMcc=null mMnc=null mAlphaLong= mAlphaShort= mAdditionalPlmns={}} CellSignalStrengthGsm: rssi=-51 ber=0 mTa=0 mLevel=4}, CellInfoGsm:{mRegistered=NO mTimeStamp=416118547396567ns mCellConnectionStatus=0 CellIdentityGsm:{ mLac=0 mCid=4***2 mArfcn=718 mBsic=0x9 mMcc=null mMnc=null mAlphaLong= mAlphaShort= mAdditionalPlmns={}} CellSignalStrengthGsm: rssi=-51 ber=0 mTa=0 mLevel=4}, CellInfoGsm:{mRegistered=NO mTimeStamp=416118547396567ns mCellConnectionStatus=0 CellIdentityGsm:{ mLac=0 mCid=6***5 mArfcn=727 mBsic=0x7fffffff mMcc=null mMnc=null mAlphaLong= mAlphaShort= mAdditionalPlmns={}} CellSignalStrengthGsm: rssi=-51 ber=0 mTa=0 mLevel=4}, CellInfoGsm:{mRegistered=NO mTimeStamp=416118547396567ns mCellConnectionStatus=0 CellIdentityGsm:{ mLac=0 mCid=6***5 mArfcn=55 mBsic=0x1f mMcc=null mMnc=null mAlphaLong= mAlphaShort= mAdditionalPlmns={}} CellSignalStrengthGsm: rssi=-51 ber=0 mTa=0 mLevel=4}, CellInfoGsm:{mRegistered=NO mTimeStamp=416118547396567ns mCellConnectionStatus=0 CellIdentityGsm:{ mLac=0 mCid=6***5 mArfcn=713 mBsic=0x7fffffff mMcc=null mMnc=null mAlphaLong= mAlphaShort= mAdditionalPlmns={}} CellSignalStrengthGsm: rssi=-51 ber=0 mTa=0 mLevel=4}, CellInfoGsm:{mRegistered=NO mTimeStamp=416118547396567ns mCellConnectionStatus=0 CellIdentityGsm:{ mLac=0 mCid=4***8 mArfcn=797 mBsic=0x29 mMcc=null mMnc=null mAlphaLong= mAlphaShort= mAdditionalPlmns={}} CellSignalStrengthGsm: rssi=-51 ber=0 mTa=0 mLevel=4}, CellInfoGsm:{mRegistered=NO mTimeStamp=416118547396567ns mCellConnectionStatus=0 CellIdentityGsm:{ mLac=0 mCid=6***5 mArfcn=799 mBsic=0x7fffffff mMcc=null mMnc=null mAlphaLong= mAlphaShort= mAdditionalPlmns={}} CellSignalStrengthGsm: rssi=-51 ber=0 mTa=0 mLevel=4}, CellInfoGsm:{mRegistered=NO mTimeStamp=416118547396567ns mCellConnectionStatus=0 CellIdentityGsm:{ mLac=0 mCid=6***5 mArfcn=43 mBsic=0x21 mMcc=null mMnc=null mAlphaLong= mAlphaShort= mAdditionalPlmns={}} CellSignalStrengthGsm: rssi=-51 ber=0 mTa=0 mLevel=4}, CellInfoGsm:{mRegistered=NO mTimeStamp=416118547396567ns mCellConnectionStatus=0 CellIdentityGsm:{ mLac=0 mCid=6***5 mArfcn=53 mBsic=0x7fffffff mMcc=null mMnc=null mAlphaLong= mAlphaShort= mAdditionalPlmns={}} CellSignalStrengthGsm: rssi=-51 ber=0 mTa=0 mLevel=4}, CellInfoGsm:{mRegistered=NO mTimeStamp=416118547396567ns mCellConnectionStatus=0 CellIdentityGsm:{ mLac=0 mCid=6***5 mArfcn=716 mBsic=0x7fffffff mMcc=null mMnc=null mAlphaLong= mAlphaShort= mAdditionalPlmns={}} CellSignalStrengthGsm: rssi=-51 ber=0 mTa=0 mLevel=4}, CellInfoGsm:{mRegistered=NO mTimeStamp=416118547396567ns mCellConnectionStatus=0 CellIdentityGsm:{ mLac=0 mCid=6***5 mArfcn=47 mBsic=0x7fffffff mMcc=null mMnc=null mAlphaLong= mAlphaShort= mAdditionalPlmns={}} CellSignalStrengthGsm: rssi=-51 ber=0 mTa=0 mLevel=4}, CellInfoGsm:{mRegistered=NO mTimeStamp=416118547396567ns mCellConnectionStatus=0 CellIdentityGsm:{ mLac=0 mCid=6***5 mArfcn=45 mBsic=0x7fffffff mMcc=null mMnc=null mAlphaLong= mAlphaShort= mAdditionalPlmns={}} CellSignalStrengthGsm: rssi=-51 ber=0 mTa=0 mLevel=4}, CellInfoGsm:{mRegistered=NO mTimeStamp=416118547396567ns mCellConnectionStatus=0 CellIdentityGsm:{ mLac=0 mCid=6***5 mArfcn=712 mBsic=0x7fffffff mMcc=null mMnc=null mAlphaLong= mAlphaShort= mAdditionalPlmns={}} CellSignalStrengthGsm: rssi=-51 ber=0 mTa=0 mLevel=4}, CellInfoGsm:{mRegistered=NO mTimeStamp=416118547396567ns mCellConnectionStatus=0 CellIdentityGsm:{ mLac=0 mCid=6***5 mArfcn=721 mBsic=0x7fffffff mMcc=null mMnc=null mAlphaLong= mAlphaShort= mAdditionalPlmns={}} CellSignalStrengthGsm: rssi=-51 ber=0 mTa=0 mLevel=4}, CellInfoGsm:{mRegistered=NO mTimeStamp=41611854739656
11-02 11:45:15.525  4891  4891 D LocaleTracker-0: updateLocale: countryIso = vn, countryIsoDebugInfo = OperatorNumeric(45204): MccTable.countryCodeForMcc("452")
11-02 11:45:15.525  4891  4891 D LocaleTracker-0: updateLocale: timeZoneCountryIso = vn, timeZoneCountryIsoDebugInfo = OperatorNumeric: MccTable.geoCountryCodeForMccMnc(MccMnc{mcc='452', mnc='04'})
11-02 11:45:15.525  4891  4891 D NewNitzStateMachineImpl-0: handleCountryDetected: countryIsoCode=vn, mLatestNitzSignal=null
11-02 11:45:15.526  4891  4891 D SST-SEM : [0] requestAllCellInfo - UID: 1001, PID: 4891
11-02 11:45:15.526  4891  4891 D SST     : [0] SST.requestAllCellInfo(): return last, back to back calls
11-02 12:03:54.279  4891  4891 D RILJ    : [2368]> RIL_REQUEST_GET_ACTIVITY_INFO [PHONE0]
11-02 12:03:54.285  4891  5122 D RILJ    : [2368]< RIL_REQUEST_GET_ACTIVITY_INFO ModemActivityInfo{ mTimestamp=417237320 mSleepTimeMs=1062066 mIdleTimeMs=4768 mTransmitPowerInfo[]=[TransmitPower{ mTimeInMillis=0 mPowerRangeInDbm={-2147483648,0}}, TransmitPower{ mTimeInMillis=0 mPowerRangeInDbm={0,5}}, TransmitPower{ mTimeInMillis=0 mPowerRangeInDbm={5,15}}, TransmitPower{ mTimeInMillis=0 mPowerRangeInDbm={15,20}}, TransmitPower{ mTimeInMillis=0 mPowerRangeInDbm={20,2147483647}}] mRxTimeMs=62001} [PHONE0]
11-02 12:14:16.236  4891  4891 D SST-SEM : [0] EVENT_SEM_SIGNAL_LEVEL_INFO_CHANGED
11-02 12:14:16.236  4891  4891 D SST-SEM : [0] SignalLevel: SignalBarInfo{ gsmLevel=4 }
11-02 12:14:16.672  4891  4891 D DDS-SemPhoneSwitcher: handleMessage msg={ when=0 what=104 obj=NetworkRequest [ TRACK_DEFAULT id=1030, [ Capabilities: INTERNET&NOT_RESTRICTED&TRUSTED Uid: 10194 AdministratorUids: [] RequestorUid: 10194 RequestorPackageName: com.facebook.katana] ] target=com.android.internal.telephony.SemPhoneSwitcher }
11-02 12:14:16.683  4891  4891 E ApnConfigTypeRepository: Invalid apn type name, entry: ent2:2
11-02 12:14:16.683  4891  4891 E ApnConfigTypeRepository: Invalid apn type name, entry: ent2:2
11-02 12:14:16.684  4891  4891 D DcRequest: Cellular request confirmed: NetworkRequest [ TRACK_DEFAULT id=1030, [ Capabilities: INTERNET&NOT_RESTRICTED&TRUSTED Uid: 10194 AdministratorUids: [] RequestorUid: 10194 RequestorPackageName: com.facebook.katana] ]
11-02 12:14:16.684  4891  4891 D SubscriptionController: [getSubId]- numSubIds == 0, return null slotIndex=1
11-02 12:14:16.685  4891  4891 D DDS-SemPhoneSwitcher: getRequestOverride : requestPhoneId = -1, mPreferredDataPhoneId = 0, mPrimaryDataSubId = 1
11-02 12:14:16.686  4891  4891 D DDS-SemPhoneSwitcher: getRequestOverride : RequestOverride(mState = NONE, mPhoneId = -1, mDelayReason = NONE)
11-02 12:14:16.687  4891  4891 D SubscriptionController: [getSubId]- numSubIds == 0, return null slotIndex=-1
11-02 12:14:16.687  4891  4891 D DDS-SemPhoneSwitcher: updatePreferredDataPhoneId: mPreferredDataPhoneId = 0(PRIMARYDATA)
11-02 12:14:16.695  4891  4891 D DDS-SemPhoneSwitcher: Removed DcRequest, size: 25
11-02 12:14:16.696  4891  4891 D DDS-SemPhoneSwitcher: handleMessage msg={ when=0 what=104 obj=NetworkRequest [ TRACK_DEFAULT id=1024, [ Capabilities: INTERNET&NOT_RESTRICTED&TRUSTED Uid: 10194 AdministratorUids: [] RequestorUid: 10194 RequestorPackageName: com.facebook.katana] ] target=com.android.internal.telephony.SemPhoneSwitcher }
11-02 12:14:16.704  4891  4891 E ApnConfigTypeRepository: Invalid apn type name, entry: ent2:2
11-02 12:14:16.704  4891  4891 E ApnConfigTypeRepository: Invalid apn type name, entry: ent2:2
11-02 12:14:16.704  4891  4891 D DcRequest: Cellular request confirmed: NetworkRequest [ TRACK_DEFAULT id=1024, [ Capabilities: INTERNET&NOT_RESTRICTED&TRUSTED Uid: 10194 AdministratorUids: [] RequestorUid: 10194 RequestorPackageName: com.facebook.katana] ]
11-02 12:14:16.704  4891  4891 D SubscriptionController: [getSubId]- numSubIds == 0, return null slotIndex=1
11-02 12:14:16.705  4891  4891 D DDS-SemPhoneSwitcher: getRequestOverride : requestPhoneId = -1, mPreferredDataPhoneId = 0, mPrimaryDataSubId = 1
11-02 12:14:16.705  4891  4891 D DDS-SemPhoneSwitcher: getRequestOverride : RequestOverride(mState = NONE, mPhoneId = -1, mDelayReason = NONE)
11-02 12:14:16.705  4891  4891 D SubscriptionController: [getSubId]- numSubIds == 0, return null slotIndex=-1
11-02 12:14:16.706  4891  4891 D DDS-SemPhoneSwitcher: updatePreferredDataPhoneId: mPreferredDataPhoneId = 0(PRIMARYDATA)
11-02 12:14:16.708  4891  4891 D DDS-SemPhoneSwitcher: Removed DcRequest, size: 24
11-02 12:15:53.788  4891  4891 D SST-SEM : [0] EVENT_SEM_SIGNAL_LEVEL_INFO_CHANGED
11-02 12:15:53.788  4891  4891 D SST-SEM : [0] SignalLevel: SignalBarInfo{ gsmLevel=4 }
11-02 12:19:15.672  4891  4891 D RILJ    : [2369]> RIL_REQUEST_GET_ACTIVITY_INFO [PHONE0]
11-02 12:19:15.681  4891  4891 D SST-SEM : [0] EVENT_SEM_SIGNAL_LEVEL_INFO_CHANGED
11-02 12:19:15.681  4891  4891 D SST-SEM : [0] SignalLevel: SignalBarInfo{ gsmLevel=4 }
11-02 12:19:15.682  4891  5122 D RILJ    : [2369]< RIL_REQUEST_GET_ACTIVITY_INFO ModemActivityInfo{ mTimestamp=418158717 mSleepTimeMs=867267 mIdleTimeMs=4093 mTransmitPowerInfo[]=[TransmitPower{ mTimeInMillis=0 mPowerRangeInDbm={-2147483648,0}}, TransmitPower{ mTimeInMillis=0 mPowerRangeInDbm={0,5}}, TransmitPower{ mTimeInMillis=0 mPowerRangeInDbm={5,15}}, TransmitPower{ mTimeInMillis=0 mPowerRangeInDbm={15,20}}, TransmitPower{ mTimeInMillis=0 mPowerRangeInDbm={20,2147483647}}] mRxTimeMs=50029} [PHONE0]
11-02 12:21:05.976  4891  4891 D SST-SEM : [0] EVENT_SEM_SIGNAL_LEVEL_INFO_CHANGED
11-02 12:21:05.976  4891  4891 D SST-SEM : [0] SignalLevel: SignalBarInfo{ gsmLevel=4 }
11-02 12:28:43.214  4891  4891 D RILJ    : [2370]> RIL_REQUEST_GET_ACTIVITY_INFO [PHONE0]
11-02 12:28:43.222  4891  5122 D RILJ    : [2370]< RIL_REQUEST_GET_ACTIVITY_INFO ModemActivityInfo{ mTimestamp=418726257 mSleepTimeMs=534864 mIdleTimeMs=2569 mTransmitPowerInfo[]=[TransmitPower{ mTimeInMillis=0 mPowerRangeInDbm={-2147483648,0}}, TransmitPower{ mTimeInMillis=0 mPowerRangeInDbm={0,5}}, TransmitPower{ mTimeInMillis=0 mPowerRangeInDbm={5,15}}, TransmitPower{ mTimeInMillis=0 mPowerRangeInDbm={15,20}}, TransmitPower{ mTimeInMillis=0 mPowerRangeInDbm={20,2147483647}}] mRxTimeMs=30108} [PHONE0]
11-02 12:28:58.009  4891  4891 D RILJ    : [2371]> RIL_REQUEST_GET_ACTIVITY_INFO [PHONE0]
11-02 12:28:58.018  4891  5122 D RILJ    : [2371]< RIL_REQUEST_GET_ACTIVITY_INFO ModemActivityInfo{ mTimestamp=418741052 mSleepTimeMs=13320 mIdleTimeMs=663 mTransmitPowerInfo[]=[TransmitPower{ mTimeInMillis=0 mPowerRangeInDbm={-2147483648,0}}, TransmitPower{ mTimeInMillis=0 mPowerRangeInDbm={0,5}}, TransmitPower{ mTimeInMillis=0 mPowerRangeInDbm={5,15}}, TransmitPower{ mTimeInMillis=0 mPowerRangeInDbm={15,20}}, TransmitPower{ mTimeInMillis=0 mPowerRangeInDbm={20,2147483647}}] mRxTimeMs=812} [PHONE0]
11-02 12:40:46.360  4368  4472 E RILC    : unsupported OEM unsolicated response code 11009
11-02 12:40:46.361  4367  5925 D RILClient: processUnsolicited(): resp_id (11009), len(12)
11-02 12:40:46.361  4367  5925 D RILClient: processUnsolicited(): unsol_func resp_id (11009), len(12)
11-02 12:40:46.362  4891  4891 D RILJ    : [2372]> RIL_REQUEST_GET_ACTIVITY_INFO [PHONE0]
11-02 12:40:46.364  4332  4674 D RILClient: processUnsolicited(): resp_id (11009), len(12)
11-02 12:40:46.368  4891  5122 D RILJ    : [2372]< RIL_REQUEST_GET_ACTIVITY_INFO ModemActivityInfo{ mTimestamp=419449403 mSleepTimeMs=667798 mIdleTimeMs=3131 mTransmitPowerInfo[]=[TransmitPower{ mTimeInMillis=0 mPowerRangeInDbm={-2147483648,0}}, TransmitPower{ mTimeInMillis=0 mPowerRangeInDbm={0,5}}, TransmitPower{ mTimeInMillis=0 mPowerRangeInDbm={5,15}}, TransmitPower{ mTimeInMillis=0 mPowerRangeInDbm={15,20}}, TransmitPower{ mTimeInMillis=0 mPowerRangeInDbm={20,2147483647}}] mRxTimeMs=37428} [PHONE0]
11-02 12:40:46.377  4891  4891 D SST-SEM : [0] requestAllCellInfo - UID: 1001, PID: 4891
11-02 12:40:46.379  4891  4891 D RILJ    : [2373]> RIL_REQUEST_GET_CELL_INFO_LIST [PHONE0]
11-02 12:40:46.390  4891  5122 D RILJ    : [2373]< RIL_REQUEST_GET_CELL_INFO_LIST  [PHONE0]
11-02 12:40:46.390  4891  4891 D SIMRecords: [SIMRecords-0] getAllEonsNames, servicestate = 0
11-02 12:40:46.390  4891  4891 D SST-SEM : [0] getEons PNN: null
11-02 12:40:46.390  4891  4891 D SST-SEM : [0] getEons EONS: null
