--------- beginning of events
11-04 18:49:54.133 I/am_kill ( 4569): [0,24233,com.google.android.partnersetup,935,empty #25]
11-04 18:49:54.138 I/power_partial_wake_state( 4569): [7,*telephony-radio*:com.android.phone]
11-04 18:49:54.147 I/power_partial_wake_state( 4569): [7,*telephony-radio*:com.android.phone]
11-04 18:49:54.149 I/power_partial_wake_state( 4569): [2,*telephony-radio*:com.android.phone]
11-04 18:49:54.200 I/am_proc_died( 4569): [0,24233,com.google.android.partnersetup,23,935,19,105,1477]
11-04 18:49:54.201 I/am_uid_stopped( 4569): 10088
11-04 19:03:49.702 I/power_partial_wake_state( 4569): [3,GCM_READ:com.google.android.gms]
11-04 19:03:49.733 I/c2dm    ( 9433): [-1,,26,27]
11-04 19:03:49.734 I/power_partial_wake_state( 4569): [33,GCM_WORK:com.google.android.gms]
11-04 19:11:34.213 I/am_kill ( 4569): [0,25655,com.samsung.android.dqagent,999,empty #25]
11-04 19:11:34.317 I/am_proc_died( 4569): [0,25655,com.samsung.android.dqagent,23,999,19,116,1477]
11-04 19:13:06.670 I/power_partial_wake_state( 4569): [1,*telephony-radio*:com.android.phone]
11-04 19:13:06.679 I/power_partial_wake_state( 4569): [9,*telephony-radio*:com.android.phone]
11-04 19:13:06.681 I/power_partial_wake_state( 4569): [1,*telephony-radio*:com.android.phone]
11-04 19:13:06.682 I/service_manager_stats( 4569): [100,117,38881]
11-04 19:26:32.164 I/am_uid_running( 4569): 10110
11-04 19:26:32.177 I/power_partial_wake_state( 4569): [26,*alarm*:android]
11-04 19:26:32.180 I/am_proc_start( 4569): [0,26511,10110,com.sec.spp.push,broadcast,{com.sec.spp.push/com.sec.spp.smpc.receiver.SmpcSystemStateMonitor}]
11-04 19:26:32.205 I/power_partial_wake_state( 4569): [2,*telephony-radio*:com.android.phone]
11-04 19:26:32.223 I/power_partial_wake_state( 4569): [18,*telephony-radio*:com.android.phone]
11-04 19:26:32.226 I/power_partial_wake_state( 4569): [3,*telephony-radio*:com.android.phone]
11-04 19:26:32.257 I/am_proc_bound( 4569): [0,26511,com.sec.spp.push]
11-04 19:26:32.264 I/am_uid_active( 4569): 10110
11-04 19:26:32.573 I/power_partial_wake_state( 4569): [395,*alarm*:android]
11-04 19:26:32.608 I/netstats_mobile_sample( 4569): [0,0,0,0,0,0,0,0,0,0,0,0,1762259192163]
11-04 19:26:32.609 I/netstats_wifi_sample( 4569): [247024057,532753,25198546,123254,247024057,532753,25198546,123254,138232893,197944,21625509,98117,1762259192163]
11-04 19:26:32.609 I/power_partial_wake_state( 4569): [43,NetworkStats:android]
11-04 19:26:32.635 I/power_partial_wake_state( 4569): [62,*alarm*:android]
11-04 19:26:32.635 I/power_partial_wake_state( 4569): [0,*alarm*:android]
11-04 19:26:34.074 I/am_kill ( 4569): [0,24963,com.aura.oobe.samsung.gl,999,empty #25]
11-04 19:26:34.076 I/am_proc_start( 4569): [0,26781,10110,com.sec.spp.push:remoteRuna,broadcast,{com.sec.spp.push/com.sec.spp.runa.receiver.RunaPolicyBroadcastReceiver}]
11-04 19:26:34.089 I/power_partial_wake_state( 4569): [1,*telephony-radio*:com.android.phone]
11-04 19:26:34.098 I/power_partial_wake_state( 4569): [8,*telephony-radio*:com.android.phone]
11-04 19:26:34.102 I/power_partial_wake_state( 4569): [4,*telephony-radio*:com.android.phone]
11-04 19:26:34.147 I/am_proc_bound( 4569): [0,26781,com.sec.spp.push:remoteRuna]
11-04 19:26:34.219 I/power_partial_wake_state( 4569): [97,*job*/com.google.android.googlequicksearchbox/androidx.work.impl.background.systemjob.SystemJobService:android]
11-04 19:26:34.273 I/power_partial_wake_state( 4569): [60,WorkManager:TikTokListenableWorker startWork -> com.google.apps.tiktok.sync.impl.workmanager.SyncPeriodicWorker startWork() -> com.google.apps.tiktok.sync.impl.workmanager.SyncPeriodicWorker startWork() -> NoAccountWorkerFactory startWork():com.google.android.googlequicksearchbox]
11-04 19:26:35.505 I/am_proc_died( 4569): [0,24963,com.aura.oobe.samsung.gl,23,999,19,108,1483]
11-04 19:26:35.542 I/dvm_lock_sample( 4569): [system_server,1,PowerManagerService,356,PowerManagerService.java,4773,void com.android.server.power.PowerManagerService.handleSandman(),,0,null,71]
11-04 19:26:35.543 I/dvm_lock_sample( 4569): [system_server,1,Binder:4569_A,345,PowerManagerService.java,2135,void com.android.server.power.PowerManagerService.acquireWakeLockInternal(android.os.IBinder, int, java.lang.String, java.lang.String, android.os.WorkSource, java.lang.String, int, int, boolean),-,2215,void com.android.server.power.PowerManagerService.acquireWakeLockInternal(android.os.IBinder, int, java.lang.String, java.lang.String, android.os.WorkSource, java.lang.String, int, int, boolean),69]
11-04 19:26:35.544 I/power_partial_wake_state( 4569): [5,*telephony-radio*:com.android.phone]
11-04 19:26:35.546 I/am_uid_stopped( 4569): 10246
11-04 19:26:35.552 I/power_partial_wake_state( 4569): [7,*telephony-radio*:com.android.phone]
11-04 19:26:35.553 I/power_partial_wake_state( 4569): [1,*telephony-radio*:com.android.phone]
11-04 19:26:35.664 I/power_partial_wake_state( 4569): [32,WorkManager:TikTokListenableWorker startWork -> com.google.apps.tiktok.sync.impl.workmanager.SyncPeriodicWorker startWork() -> com.google.apps.tiktok.sync.impl.workmanager.SyncPeriodicWorker startWork() -> NoAccountWorkerFactory startWork():com.google.android.googlequicksearchbox]
11-04 19:26:35.824 I/am_kill ( 4569): [0,24194,com.samsung.android.sm.policy,999,empty #25]
11-04 19:26:35.894 I/am_proc_died( 4569): [0,24194,com.samsung.android.sm.policy,23,999,19,108,1484]
11-04 19:26:35.894 I/am_uid_stopped( 4569): 10215
11-04 19:26:36.133 I/power_partial_wake_state( 4569): [589,WorkManager:TikTokListenableWorker startWork -> com.google.apps.tiktok.sync.impl.workmanager.SyncPeriodicWorker startWork() -> com.google.apps.tiktok.sync.impl.workmanager.SyncPeriodicWorker startWork() -> NoAccountWorkerFactory startWork():com.google.android.googlequicksearchbox]
11-04 19:26:36.400 I/power_partial_wake_state( 4569): [727,WorkManager:TikTokListenableWorker startWork -> com.google.apps.tiktok.sync.impl.workmanager.SyncPeriodicWorker startWork() -> com.google.apps.tiktok.sync.impl.workmanager.SyncPeriodicWorker startWork() -> NoAccountWorkerFactory startWork():com.google.android.googlequicksearchbox]
11-04 19:26:38.699 I/service_manager_stats( 4891): [100,135,95582]
11-04 19:28:35.646 I/power_partial_wake_state( 4569): [2,*telephony-radio*:com.android.phone]
11-04 19:28:35.659 I/power_partial_wake_state( 4569): [13,*telephony-radio*:com.android.phone]
11-04 19:28:35.663 I/power_partial_wake_state( 4569): [3,*telephony-radio*:com.android.phone]
11-04 19:32:40.928 I/power_partial_wake_state( 4569): [16,GCM_READ:com.google.android.gms]
11-04 19:32:40.954 I/c2dm    ( 9433): [-1,,27,28]
11-04 19:32:40.955 I/power_partial_wake_state( 4569): [30,GCM_WORK:com.google.android.gms]
11-04 19:33:19.866 I/am_proc_start( 4569): [0,26849,1000,com.samsung.android.dqagent,broadcast,{com.samsung.android.dqagent/com.samsung.android.dqagent.receiver.DQADataReceiver}]
11-04 19:33:19.894 I/am_proc_bound( 4569): [0,26849,com.samsung.android.dqagent]
11-04 19:36:10.486 I/am_kill ( 4569): [0,24240,com.samsung.android.app.contacts,999,empty #25]
11-04 19:36:10.573 I/am_proc_died( 4569): [0,24240,com.samsung.android.app.contacts,23,999,19,107,1486]
11-04 19:36:10.576 I/am_uid_stopped( 4569): 10115
11-04 19:41:32.287 I/power_partial_wake_state( 4569): [4,*location*:android]
11-04 19:41:32.296 I/power_partial_wake_state( 4569): [10,*location*:android]
11-04 19:41:32.300 I/power_partial_wake_state( 4569): [14,*location*:android]
11-04 19:41:32.301 I/power_partial_wake_state( 4569): [17,*location*:android]
11-04 19:41:32.314 I/power_partial_wake_state( 4569): [1,NetworkLocationPassiveCollector:com.google.android.gms]
11-04 19:41:32.315 I/power_partial_wake_state( 4569): [25,CMWakeLock:com.google.android.gms]
11-04 19:41:32.327 I/power_partial_wake_state( 4569): [5,PendingIntentClient:com.google.android.gms]
11-04 19:41:32.333 I/power_partial_wake_state( 4569): [4,PendingIntentClient:com.google.android.gms]
11-04 19:41:32.337 I/power_partial_wake_state( 4569): [4,PendingIntentClient:com.google.android.gms]
11-04 19:41:32.344 I/power_partial_wake_state( 4569): [6,PendingIntentClient:com.google.android.gms]
11-04 19:41:32.349 I/power_partial_wake_state( 4569): [1,GCoreFlp:com.google.android.gms]
11-04 19:41:32.360 I/power_partial_wake_state( 4569): [67,CallbackRunner:com.google.android.gms]
11-04 19:50:27.461 I/power_partial_wake_state( 4569): [3,*telephony-radio*:com.android.phone]
11-04 19:50:27.470 I/power_partial_wake_state( 4569): [8,*telephony-radio*:com.android.phone]
11-04 19:50:27.471 I/power_partial_wake_state( 4569): [1,*telephony-radio*:com.android.phone]
11-04 20:01:32.099 I/power_partial_wake_state( 4569): [4,GCM_READ:com.google.android.gms]
11-04 20:01:32.127 I/c2dm    ( 9433): [-1,,28,29]
11-04 20:01:32.128 I/power_partial_wake_state( 4569): [31,GCM_WORK:com.google.android.gms]
11-04 20:09:16.669 I/content_query_sample(19225): contents_sample_state: [CONTACT contacts(3) data(6) accounts({vnd.sec.contact.sim (2)=3}) accounts deleted({}) in_trash(in_trash(0), in_trash_for_sync(0)) calls([]) countryIso(VN) userId(0)  ]
11-04 20:09:16.669 I/content_query_sample(19225): contents_sample_state: [ agr({[2]=3})  ]
11-04 20:09:16.669 I/content_query_sample(19225): contents_sample_state: [ actCnt({android.process.acore(19225)=1})  ]
11-04 20:09:16.669 I/content_query_sample(19225): contents_sample_state: [PROFILE contacts(0) data(0) accounts({})  ] [SAPROFILE contacts(0) data(0) accounts({})  ]
11-04 20:09:16.669 I/content_query_sample(19225): contents_sample_state: [STORAGE Contacts(CE) Profile(CE) SAProfile(CE) CallLog(CE)  ]
11-04 20:10:40.246 I/power_partial_wake_state( 4569): [2,*telephony-radio*:com.android.phone]
11-04 20:10:40.265 I/power_partial_wake_state( 4569): [18,*telephony-radio*:com.android.phone]
11-04 20:10:40.268 I/power_partial_wake_state( 4569): [2,*telephony-radio*:com.android.phone]
11-04 20:20:31.156 I/power_partial_wake_state( 4569): [17,*alarm*:android]
11-04 20:20:31.195 I/netstats_mobile_sample( 4569): [0,0,0,0,0,0,0,0,0,0,0,0,1762262430749]
11-04 20:20:31.195 I/netstats_wifi_sample( 4569): [247042433,532833,25214725,123331,247042433,532833,25214725,123331,138248741,197992,21639966,98188,1762262430749]
11-04 20:20:31.195 I/power_partial_wake_state( 4569): [39,NetworkStats:android]
11-04 20:20:31.202 I/power_partial_wake_state( 4569): [46,*alarm*:android]
11-04 20:20:31.215 I/power_partial_wake_state( 4569): [1,*telephony-radio*:com.android.phone]
11-04 20:20:31.223 I/power_partial_wake_state( 4569): [7,*telephony-radio*:com.android.phone]
11-04 20:20:31.224 I/power_partial_wake_state( 4569): [1,*telephony-radio*:com.android.phone]
11-04 20:25:50.212 I/am_pss  ( 4569): [24796,5023,com.samsung.android.networkdiagnostic,31559680,27119616,588800,154284032,0,19,16]
11-04 20:25:50.231 I/am_pss  ( 4569): [24763,10109,com.android.vending:instant_app_installer,45343744,28254208,600064,187572224,0,19,17]
11-04 20:25:50.248 I/am_pss  ( 4569): [24855,10061,com.samsung.android.app.routines,17748992,7970816,622592,143187968,0,19,14]
11-04 20:25:50.273 I/am_pss  ( 4569): [24418,10116,com.samsung.android.scs,30738432,25788416,607232,155586560,0,19,17]
11-04 20:25:50.288 I/am_pss  ( 4569): [25985,10094,com.google.process.gapps,9838592,5152768,633856,121126912,0,19,13]
11-04 20:25:50.305 I/am_pss  ( 4569): [26150,10061,com.samsung.android.app.routines:RoutineUIProcess,17618944,7868416,629760,140341248,0,19,14]
11-04 20:25:50.994 I/service_manager_stats( 4569): [100,111,36937]
11-04 20:30:22.790 I/power_partial_wake_state( 4569): [8,GCM_READ:com.google.android.gms]
11-04 20:30:22.820 I/c2dm    ( 9433): [-1,,29,30]
11-04 20:30:22.821 I/power_partial_wake_state( 4569): [35,GCM_WORK:com.google.android.gms]
11-04 20:41:05.601 I/power_partial_wake_state( 4569): [3,*telephony-radio*:com.android.phone]
11-04 20:41:05.609 I/power_partial_wake_state( 4569): [8,*telephony-radio*:com.android.phone]
11-04 20:41:05.612 I/power_partial_wake_state( 4569): [1,*telephony-radio*:com.android.phone]
11-04 20:59:13.995 I/power_partial_wake_state( 4569): [7,GCM_READ:com.google.android.gms]
11-04 20:59:14.017 I/c2dm    ( 9433): [-1,,30,31]
11-04 20:59:14.017 I/power_partial_wake_state( 4569): [27,GCM_WORK:com.google.android.gms]
11-04 20:59:14.061 I/am_pss  ( 4569): [26677,10147,com.google.android.apps.turbo,11840512,8622080,641024,119795712,0,19,13]
11-04 20:59:14.078 I/am_pss  ( 4569): [26216,5029,com.samsung.android.dsms,7238656,3981312,640000,116912128,0,19,14]
11-04 20:59:14.108 I/am_pss  ( 4569): [25851,10109,com.android.vending,122925056,90400768,556032,292591616,0,19,26]
11-04 20:59:14.134 I/am_pss  ( 4569): [25884,10109,com.android.vending:background,64861184,35143680,587776,223952896,0,19,19]
11-04 20:59:14.137 I/power_partial_wake_state( 4569): [1,*telephony-radio*:com.android.phone]
11-04 20:59:14.146 I/power_partial_wake_state( 4569): [7,*telephony-radio*:com.android.phone]
11-04 20:59:14.148 I/power_partial_wake_state( 4569): [3,*telephony-radio*:com.android.phone]
11-04 20:59:14.186 I/am_pss  ( 4569): [26359,10070,com.google.android.configupdater,9495552,6692864,645120,106627072,0,19,12]
11-04 20:59:14.208 I/am_pss  ( 4569): [26324,10061,com.samsung.android.app.aodservice:provider,16753664,12013568,628736,134193152,0,19,18]
11-04 20:59:14.227 I/am_pss  ( 4569): [25553,10186,com.facebook.appmanager,18432000,14487552,614400,136646656,0,19,16]
11-04 20:59:14.245 I/am_pss  ( 4569): [25794,10251,com.google.android.setupwizard,17186816,12726272,608256,134590464,0,19,14]
11-04 20:59:14.263 I/am_pss  ( 4569): [24629,10118,com.samsung.android.mobileservice,40393728,34111488,605184,166367232,0,19,15]
11-04 20:59:14.280 I/am_pss  ( 4569): [26253,10058,com.google.android.projection.gearhead:provider,46869504,43622400,633856,155377664,0,19,14]
11-04 21:20:40.677 I/power_partial_wake_state( 4569): [22,*alarm*:android]
11-04 21:20:40.715 I/power_partial_wake_state( 4569): [39,*alarm*:android]
11-04 21:20:40.776 I/power_partial_wake_state( 4569): [0,*telephony-radio*:com.android.phone]
11-04 21:20:40.788 I/power_partial_wake_state( 4569): [12,*telephony-radio*:com.android.phone]
11-04 21:20:40.789 I/netstats_mobile_sample( 4569): [0,0,0,0,0,0,0,0,0,0,0,0,1762266040344]
11-04 21:20:40.790 I/power_partial_wake_state( 4569): [1,*telephony-radio*:com.android.phone]
11-04 21:20:40.790 I/netstats_wifi_sample( 4569): [247044985,532859,25217239,123362,247044985,532859,25217239,123362,138249669,198001,21641032,98200,1762266040344]
11-04 21:20:40.791 I/power_partial_wake_state( 4569): [71,NetworkStats:android]
11-04 21:20:40.795 I/power_partial_wake_state( 4569): [80,*alarm*:android]
11-04 21:20:47.138 I/power_partial_wake_state( 4569): [4,*telephony-radio*:com.android.phone]
11-04 21:20:47.154 I/power_partial_wake_state( 4569): [15,*telephony-radio*:com.android.phone]
11-04 21:20:47.157 I/power_partial_wake_state( 4569): [2,*telephony-radio*:com.android.phone]
11-04 21:28:06.611 I/power_partial_wake_state( 4569): [10,GCM_READ:com.google.android.gms]
11-04 21:28:06.662 I/c2dm    ( 9433): [-1,,31,32]
11-04 21:28:06.663 I/power_partial_wake_state( 4569): [57,GCM_WORK:com.google.android.gms]
11-04 21:30:15.866 I/am_pss  ( 4569): [23544,10155,com.google.android.googlequicksearchbox:search,114633728,75448320,587776,324796416,0,19,33]
11-04 21:30:15.884 I/am_pss  ( 4569): [26781,10110,com.sec.spp.push:remoteRuna,10036224,5472256,638976,112865280,0,19,14]
11-04 21:30:15.892 I/service_manager_slow( 4569): [11,netstats]
11-04 21:30:15.907 I/am_pss  ( 4569): [26579,10155,com.google.android.googlequicksearchbox:googleapp,79541248,45264896,613376,232169472,0,19,20]
11-04 21:30:15.927 I/am_pss  ( 4569): [26511,10110,com.sec.spp.push,22840320,14163968,598016,187064320,0,19,17]
11-04 21:44:48.401 I/battery_level( 4569): [91,4137,205]
11-04 21:44:48.826 I/power_partial_wake_state( 4569): [2,*telephony-radio*:com.android.phone]
11-04 21:44:48.839 I/power_partial_wake_state( 4569): [12,*telephony-radio*:com.android.phone]
11-04 21:44:48.841 I/power_partial_wake_state( 4569): [1,*telephony-radio*:com.android.phone]
11-04 21:44:53.941 I/am_uid_idle( 4569): 10110
11-04 21:51:10.865 I/power_partial_wake_state( 4569): [3,*location*:android]
11-04 21:51:10.866 I/power_partial_wake_state( 4569): [2,*location*:android]
11-04 21:51:10.871 I/power_partial_wake_state( 4569): [7,*location*:android]
11-04 21:51:10.879 I/power_partial_wake_state( 4569): [17,*location*:android]
11-04 21:55:21.198 I/am_pss  ( 4569): [26849,1000,com.samsung.android.dqagent,10120192,6139904,621568,128610304,0,19,24]
11-04 21:56:57.003 I/power_partial_wake_state( 4569): [3,GCM_READ:com.google.android.gms]
11-04 21:56:57.023 I/service_manager_stats( 4569): [100,137,43153]
11-04 21:56:57.039 I/c2dm    ( 9433): [-1,,32,33]
11-04 21:56:57.040 I/power_partial_wake_state( 4569): [38,GCM_WORK:com.google.android.gms]
11-04 21:56:57.217 I/power_partial_wake_state( 4569): [2,*telephony-radio*:com.android.phone]
11-04 21:56:57.228 I/power_partial_wake_state( 4569): [11,*telephony-radio*:com.android.phone]
11-04 21:56:57.231 I/power_partial_wake_state( 4569): [1,*telephony-radio*:com.android.phone]
11-04 22:00:00.167 I/sysui_multi_action( 4569): [757,803,799,dnd_mode_0,802,53999994]
11-04 22:00:00.167 I/sysui_multi_action( 4569): [757,803,799,dnd_rule_count,802,0]
11-04 22:00:00.168 I/sysui_multi_action( 4569): [757,803,799,dnd_type_0,802,53999994]
11-04 22:00:00.184 I/commit_sys_config_file( 4569): [notification-policy,15]
11-04 22:00:00.189 I/notification_cancel( 4569): [10061,4934,com.android.systemui,2131233330,noti_DoNotDisturb,-1,0,1088,8,NULL]
11-04 22:00:00.200 I/netstats_mobile_sample( 4569): [0,0,0,0,0,0,0,0,0,0,0,0,1762268399754]
11-04 22:00:00.200 I/netstats_wifi_sample( 4569): [247053658,532905,25225487,123394,247053658,532905,25225487,123394,138257254,198025,21649136,98230,1762268399754]
11-04 22:00:00.201 I/power_partial_wake_state( 4569): [51,NetworkStats:android]
11-04 22:00:00.217 I/power_partial_wake_state( 4569): [68,*alarm*:android]
11-04 22:00:00.241 I/power_partial_wake_state( 4569): [1,*telephony-radio*:com.android.phone]
11-04 22:00:00.248 I/power_partial_wake_state( 4569): [7,*telephony-radio*:com.android.phone]
11-04 22:00:00.250 I/power_partial_wake_state( 4569): [1,*telephony-radio*:com.android.phone]
11-04 22:00:00.386 I/commit_sys_config_file( 4569): [settings-0-0,16]
11-04 22:11:32.977 I/content_query_sample(19225): contents_sample_state: [CONTACT contacts(3) data(6) accounts({vnd.sec.contact.sim (2)=3}) accounts deleted({}) in_trash(in_trash(0), in_trash_for_sync(0)) calls([]) countryIso(VN) userId(0)  ]
11-04 22:11:32.977 I/content_query_sample(19225): contents_sample_state: [ agr({[2]=3})  ]
11-04 22:11:32.977 I/content_query_sample(19225): contents_sample_state: [ actCnt({android.process.acore(19225)=1})  ]
11-04 22:11:32.977 I/content_query_sample(19225): contents_sample_state: [PROFILE contacts(0) data(0) accounts({})  ] [SAPROFILE contacts(0) data(0) accounts({})  ]
11-04 22:11:32.977 I/content_query_sample(19225): contents_sample_state: [STORAGE Contacts(CE) Profile(CE) SAProfile(CE) CallLog(CE)  ]
11-04 22:13:21.482 I/power_partial_wake_state( 4569): [398,Doze:com.android.systemui]
11-04 22:13:21.563 I/power_partial_wake_state( 4569): [191,AOD_Notification:com.android.systemui]
11-04 22:13:21.621 I/commit_sys_config_file( 4569): [settings-1-0,16]
11-04 22:13:21.870 I/power_partial_wake_state( 4569): [2,*telephony-radio*:com.android.phone]
11-04 22:13:21.880 I/power_partial_wake_state( 4569): [9,*telephony-radio*:com.android.phone]
11-04 22:13:21.885 I/power_partial_wake_state( 4569): [5,*telephony-radio*:com.android.phone]
11-04 22:13:22.197 I/power_partial_wake_state( 4569): [608,Doze:com.android.systemui]
11-04 22:13:22.602 I/power_partial_wake_state( 4569): [1572,AOD_EnsureWorkingTime:com.android.systemui]
11-04 22:13:22.616 I/power_partial_wake_state( 4569): [1206,AOD_TspUpdate:com.android.systemui]
11-04 22:13:31.456 I/power_partial_wake_state( 4569): [1,*telephony-radio*:com.android.phone]
11-04 22:13:31.465 I/power_partial_wake_state( 4569): [9,*telephony-radio*:com.android.phone]
11-04 22:13:31.467 I/power_partial_wake_state( 4569): [2,*telephony-radio*:com.android.phone]
11-04 22:13:31.472 I/netstats_mobile_sample( 4569): [0,0,0,0,0,0,0,0,0,0,0,0,1762269211026]
11-04 22:13:31.472 I/netstats_wifi_sample( 4569): [247053938,532910,25225775,123398,247053938,532910,25225775,123398,138257254,198025,21649208,98231,1762269211026]
11-04 22:13:31.473 I/power_partial_wake_state( 4569): [61,NetworkStats:android]
11-04 22:13:31.486 I/power_partial_wake_state( 4569): [84,com.android.server.stats.StatsCompanionService.PullingAlarmListener:android]
11-04 22:13:31.525 I/power_partial_wake_state( 4569): [129,*alarm*:android]
11-04 22:13:31.636 I/power_partial_wake_state( 4569): [104,Doze:com.android.systemui]
11-04 22:13:31.725 I/commit_sys_config_file( 4569): [settings-1-0,9]
11-04 22:25:47.786 I/power_partial_wake_state( 4569): [7,GCM_READ:com.google.android.gms]
11-04 22:25:47.810 I/c2dm    ( 9433): [-1,,33,34]
11-04 22:25:47.810 I/power_partial_wake_state( 4569): [27,GCM_WORK:com.google.android.gms]
11-04 22:26:32.411 I/power_partial_wake_state( 4569): [3,*telephony-radio*:com.android.phone]
11-04 22:26:32.428 I/power_partial_wake_state( 4569): [16,*telephony-radio*:com.android.phone]
11-04 22:26:32.430 I/power_partial_wake_state( 4569): [2,*telephony-radio*:com.android.phone]
11-04 22:38:03.779 I/power_partial_wake_state( 4569): [273,Doze:com.android.systemui]
11-04 22:38:03.852 I/power_partial_wake_state( 4569): [179,AOD_Notification:com.android.systemui]
11-04 22:38:03.931 I/commit_sys_config_file( 4569): [settings-1-0,28]
11-04 22:38:04.493 I/power_partial_wake_state( 4569): [610,Doze:com.android.systemui]
11-04 22:38:04.907 I/power_partial_wake_state( 4569): [1278,AOD_TspUpdate:com.android.systemui]
11-04 22:38:05.008 I/power_partial_wake_state( 4569): [1548,AOD_EnsureWorkingTime:com.android.systemui]
11-04 22:38:14.174 I/service_manager_slow( 4569): [15,alarm]
11-04 22:38:14.222 I/netstats_mobile_sample( 4569): [0,0,0,0,0,0,0,0,0,0,0,0,1762270693776]
11-04 22:38:14.223 I/netstats_wifi_sample( 4569): [247055956,532923,25230279,123424,247055956,532923,25230279,123424,138258968,198031,21651046,98239,1762270693776]
11-04 22:38:14.223 I/power_partial_wake_state( 4569): [68,NetworkStats:android]
11-04 22:38:14.280 I/power_partial_wake_state( 4569): [1,*telephony-radio*:com.android.phone]
11-04 22:38:14.295 I/power_partial_wake_state( 4569): [14,*telephony-radio*:com.android.phone]
11-04 22:38:14.295 I/power_partial_wake_state( 4569): [1,*telephony-radio*:com.android.phone]
11-04 22:38:14.300 I/power_partial_wake_state( 4569): [168,*alarm*:android]
11-04 22:38:14.423 I/ntp_success( 4569): [time.android.com/2001:4860:4806:8::,122,-633]
11-04 22:38:14.425 I/power_partial_wake_state( 4569): [109,Doze:com.android.systemui]
11-04 22:38:14.426 I/power_partial_wake_state( 4569): [190,NetworkTimeUpdateService:android]
11-04 22:38:14.427 I/power_partial_wake_state( 4569): [1,timedetector.TimeDetectorStrategyCallbackImpl:android]
11-04 22:38:14.502 I/commit_sys_config_file( 4569): [settings-1-0,14]
11-04 22:46:29.323 I/power_partial_wake_state( 4569): [1,*telephony-radio*:com.android.phone]
11-04 22:46:29.331 I/power_partial_wake_state( 4569): [8,*telephony-radio*:com.android.phone]
11-04 22:46:29.332 I/power_partial_wake_state( 4569): [1,*telephony-radio*:com.android.phone]
11-04 22:54:38.932 I/power_partial_wake_state( 4569): [5,GCM_READ:com.google.android.gms]
11-04 22:54:38.959 I/c2dm    ( 9433): [-1,,34,35]
11-04 22:54:38.960 I/power_partial_wake_state( 4569): [29,GCM_WORK:com.google.android.gms]
11-04 22:56:33.062 I/am_pss  ( 4569): [26677,10147,com.google.android.apps.turbo,11849728,8634368,640000,119812096,0,19,23]
11-04 22:56:33.100 I/am_pss  ( 4569): [25851,10109,com.android.vending,122617856,89925632,556032,292595712,0,19,33]
11-04 22:56:33.128 I/am_pss  ( 4569): [25884,10109,com.android.vending:background,64909312,35196928,588800,224010240,0,19,23]
11-04 23:05:01.502 I/service_manager_stats( 4569): [100,153,34071]
11-04 23:09:06.182 I/am_uid_running( 4569): 10084
11-04 23:09:06.219 I/netstats_mobile_sample( 4569): [0,0,0,0,0,0,0,0,0,0,0,0,1762272545586]
11-04 23:09:06.219 I/netstats_wifi_sample( 4569): [247064672,532963,25238876,123458,247064672,532963,25238876,123458,138266220,198053,21659643,98273,1762272545586]
11-04 23:09:06.219 I/power_partial_wake_state( 4569): [50,NetworkStats:android]
11-04 23:09:06.227 I/am_proc_start( 4569): [0,27104,10084,com.samsung.android.game.gos,service,{com.samsung.android.game.gos/com.samsung.android.game.gos.service.MainIntentService}]
11-04 23:09:06.229 I/am_uid_running( 4569): 10086
11-04 23:09:06.229 I/power_partial_wake_state( 4569): [5,*location*:android]
11-04 23:09:06.230 I/power_partial_wake_state( 4569): [1,*location*:android]
11-04 23:09:06.231 I/power_partial_wake_state( 4569): [6,*location*:android]
11-04 23:09:06.232 I/power_partial_wake_state( 4569): [6,*location*:android]
11-04 23:09:06.250 I/am_proc_start( 4569): [0,27112,10086,com.samsung.android.game.gamehome,broadcast,{com.samsung.android.game.gamehome/com.samsung.android.game.gamehome.receiver.GameLauncherAlarmReceiver}]
11-04 23:09:06.257 I/power_partial_wake_state( 4569): [40,CallbackRunner:com.google.android.gms]
11-04 23:09:06.293 I/am_proc_bound( 4569): [0,27104,com.samsung.android.game.gos]
11-04 23:09:06.296 I/device_idle_step( 4569): 
11-04 23:09:06.308 I/am_proc_bound( 4569): [0,27112,com.samsung.android.game.gamehome]
11-04 23:09:06.308 I/device_idle( 4569): [6,s:alarm]
11-04 23:09:06.308 I/power_partial_wake_state( 4569): [142,*alarm*:android]
11-04 23:09:06.310 I/device_idle_off_start( 4569): unknown
11-04 23:09:06.311 I/device_idle_off_phase( 4569): power
11-04 23:09:06.311 I/device_idle_off_phase( 4569): net
11-04 23:09:06.341 I/device_idle_off_complete( 4569): 
11-04 23:09:06.370 I/battery_saving_stats( 4569): [0,0,2,20920202,86158,2,442963646,1749382,48]
11-04 23:09:06.399 I/power_partial_wake_state( 4569): [3,*job*/com.google.android.as/com.google.android.apps.miphone.aiai.echo.scheduler.EchoJobService:android]
11-04 23:09:06.435 I/power_partial_wake_state( 4569): [2,NetworkLocationLocator:com.google.android.gms]
11-04 23:09:06.438 I/power_partial_wake_state( 4569): [2,CallbackRunner:com.google.android.gms]
11-04 23:09:06.450 I/power_partial_wake_state( 4569): [2,GCM_WORK:com.google.android.gms]
11-04 23:09:06.466 I/power_partial_wake_state( 4569): [26,CallbackRunner:com.google.android.gms]
11-04 23:09:06.480 I/power_partial_wake_state( 4569): [2,*telephony-radio*:com.android.phone]
11-04 23:09:06.489 I/power_partial_wake_state( 4569): [10,*telephony-radio*:com.android.phone]
11-04 23:09:06.492 I/power_partial_wake_state( 4569): [3,*telephony-radio*:com.android.phone]
11-04 23:09:06.563 I/power_partial_wake_state( 4569): [64,WorkManager:TikTokListenableWorker startWork -> com.google.apps.tiktok.sync.impl.workmanager.SyncPeriodicWorker startWork() -> com.google.apps.tiktok.sync.impl.workmanager.SyncPeriodicWorker startWork() -> NoAccountWorkerFactory startWork():com.google.android.googlequicksearchbox]
11-04 23:09:06.571 I/power_partial_wake_state( 4569): [128,*gms_scheduler*:internal:com.google.android.gms]
11-04 23:09:06.572 I/power_partial_wake_state( 4569): [73,*gms_scheduler*/com.google.android.gms/.icing.proxy.IcingInternalCorporaUpdateService:com.google.android.gms]
11-04 23:09:06.588 I/power_partial_wake_state( 4569): [14,*gms_scheduler*:internal:com.google.android.gms]
11-04 23:09:06.597 I/power_partial_wake_state( 4569): [4,GCM_READ:com.google.android.gms]
11-04 23:09:06.609 I/power_partial_wake_state( 4569): [13,GCM_WORK:com.google.android.gms]
11-04 23:09:06.644 I/power_partial_wake_state( 4569): [51,*gms_scheduler*:internal:com.google.android.gms]
11-04 23:09:06.648 I/power_partial_wake_state( 4569): [84,*gms_scheduler*/com.google.android.gms/.semanticlocationhistory.federated.regionfetcher.RegionMddDownloadScheduleService:com.google.android.gms]
11-04 23:09:06.656 I/power_partial_wake_state( 4569): [35,*gms_scheduler*/com.google.android.gms/.common.systemhealthutils.restart.GmsRestartPersistentService:com.google.android.gms]
11-04 23:09:06.658 I/power_partial_wake_state( 4569): [5,*gms_scheduler*:internal:com.google.android.gms]
11-04 23:09:06.733 I/power_partial_wake_state( 4569): [73,*gms_scheduler*:internal:com.google.android.gms]
11-04 23:09:06.751 I/power_partial_wake_state( 4569): [13,*gms_scheduler*:internal:com.google.android.gms]
11-04 23:09:06.752 I/power_partial_wake_state( 4569): [66,*gms_scheduler*/com.google.android.gms/.tapandpay.gcmtask.TapAndPayGcmTaskService:com.google.android.gms]
11-04 23:09:06.759 I/power_partial_wake_state( 4569): [5,*gms_scheduler*:internal:com.google.android.gms]
11-04 23:09:06.808 I/power_partial_wake_state( 4569): [41,*gms_scheduler*:internal:com.google.android.gms]
11-04 23:09:06.871 I/power_partial_wake_state( 4569): [563,*alarm*:android]
11-04 23:09:06.891 I/power_partial_wake_state( 4569): [11,*job*/com.samsung.android.game.gamehome/.service.PlayLogUpdateJobIntentService:android]
11-04 23:09:06.897 I/power_partial_wake_state( 4569): [26,*alarm*:android]
11-04 23:09:06.904 I/power_partial_wake_state( 4569): [337,WorkManager:TikTokListenableWorker startWork -> com.google.apps.tiktok.sync.impl.workmanager.SyncPeriodicWorker startWork() -> com.google.apps.tiktok.sync.impl.workmanager.SyncPeriodicWorker startWork() -> NoAccountWorkerFactory startWork():com.google.android.googlequicksearchbox]
11-04 23:09:06.921 I/power_partial_wake_state( 4569): [24,*alarm*:android]
11-04 23:09:06.933 I/power_partial_wake_state( 4569): [18,*job*/com.facebook.appmanager/com.facebook.oxygen.appmanager.scheduler.schedulers.alarmmanager.AlarmManagerService:android]
11-04 23:09:06.938 I/power_partial_wake_state( 4569): [1,*telephony-radio*:com.android.phone]
11-04 23:09:06.953 I/power_partial_wake_state( 4569): [15,*telephony-radio*:com.android.phone]
11-04 23:09:06.956 I/power_partial_wake_state( 4569): [2,*telephony-radio*:com.android.phone]
11-04 23:09:06.964 I/power_partial_wake_state( 4569): [567,*job*/com.google.android.googlequicksearchbox/androidx.work.impl.background.systemjob.SystemJobService:android]
11-04 23:09:07.213 I/power_partial_wake_state( 4569): [410,*gms_scheduler*/com.google.android.gms/.semanticlocationhistory.deidentifieddata.storevisits.StoreVisitsProcessingService:com.google.android.gms]
11-04 23:09:07.228 I/power_partial_wake_state( 4569): [10,*gms_scheduler*:internal:com.google.android.gms]
11-04 23:09:07.290 I/power_partial_wake_state( 4569): [60,*gms_scheduler*:internal:com.google.android.gms]
11-04 23:09:07.335 I/power_partial_wake_state( 4569): [52,*gms_scheduler*/com.google.android.gms/.semanticlocationhistory.deidentifieddata.uploads.BatchDeidentifiedDataUploadService:com.google.android.gms]
11-04 23:09:07.343 I/power_partial_wake_state( 4569): [6,*gms_scheduler*:internal:com.google.android.gms]
11-04 23:09:07.443 I/power_partial_wake_state( 4569): [99,*gms_scheduler*:internal:com.google.android.gms]
11-04 23:09:07.470 I/power_partial_wake_state( 4569): [81,*gms_scheduler*/com.google.android.gms/.telephonyspam.sync.SpamListSyncTaskService:com.google.android.gms]
11-04 23:09:07.477 I/power_partial_wake_state( 4569): [3,*gms_scheduler*:internal:com.google.android.gms]
11-04 23:09:07.535 I/power_partial_wake_state( 4569): [53,*gms_scheduler*:internal:com.google.android.gms]
11-04 23:09:07.540 I/power_partial_wake_state( 4569): [817,*gms_scheduler*/com.google.android.gms/.security.safebrowsing.SafeBrowsingGmsTaskBoundService:com.google.android.gms]
11-04 23:09:07.545 I/power_partial_wake_state( 4569): [4,*gms_scheduler*:internal:com.google.android.gms]
11-04 23:09:07.586 I/power_partial_wake_state( 4569): [40,*gms_scheduler*:internal:com.google.android.gms]
11-04 23:09:07.594 I/power_partial_wake_state( 4569): [83,*gms_scheduler*/com.google.android.gms/.gcm.HeartbeatAlarm$ConnectionInfoPersistService:com.google.android.gms]
11-04 23:09:07.604 I/power_partial_wake_state( 4569): [8,*gms_scheduler*:internal:com.google.android.gms]
11-04 23:09:07.639 I/power_partial_wake_state( 4569): [32,*gms_scheduler*:internal:com.google.android.gms]
11-04 23:09:07.640 I/power_partial_wake_state( 4569): [56,*gms_scheduler*/com.google.android.gms/.scheduler.standalone.housekeeping.HousekeepingTrainTaskService:com.google.android.gms]
11-04 23:09:07.645 I/power_partial_wake_state( 4569): [9,*gms_scheduler*/com.google.android.gms/.scheduler.standalone.housekeeping.HousekeepingTrainTaskService:com.google.android.gms]
11-04 23:09:07.657 I/power_partial_wake_state( 4569): [4,*gms_scheduler*:internal:com.google.android.gms]
11-04 23:09:07.687 I/power_partial_wake_state( 4569): [29,*gms_scheduler*:internal:com.google.android.gms]
11-04 23:09:07.692 I/power_partial_wake_state( 4569): [4,*gms_scheduler*:internal:com.google.android.gms]
11-04 23:09:07.723 I/power_partial_wake_state( 4569): [30,*gms_scheduler*:internal:com.google.android.gms]
11-04 23:09:07.724 I/power_partial_wake_state( 4569): [41,*gms_scheduler*/com.google.android.gms/.scheduler.standalone.housekeeping.HousekeepingTrainTaskService:com.google.android.gms]
11-04 23:09:07.729 I/power_partial_wake_state( 4569): [9,*gms_scheduler*/com.google.android.gms/.scheduler.standalone.housekeeping.HousekeepingTrainTaskService:com.google.android.gms]
11-04 23:09:07.742 I/power_partial_wake_state( 4569): [3,*gms_scheduler*:internal:com.google.android.gms]
11-04 23:09:07.795 I/power_partial_wake_state( 4569): [51,*gms_scheduler*:internal:com.google.android.gms]
11-04 23:09:07.804 I/power_partial_wake_state( 4569): [4,*gms_scheduler*:internal:com.google.android.gms]
11-04 23:09:07.852 I/power_partial_wake_state( 4569): [45,*gms_scheduler*:internal:com.google.android.gms]
11-04 23:09:07.854 I/power_partial_wake_state( 4569): [79,*gms_scheduler*/com.google.android.gms/.gass.chimera.SchedulePeriodicTasksService:com.google.android.gms]
11-04 23:09:07.862 I/power_partial_wake_state( 4569): [6,*gms_scheduler*:internal:com.google.android.gms]
11-04 23:09:07.872 I/am_proc_start( 4569): [0,27216,10094,com.google.android.gms.unstable,service,{com.google.android.gms/com.google.android.gms.droidguard.DroidGuardService}]
11-04 23:09:07.902 I/power_partial_wake_state( 4569): [39,*gms_scheduler*:internal:com.google.android.gms]
11-04 23:09:07.903 I/power_partial_wake_state( 4569): [69,*gms_scheduler*/com.google.android.gms/.clearcut.uploader.QosUploaderService:com.google.android.gms]
11-04 23:09:07.908 I/power_partial_wake_state( 4569): [2,*gms_scheduler*:internal:com.google.android.gms]
11-04 23:09:07.913 I/am_proc_bound( 4569): [0,27216,com.google.android.gms.unstable]
11-04 23:09:07.960 I/power_partial_wake_state( 4569): [51,*gms_scheduler*:internal:com.google.android.gms]
11-04 23:09:09.394 I/am_uid_running( 4569): 10148
11-04 23:09:09.420 I/am_proc_start( 4569): [0,27295,10148,com.samsung.android.themestore,service,{com.samsung.android.themestore/com.samsung.android.themestore.manager.periodicJobSchedulingService.PeriodicJobSchedulingService}]
11-04 23:09:09.443 I/am_proc_start( 4569): [0,27305,10147,com.google.android.apps.turbo:aab,service,{com.google.android.apps.turbo/com.google.android.libraries.smartbattery.appusage.library.InferAppBucketsJob}]
11-04 23:09:09.462 I/power_partial_wake_state( 4569): [47,*job*/com.facebook.appmanager/com.facebook.preloads.platform.common.periodicwork.PeriodicWorkJobService:android]
11-04 23:09:09.476 I/am_uid_running( 4569): 10245
11-04 23:09:09.480 I/power_partial_wake_state( 4569): [63,*job*/com.facebook.appmanager/com.facebook.analytics2.logger.LollipopUploadService:android]
11-04 23:09:09.496 I/am_proc_bound( 4569): [0,27305,com.google.android.apps.turbo:aab]
11-04 23:09:09.504 I/am_proc_bound( 4569): [0,27295,com.samsung.android.themestore]
11-04 23:09:09.513 I/am_proc_start( 4569): [0,27340,10245,com.google.android.apps.maps,service,{com.google.android.apps.maps/androidx.work.impl.background.systemjob.SystemJobService}]
11-04 23:09:09.518 I/job_deferred_execution( 4569): 76610177
11-04 23:09:09.519 I/am_uid_running( 4569): 10242
11-04 23:09:09.545 I/am_proc_start( 4569): [0,27351,10242,com.google.android.youtube,service,{com.google.android.youtube/androidx.work.impl.background.systemjob.SystemJobService}]
11-04 23:09:09.567 I/am_uid_active( 4569): 10065
11-04 23:09:09.585 I/am_uid_running( 4569): 10080
11-04 23:09:09.591 I/am_proc_bound( 4569): [0,27340,com.google.android.apps.maps]
11-04 23:09:09.629 I/am_proc_bound( 4569): [0,27351,com.google.android.youtube]
11-04 23:09:09.641 I/am_proc_start( 4569): [0,27394,10080,com.facebook.system,content provider,{com.facebook.system/com.facebook.oxygen.installer.audit.provider.InstallerAuditDataApiProvider}]
11-04 23:09:09.686 I/power_partial_wake_state( 4569): [13,Icing:com.google.android.gms]
11-04 23:09:09.714 I/am_proc_bound( 4569): [0,27394,com.facebook.system]
11-04 23:09:09.874 I/commit_sys_config_file( 4569): [notification-policy,28]
11-04 23:09:09.930 I/power_partial_wake_state( 4569): [3474,CollectionLib-SigCollector:com.google.android.gms]
11-04 23:09:09.952 I/power_partial_wake_state( 4569): [7,CallbackRunner:com.google.android.gms]
11-04 23:09:09.987 I/am_uid_running( 4569): 10081
11-04 23:09:09.994 I/power_partial_wake_state( 4569): [109,*job*/com.samsung.android.themestore/.manager.periodicJobSchedulingService.PeriodicJobSchedulingService:android]
11-04 23:09:10.036 I/job_deferred_execution( 4569): 17157831
11-04 23:09:10.037 I/am_uid_running( 4569): 10184
11-04 23:09:10.041 I/am_proc_start( 4569): [0,27451,10081,com.facebook.services,content provider,{com.facebook.services/com.facebook.oxygen.services.audit.provider.ServicesAuditDataApiProvider}]
11-04 23:09:10.064 I/am_proc_start( 4569): [0,27458,10184,com.google.android.gm,service,{com.google.android.gm/androidx.work.impl.background.systemjob.SystemJobService}]
11-04 23:09:10.132 I/am_proc_bound( 4569): [0,27451,com.facebook.services]
11-04 23:09:10.157 I/am_proc_bound( 4569): [0,27458,com.google.android.gm]
11-04 23:09:10.242 I/power_partial_wake_state( 4569): [564,*job*/com.google.android.apps.turbo/com.google.android.libraries.smartbattery.appusage.library.InferAppBucketsJob:android]
11-04 23:09:10.288 I/job_deferred_execution( 4569): 17158083
11-04 23:09:10.304 I/killinfo( 3927): [26150,10061,999,850,141680,-1,12792,1370412,1476304,31096,1552,8668,3808,0,0,0,0,2097148,1082220,625564,412564,595064,871100,0,78648,177168,53904,100072,0,0,0,72,0,0,0,0,77]
11-04 23:09:10.339 I/am_proc_died( 4569): [0,26150,com.samsung.android.app.routines:RoutineUIProcess,23,999,19,34,1421]
11-04 23:09:10.423 I/am_proc_start( 4569): [0,27556,10058,com.google.android.projection.gearhead:car,service,{com.google.android.projection.gearhead/com.google.android.apps.auto.carservice.service.impl.GearheadCarStartupService}]
11-04 23:09:10.545 I/am_proc_bound( 4569): [0,27556,com.google.android.projection.gearhead:car]
11-04 23:09:10.615 I/killinfo( 3927): [25985,10094,999,850,124060,-1,12180,1353404,1460144,30948,1364,8632,3808,0,0,0,0,2097148,1076908,611304,441452,648588,801252,0,78644,177260,54464,100344,0,0,0,0,0,0,0,0,77]
11-04 23:09:10.728 I/am_proc_died( 4569): [0,25985,com.google.process.gapps,23,999,19,13,1427]
11-04 23:09:11.257 I/dvm_lock_sample(27351): [com.google.android.youtube,0,yt-critical Thread #2,873,Runtime.java,-1,void java.lang.Runtime.loadLibrary0(java.lang.ClassLoader, java.lang.Class, java.lang.String),-,1089,void java.lang.Runtime.loadLibrary0(java.lang.ClassLoader, java.lang.Class, java.lang.String),100]
11-04 23:09:11.265 I/dvm_lock_sample(27351): [com.google.android.youtube,1,BG Thread #3,562,ConditionVariable.java,94,void android.os.ConditionVariable.block(),-,70,void android.os.ConditionVariable.open(),100]
11-04 23:09:11.368 I/power_partial_wake_state( 4569): [3,*telephony-radio*:com.android.phone]
11-04 23:09:11.379 I/power_partial_wake_state( 4569): [11,*telephony-radio*:com.android.phone]
11-04 23:09:11.381 I/power_partial_wake_state( 4569): [1,*telephony-radio*:com.android.phone]
11-04 23:09:11.452 I/power_partial_wake_state( 4569): [5011,NetworkLocationScanner:com.google.android.gms]
11-04 23:09:11.470 I/power_partial_wake_state( 4569): [9,PendingIntentClient:com.google.android.gms]
11-04 23:09:11.472 I/commit_sys_config_file( 4569): [jobs,7]
11-04 23:09:11.485 I/power_partial_wake_state( 4569): [9,PendingIntentClient:com.google.android.gms]
11-04 23:09:11.490 I/power_partial_wake_state( 4569): [4,*location*:android]
11-04 23:09:11.491 I/power_partial_wake_state( 4569): [3,*location*:android]
11-04 23:09:11.491 I/power_partial_wake_state( 4569): [3,*location*:android]
11-04 23:09:11.491 I/power_partial_wake_state( 4569): [2,*location*:android]
11-04 23:09:11.492 I/power_partial_wake_state( 4569): [2,*location*:android]
11-04 23:09:11.504 I/power_partial_wake_state( 4569): [2090,*job*/com.facebook.appmanager/com.facebook.preloads.platform.common.periodicwork.PeriodicWorkJobService:android]
11-04 23:09:11.517 I/power_partial_wake_state( 4569): [1,*location*:android]
11-04 23:09:11.518 I/power_partial_wake_state( 4569): [4,*location*:android]
11-04 23:09:11.519 I/power_partial_wake_state( 4569): [17,PendingIntentClient:com.google.android.gms]
11-04 23:09:11.520 I/power_partial_wake_state( 4569): [62,NetworkLocationLocator:com.google.android.gms]
11-04 23:09:11.521 I/power_partial_wake_state( 4569): [2,CallbackRunner:com.google.android.gms]
11-04 23:09:11.525 I/power_partial_wake_state( 4569): [10,*location*:android]
11-04 23:09:11.527 I/job_deferred_execution( 4569): 17159322
11-04 23:09:11.531 I/am_kill ( 4569): [0,24418,com.samsung.android.scs,999,empty #25]
11-04 23:09:11.532 I/power_partial_wake_state( 4569): [17,*location*:android]
11-04 23:09:11.540 I/power_partial_wake_state( 4569): [18,GCoreFlp:com.google.android.gms]
11-04 23:09:11.593 I/power_partial_wake_state( 4569): [104,*location*:android]
11-04 23:09:11.616 I/power_partial_wake_state( 4569): [19,CallbackRunner:com.google.android.gms]
11-04 23:09:11.621 I/power_partial_wake_state( 4569): [119,*alarm*:android]
11-04 23:09:11.728 I/am_proc_died( 4569): [0,24418,com.samsung.android.scs,23,999,19,96,1373]
11-04 23:09:11.729 I/am_uid_stopped( 4569): 10116
11-04 23:09:11.939 I/dvm_lock_sample(27458): [com.google.android.gm,1,Firebase Background Thread #2,438,PG,13,java.lang.Object bmkn.call(),-,47,java.lang.Object bmkn.call(),87]
11-04 23:09:11.948 I/dvm_lock_sample(27458): [com.google.android.gm,1,Firebase Background Thread #3,507,PG,13,java.lang.Object bmkn.call(),-,47,java.lang.Object bmkn.call(),100]
11-04 23:09:11.984 I/power_partial_wake_state( 4569): [1719,*job*/com.google.android.youtube/androidx.work.impl.background.systemjob.SystemJobService:android]
11-04 23:09:11.997 I/job_deferred_execution( 4569): 76612656
11-04 23:09:12.048 I/power_partial_wake_state( 4569): [24,*job*/com.google.android.youtube/androidx.work.impl.background.systemjob.SystemJobService:android]
11-04 23:09:12.058 I/job_deferred_execution( 4569): 41880914
11-04 23:09:12.430 I/power_partial_wake_state( 4569): [1986,*job*/com.google.android.apps.maps/androidx.work.impl.background.systemjob.SystemJobService:android]
11-04 23:09:12.448 I/job_deferred_execution( 4569): 20946050
11-04 23:09:12.450 I/am_uid_running( 4569): 10162
11-04 23:09:12.483 I/am_proc_start( 4569): [0,27733,10162,com.google.android.apps.tachyon,service,{com.google.android.apps.tachyon/androidx.work.impl.background.systemjob.SystemJobService}]
11-04 23:09:12.509 I/power_partial_wake_state( 4569): [4577,*gms_scheduler*/com.google.android.gms/.phenotype.service.sync.PhenotypeConfigurator:com.google.android.gms]
11-04 23:09:12.510 I/am_kill ( 4569): [0,24855,com.samsung.android.app.routines,999,empty #25]
11-04 23:09:12.537 I/power_partial_wake_state( 4569): [26,*gms_scheduler*:internal:com.google.android.gms]
11-04 23:09:12.585 I/am_proc_bound( 4569): [0,27733,com.google.android.apps.tachyon]
11-04 23:09:12.653 I/power_partial_wake_state( 4569): [113,*gms_scheduler*:internal:com.google.android.gms]
11-04 23:09:12.678 I/commit_sys_config_file( 4569): [settings-4-0,14]
11-04 23:09:12.700 I/am_kill ( 4569): [0,26253,com.google.android.projection.gearhead:provider,999,empty #25]
11-04 23:09:12.704 I/power_partial_wake_state( 4569): [79,*gms_scheduler*/com.google.android.gms/.tapandpay.gcmtask.TapAndPayGcmTaskService:com.google.android.gms]
11-04 23:09:12.725 I/power_partial_wake_state( 4569): [18,*gms_scheduler*:internal:com.google.android.gms]
11-04 23:09:12.741 I/power_partial_wake_state( 4569): [7,CMWakeLock:com.google.android.gms]
11-04 23:09:12.746 I/service_manager_slow(27351): [61,isub]
11-04 23:09:12.759 I/am_proc_died( 4569): [0,26253,com.google.android.projection.gearhead:provider,23,999,19,89,1378]
11-04 23:09:12.797 I/power_partial_wake_state( 4569): [3,CMWakeLock:com.google.android.gms]
11-04 23:09:12.797 I/am_proc_died( 4569): [0,24855,com.samsung.android.app.routines,23,999,19,80,1387]
11-04 23:09:12.864 I/power_partial_wake_state( 4569): [133,*gms_scheduler*:internal:com.google.android.gms]
11-04 23:09:12.869 I/power_partial_wake_state( 4569): [93,*gms_scheduler*/com.google.android.gms/.auth.account.be.accountstate.GcmTaskService:com.google.android.gms]
11-04 23:09:12.882 I/power_partial_wake_state( 4569): [9,*gms_scheduler*:internal:com.google.android.gms]
11-04 23:09:12.905 I/commit_sys_config_file( 4569): [settings-4-0,11]
11-04 23:09:12.950 I/power_partial_wake_state( 4569): [65,*gms_scheduler*:internal:com.google.android.gms]
11-04 23:09:12.952 I/power_partial_wake_state( 4569): [18,*gms_scheduler*/com.google.android.gms/com.google.android.contextmanager.service.ContextManagerLogsUploadBoundService:com.google.android.gms]
11-04 23:09:12.975 I/power_partial_wake_state( 4569): [17,*gms_scheduler*:internal:com.google.android.gms]
11-04 23:09:12.985 I/power_partial_wake_state( 4569): [35,CMWakeLock:com.google.android.gms]
11-04 23:09:12.999 I/dvm_lock_sample(27458): [com.google.android.gm,1,BG Thread #2,1679,PG,8,void com.android.email.provider.EmailProvider.aw(),-,72,void com.android.email.provider.EmailProvider.aw(),100]
11-04 23:09:13.001 I/dvm_lock_sample(27458): [com.google.android.gm,1,BG Thread #3,1659,PG,8,void com.android.email.provider.EmailProvider.aw(),-,72,void com.android.email.provider.EmailProvider.aw(),100]
11-04 23:09:13.019 I/power_partial_wake_state( 4569): [4,Application creation -> Application.onCreate -> Startup Listeners -> CrashStartupListener:com.google.android.apps.tachyon]
11-04 23:09:13.104 I/power_partial_wake_state( 4569): [118,*gms_scheduler*:internal:com.google.android.gms]
11-04 23:09:13.109 I/commit_sys_config_file( 4569): [notification-policy,30]
11-04 23:09:13.140 I/commit_sys_config_file( 4569): [notification-policy,23]
11-04 23:09:13.162 I/power_partial_wake_state( 4569): [27,*gms_scheduler*:internal:com.google.android.gms]
11-04 23:09:13.163 I/power_partial_wake_state( 4569): [103,*gms_scheduler*/com.google.android.gms/.common.config.PhenotypeCheckinService:com.google.android.gms]
11-04 23:09:13.164 I/power_partial_wake_state( 4569): [5281,*gms_scheduler*/com.google.android.gms/.clearcut.uploader.QosUploaderService:com.google.android.gms]
11-04 23:09:13.168 I/power_partial_wake_state( 4569): [3,*gms_scheduler*:internal:com.google.android.gms]
11-04 23:09:13.290 I/power_partial_wake_state( 4569): [121,IntentOp:.auth.account.AuthInitIntentOperation:com.google.android.gms]
11-04 23:09:13.328 I/dvm_lock_sample(27351): [com.google.android.youtube,1,BG Thread #4,368,PG,23,com.google.common.util.concurrent.ListenableFuture yvo.a(boolean),-,47,java.lang.String yvo.f(),73]
11-04 23:09:13.430 I/power_partial_wake_state( 4569): [260,*gms_scheduler*:internal:com.google.android.gms]
11-04 23:09:13.446 I/power_partial_wake_state( 4569): [15,*gms_scheduler*:internal:com.google.android.gms]
11-04 23:09:13.461 I/power_partial_wake_state( 4569): [128,*gms_scheduler*/com.google.android.gms/.security.snet.SnetNormalTaskService:com.google.android.gms]
11-04 23:09:13.479 I/power_partial_wake_state( 4569): [201,IntentOp:.auth.frp.FrpUpdateIntentOperation:com.google.android.gms]
11-04 23:09:13.492 I/commit_sys_config_file( 4569): [notification-policy,32]
11-04 23:09:13.497 I/power_partial_wake_state( 4569): [33,*gms_scheduler*:internal:com.google.android.gms]
11-04 23:09:13.498 I/am_proc_start( 4569): [0,27842,10245,com.google.android.apps.maps:server_recovery_process,broadcast,{com.google.android.apps.maps/com.google.android.apps.gmm.plugins.serverrecovery.PhenotypeServerRecoveryHandlerImpl}]
11-04 23:09:13.574 I/am_proc_bound( 4569): [0,27842,com.google.android.apps.maps:server_recovery_process]
11-04 23:09:13.580 I/commit_sys_config_file( 4569): [jobs,17]
11-04 23:09:13.618 I/power_partial_wake_state( 4569): [119,*gms_scheduler*:internal:com.google.android.gms]
11-04 23:09:13.639 I/power_partial_wake_state( 4569): [58,*gms_scheduler*/com.google.android.gms/.icing.proxy.IcingInternalCorporaUpdateService:com.google.android.gms]
11-04 23:09:13.656 I/power_partial_wake_state( 4569): [12,*gms_scheduler*:internal:com.google.android.gms]
11-04 23:09:13.754 I/power_partial_wake_state( 4569): [96,*gms_scheduler*:internal:com.google.android.gms]
11-04 23:09:13.964 I/power_partial_wake_state( 4569): [122,*gms_scheduler*/com.google.android.gms/.auth.blockstore.service.cloudsync.CloudSyncBackupTaskService:com.google.android.gms]
11-04 23:09:14.078 I/register_audio_device_callback(27351): 27351
