11-05 05:11:52.010 I/power_partial_wake_state( 4569): [4,*telephony-radio*:com.android.phone]
11-05 05:11:52.090 I/dvm_lock_sample(30510): [com.google.android.googlequickse,0,Blocking Thread #3,1204,PG,7,java.util.Map dbyr.a(android.content.Context),-,127,java.util.Map dbyr.a(android.content.Context),100]
11-05 05:11:52.093 I/dvm_lock_sample(30510): [com.google.android.googlequickse,0,Blocking Thread #5,916,PG,7,java.util.Map dbyr.a(android.content.Context),-,127,java.util.Map dbyr.a(android.content.Context),100]
11-05 05:11:52.100 I/dvm_lock_sample(30510): [com.google.android.googlequickse,0,Blocking Thread #7,914,PG,7,java.util.Map dbyr.a(android.content.Context),-,127,java.util.Map dbyr.a(android.content.Context),100]
11-05 05:11:52.200 I/power_partial_wake_state( 4569): [570,*gms_scheduler*/com.google.android.gms/.languageprofile.GcmTaskService:com.google.android.gms]
11-05 05:11:52.214 I/power_partial_wake_state( 4569): [11,*gms_scheduler*:internal:com.google.android.gms]
11-05 05:11:52.293 I/power_partial_wake_state( 4569): [1923,*job*/com.google.android.googlequicksearchbox/androidx.work.impl.background.systemjob.SystemJobService:android]
11-05 05:11:52.301 I/power_partial_wake_state( 4569): [84,*gms_scheduler*:internal:com.google.android.gms]
11-05 05:11:52.305 I/job_deferred_execution( 4569): 21759943
11-05 05:11:52.307 I/am_uid_running( 4569): 10242
11-05 05:11:52.333 I/am_proc_start( 4569): [0,30769,10242,com.google.android.youtube,service,{com.google.android.youtube/androidx.work.impl.background.systemjob.SystemJobService}]
11-05 05:11:52.361 I/am_uid_running( 4569): 10086
11-05 05:11:52.377 I/power_partial_wake_state( 4569): [635,*alarm*:android]
11-05 05:11:52.386 I/am_proc_start( 4569): [0,30792,10086,com.samsung.android.game.gamehome,broadcast,{com.samsung.android.game.gamehome/com.samsung.android.game.gamehome.receiver.GameLauncherAlarmReceiver}]
11-05 05:11:52.397 I/am_proc_bound( 4569): [0,30769,com.google.android.youtube]
11-05 05:11:52.419 I/commit_sys_config_file( 4569): [package-user-0,15]
11-05 05:11:52.441 I/am_proc_bound( 4569): [0,30792,com.samsung.android.game.gamehome]
11-05 05:11:52.581 I/power_partial_wake_state( 4569): [306,*gms_scheduler*/com.google.android.gms/.languageprofile.GcmTaskService:com.google.android.gms]
11-05 05:11:52.586 I/power_partial_wake_state( 4569): [3,*gms_scheduler*:internal:com.google.android.gms]
11-05 05:11:52.670 I/power_partial_wake_state( 4569): [83,*gms_scheduler*:internal:com.google.android.gms]
11-05 05:11:52.692 I/power_partial_wake_state( 4569): [55,*gms_scheduler*/com.google.android.gms/.auth.account.be.accountstate.GcmTaskService:com.google.android.gms]
11-05 05:11:52.704 I/power_partial_wake_state( 4569): [7,*gms_scheduler*:internal:com.google.android.gms]
11-05 05:11:52.749 I/power_partial_wake_state( 4569): [44,*gms_scheduler*:internal:com.google.android.gms]
11-05 05:11:52.778 I/power_partial_wake_state( 4569): [48,*gms_scheduler*/com.google.android.gms/.tapandpay.gcmtask.TapAndPayGcmTaskService:com.google.android.gms]
11-05 05:11:52.790 I/power_partial_wake_state( 4569): [9,*gms_scheduler*:internal:com.google.android.gms]
11-05 05:11:52.870 I/power_partial_wake_state( 4569): [79,*gms_scheduler*:internal:com.google.android.gms]
11-05 05:11:53.016 I/power_partial_wake_state( 4569): [2491,NetworkLocationScanner:com.google.android.gms]
11-05 05:11:53.052 I/power_partial_wake_state( 4569): [11,PendingIntentClient:com.google.android.gms]
11-05 05:11:53.064 I/power_partial_wake_state( 4569): [10,GCoreFlp:com.google.android.gms]
11-05 05:11:53.066 I/power_partial_wake_state( 4569): [7,PendingIntentClient:com.google.android.gms]
11-05 05:11:53.070 I/power_partial_wake_state( 4569): [2,*location*:android]
11-05 05:11:53.071 I/power_partial_wake_state( 4569): [2,*location*:android]
11-05 05:11:53.072 I/power_partial_wake_state( 4569): [2,*location*:android]
11-05 05:11:53.073 I/power_partial_wake_state( 4569): [6,*location*:android]
11-05 05:11:53.122 I/power_partial_wake_state( 4569): [23,PendingIntentClient:com.google.android.gms]
11-05 05:11:53.130 I/power_partial_wake_state( 4569): [1,*location*:android]
11-05 05:11:53.131 I/power_partial_wake_state( 4569): [3,*location*:android]
11-05 05:11:53.134 I/power_partial_wake_state( 4569): [5,*location*:android]
11-05 05:11:53.136 I/power_partial_wake_state( 4569): [8,*location*:android]
11-05 05:11:53.138 I/power_partial_wake_state( 4569): [9,*location*:android]
11-05 05:11:53.146 I/power_partial_wake_state( 4569): [3,IntentOp:.common.broadcast.BackgroundBroadcastReceiverSupport$PersistentReceiverIntentOperation:com.google.android.gms]
11-05 05:11:53.159 I/am_uid_running( 4569): 10254
11-05 05:11:53.186 I/power_partial_wake_state( 4569): [159,NetworkLocationLocator:com.google.android.gms]
11-05 05:11:53.192 I/power_partial_wake_state( 4569): [48,CallbackRunner:com.google.android.gms]
11-05 05:11:53.203 I/am_proc_start( 4569): [0,30869,10254,com.google.android.permissioncontroller,service,{com.google.android.permissioncontroller/com.android.permissioncontroller.permission.service.PermissionControllerServiceImpl}]
11-05 05:11:53.218 I/am_uid_running( 4569): 10082
11-05 05:11:53.281 I/power_partial_wake_state( 4569): [1,*location*:android]
11-05 05:11:53.282 I/power_partial_wake_state( 4569): [1,*location*:android]
11-05 05:11:53.283 I/power_partial_wake_state( 4569): [3,*location*:android]
11-05 05:11:53.284 I/power_partial_wake_state( 4569): [4,*location*:android]
11-05 05:11:53.292 I/power_partial_wake_state( 4569): [4,NetworkLocationLocator:com.google.android.gms]
11-05 05:11:53.296 I/am_proc_start( 4569): [0,30895,10082,com.samsung.android.app.galaxyfinder:appservice,service,{com.samsung.android.app.galaxyfinder/com.samsung.android.app.galaxyfinder.acceleration.AppCoreService}]
11-05 05:11:53.299 I/power_partial_wake_state( 4569): [921,*alarm*:android]
11-05 05:11:53.299 I/power_partial_wake_state( 4569): [1,*alarm*:android]
11-05 05:11:53.315 I/am_proc_bound( 4569): [0,30869,com.google.android.permissioncontroller]
11-05 05:11:53.319 I/am_uid_active( 4569): 10254
11-05 05:11:53.332 I/power_partial_wake_state( 4569): [3,*telephony-radio*:com.android.phone]
11-05 05:11:53.338 I/am_proc_start( 4569): [0,30918,10147,com.google.android.apps.turbo:aab,broadcast,{com.google.android.apps.turbo/com.google.android.libraries.smartbattery.common.phenotype.PhenotypeBroadcastReceiver}]
11-05 05:11:53.347 I/power_partial_wake_state( 4569): [14,*telephony-radio*:com.android.phone]
11-05 05:11:53.360 I/power_partial_wake_state( 4569): [12,*telephony-radio*:com.android.phone]
11-05 05:11:53.367 I/power_partial_wake_state( 4569): [66,CallbackRunner:com.google.android.gms]
11-05 05:11:53.370 I/am_proc_bound( 4569): [0,30895,com.samsung.android.app.galaxyfinder:appservice]
11-05 05:11:53.402 I/am_proc_bound( 4569): [0,30918,com.google.android.apps.turbo:aab]
11-05 05:11:53.423 I/power_partial_wake_state( 4569): [565,*gms_scheduler*/com.google.android.gms/.adsidentity.service.AdsidentityMendelPropertyUpdateService:com.google.android.gms]
11-05 05:11:53.439 I/am_proc_died( 4569): [0,30721,com.google.android.apps.maps:server_recovery_process_scheduled,23,915,19,71,1746]
11-05 05:11:53.440 I/am_uid_stopped( 4569): 10245
11-05 05:11:53.444 I/am_mem_factor( 4569): [1,0]
11-05 05:11:53.445 I/power_partial_wake_state( 4569): [18,*gms_scheduler*:internal:com.google.android.gms]
11-05 05:11:53.476 I/force_gc(30792): mem
11-05 05:11:53.480 I/force_gc(30261): mem
11-05 05:11:53.480 I/force_gc(30555): mem
11-05 05:11:53.536 I/power_partial_wake_state( 4569): [88,*gms_scheduler*:internal:com.google.android.gms]
11-05 05:11:53.550 I/power_partial_wake_state( 4569): [28,*gms_scheduler*/com.google.android.gms/.scheduler.standalone.housekeeping.HousekeepingTrainTaskService:com.google.android.gms]
11-05 05:11:53.569 I/power_partial_wake_state( 4569): [5,*gms_scheduler*:internal:com.google.android.gms]
11-05 05:11:53.577 I/dvm_lock_sample(30769): [com.google.android.youtube,0,yt-critical Thread #0,531,Runtime.java,-1,void java.lang.Runtime.loadLibrary0(java.lang.ClassLoader, java.lang.Class, java.lang.String),-,1089,void java.lang.Runtime.loadLibrary0(java.lang.ClassLoader, java.lang.Class, java.lang.String),100]
11-05 05:11:53.587 I/force_gc(22961): mem
11-05 05:11:53.637 I/power_partial_wake_state( 4569): [66,*gms_scheduler*:internal:com.google.android.gms]
11-05 05:11:53.642 I/power_partial_wake_state( 4569): [16,*gms_scheduler*/com.google.android.gms/.scheduler.standalone.housekeeping.HousekeepingTrainTaskService:com.google.android.gms]
11-05 05:11:53.656 I/power_partial_wake_state( 4569): [6,*gms_scheduler*:internal:com.google.android.gms]
11-05 05:11:53.706 I/power_partial_wake_state( 4569): [46,*gms_scheduler*:internal:com.google.android.gms]
11-05 05:11:53.743 I/power_partial_wake_state( 4569): [3240,*job*/com.google.android.googlequicksearchbox/androidx.work.impl.background.systemjob.SystemJobService:android]
11-05 05:11:53.780 I/am_uid_running( 4569): 10233
11-05 05:11:53.815 I/am_proc_start( 4569): [0,30978,10233,com.google.android.tts,service,{com.google.android.tts/androidx.work.impl.background.systemjob.SystemJobService}]
11-05 05:11:53.877 I/am_proc_bound( 4569): [0,30978,com.google.android.tts]
11-05 05:11:53.924 I/power_partial_wake_state( 4569): [3450,CollectionLib-SigCollector:com.google.android.gms]
11-05 05:11:53.950 I/power_partial_wake_state( 4569): [2,CallbackRunner:com.google.android.gms]
11-05 05:11:54.124 I/am_uid_running( 4569): 10245
11-05 05:11:54.144 I/force_gc(30918): mem
11-05 05:11:54.154 I/am_proc_start( 4569): [0,31022,10245,com.google.android.apps.maps:server_recovery_process,broadcast,{com.google.android.apps.maps/com.google.android.apps.gmm.plugins.serverrecovery.PhenotypeServerRecoveryHandlerImpl}]
11-05 05:11:54.198 I/am_proc_bound( 4569): [0,31022,com.google.android.apps.maps:server_recovery_process]
11-05 05:11:54.526 I/killinfo( 3927): [29059,1000,995,850,131340,-1,77468,1664284,1705048,41140,1656,8064,3808,0,0,0,0,2097148,1107508,481528,309392,762784,932536,0,77264,166168,45072,81168,0,0,0,800,0,104,0,0,77]
11-05 05:11:54.565 I/am_proc_died( 4569): [0,29059,com.samsung.android.sm.provider,23,995,19,83,1665]
11-05 05:11:55.085 I/force_gc(30075): mem
11-05 05:11:55.510 I/power_partial_wake_state( 4569): [4831,*job*/com.google.android.googlequicksearchbox/com.google.android.libraries.notifications.entrypoints.scheduled.ScheduledTaskService:android]
11-05 05:11:55.642 I/power_partial_wake_state( 4569): [5120,*job*/com.google.android.googlequicksearchbox/androidx.work.impl.background.systemjob.SystemJobService:android]
11-05 05:11:55.667 I/power_partial_wake_state( 4569): [3019,*job*/com.google.android.youtube/androidx.work.impl.background.systemjob.SystemJobService:android]
11-05 05:11:55.695 I/am_uid_running( 4569): 5026
11-05 05:11:55.701 I/force_gc(30769): mem
11-05 05:11:55.732 I/am_proc_start( 4569): [0,31084,5026,com.samsung.android.app.sharelive,service,{com.samsung.android.app.sharelive/com.samsung.android.mobileservice.policy.presentation.service.GetPolicyJobService}]
11-05 05:11:55.784 I/am_proc_bound( 4569): [0,31084,com.samsung.android.app.sharelive]
11-05 05:11:56.390 I/power_partial_wake_state( 4569): [5244,*gms_scheduler*/com.google.android.gms/.auth.aang.events.services.AppRestrictionsSyncService:com.google.android.gms]
11-05 05:11:56.402 I/power_partial_wake_state( 4569): [8,*gms_scheduler*:internal:com.google.android.gms]
11-05 05:11:56.429 I/am_pss  ( 4569): [30113,10142,com.samsung.android.tapack.authfw,7837696,4280320,781312,103849984,0,19,11]
11-05 05:11:56.437 I/am_proc_died( 4569): [0,30895,com.samsung.android.app.galaxyfinder:appservice,23,0,10,95,1666]
11-05 05:11:56.438 I/am_uid_stopped( 4569): 10082
11-05 05:11:56.505 I/power_partial_wake_state( 4569): [101,*gms_scheduler*:internal:com.google.android.gms]
11-05 05:11:56.511 I/power_partial_wake_state( 4569): [17,*gms_scheduler*/com.google.android.gms/.scheduler.standalone.housekeeping.HousekeepingTrainTaskService:com.google.android.gms]
11-05 05:11:56.522 I/power_partial_wake_state( 4569): [8,*gms_scheduler*:internal:com.google.android.gms]
11-05 05:11:56.573 I/power_partial_wake_state( 4569): [49,*gms_scheduler*:internal:com.google.android.gms]
11-05 05:11:56.578 I/power_partial_wake_state( 4569): [11,*gms_scheduler*/com.google.android.gms/.scheduler.standalone.housekeeping.HousekeepingTrainTaskService:com.google.android.gms]
11-05 05:11:56.578 I/am_proc_died( 4569): [0,31022,com.google.android.apps.maps:server_recovery_process,23,0,11,89,1668]
11-05 05:11:56.579 I/am_broadcast_discard_app( 4569): [0,67718600,com.google.android.gms.phenotype.UPDATE,0,ResolveInfo{3227356 com.google.android.apps.maps/com.google.android.apps.gmm.plugins.serverrecovery.PhenotypeServerRecoveryHandlerImpl m=0x108000}]
11-05 05:11:56.579 I/am_uid_stopped( 4569): 10245
11-05 05:11:56.583 I/power_partial_wake_state( 4569): [2,*gms_scheduler*:internal:com.google.android.gms]
11-05 05:11:56.586 I/am_uid_running( 4569): 10245
11-05 05:11:56.616 I/am_proc_start( 4569): [0,31139,10245,com.google.android.apps.maps,broadcast,{com.google.android.apps.maps/com.google.android.libraries.phenotype.client.stable.PhenotypeUpdateBackgroundBroadcastReceiver}]
11-05 05:11:56.622 I/power_partial_wake_state( 4569): [38,*gms_scheduler*:internal:com.google.android.gms]
11-05 05:11:56.628 I/power_partial_wake_state( 4569): [11,*gms_scheduler*/com.google.android.gms/.scheduler.standalone.housekeeping.HousekeepingTrainTaskService:com.google.android.gms]
11-05 05:11:56.636 I/power_partial_wake_state( 4569): [6,*gms_scheduler*:internal:com.google.android.gms]
11-05 05:11:56.663 I/power_partial_wake_state( 4569): [26,*gms_scheduler*:internal:com.google.android.gms]
11-05 05:11:56.669 I/power_partial_wake_state( 4569): [13,*gms_scheduler*/com.google.android.gms/.scheduler.standalone.housekeeping.HousekeepingTrainTaskService:com.google.android.gms]
11-05 05:11:56.679 I/am_proc_bound( 4569): [0,31139,com.google.android.apps.maps]
11-05 05:11:56.680 I/power_partial_wake_state( 4569): [7,*gms_scheduler*:internal:com.google.android.gms]
11-05 05:11:56.721 I/power_partial_wake_state( 4569): [41,*gms_scheduler*:internal:com.google.android.gms]
11-05 05:11:56.761 I/power_partial_wake_state( 4569): [58,*gms_scheduler*/com.google.android.gms/.clearcut.uploader.QosUploaderService:com.google.android.gms]
11-05 05:11:56.769 I/power_partial_wake_state( 4569): [5,*gms_scheduler*:internal:com.google.android.gms]
11-05 05:11:56.817 I/power_partial_wake_state( 4569): [429,WorkManager:TikTokListenableWorker startWork -> com.google.apps.tiktok.sync.impl.workmanager.SyncWorker startWork() -> com.google.apps.tiktok.sync.impl.workmanager.SyncWorker startWork() -> NoAccountWorkerFactory startWork():com.google.android.tts]
11-05 05:11:56.817 I/power_partial_wake_state( 4569): [47,*gms_scheduler*:internal:com.google.android.gms]
11-05 05:11:56.833 I/power_partial_wake_state( 4569): [2731,*job*/com.google.android.tts/androidx.work.impl.background.systemjob.SystemJobService:android]
11-05 05:11:56.846 I/power_partial_wake_state( 4569): [703,WorkManager:TikTokListenableWorker startWork -> com.google.apps.tiktok.sync.impl.workmanager.SyncWorker startWork() -> com.google.apps.tiktok.sync.impl.workmanager.SyncWorker startWork() -> NoAccountWorkerFactory startWork():com.google.android.tts(disabled)]
11-05 05:11:56.849 I/force_gc(30978): mem
11-05 05:11:56.854 I/am_uid_running( 4569): 10118
11-05 05:11:56.893 I/am_proc_start( 4569): [0,31170,10118,com.samsung.android.mobileservice,service,{com.samsung.android.mobileservice/com.samsung.android.mobileservice.policy.presentation.service.GetPolicyJobService}]
11-05 05:11:56.919 I/am_proc_bound( 4569): [0,31170,com.samsung.android.mobileservice]
11-05 05:11:57.002 I/force_gc(30918): mem
11-05 05:11:57.260 I/killinfo( 3927): [29764,10215,955,850,110040,-1,74180,1636152,1680756,40904,1668,8084,3808,0,0,0,0,2097148,1110424,486496,332460,738844,932412,0,77284,166052,45872,81404,0,0,0,0,0,76,0,0,77]
11-05 05:11:57.298 I/am_proc_died( 4569): [0,29764,com.samsung.android.sm.policy,23,955,19,83,1633]
11-05 05:11:57.299 I/am_uid_stopped( 4569): 10215
11-05 05:11:57.349 I/register_audio_device_callback(30769): 30769
11-05 05:11:57.359 I/power_partial_wake_state( 4569): [81,*job*/com.samsung.android.mobileservice/.policy.presentation.service.GetPolicyJobService:android]
11-05 05:11:57.371 I/am_uid_running( 4569): 10117
11-05 05:11:57.388 I/force_gc(31170): mem
11-05 05:11:57.408 I/am_proc_start( 4569): [0,31241,10117,com.osp.app.signin,service,{com.osp.app.signin/com.samsung.android.samsungaccount.policy.dcl.DclPolicyJobService}]
11-05 05:11:57.454 I/am_proc_bound( 4569): [0,31241,com.osp.app.signin]
11-05 05:11:57.558 I/commit_sys_config_file( 4569): [jobs,10]
11-05 05:11:57.880 I/power_partial_wake_state( 4569): [1880,*job*/com.samsung.android.app.sharelive/com.samsung.android.mobileservice.policy.presentation.service.GetPolicyJobService:android]
11-05 05:11:57.888 I/force_gc(30918): mem
11-05 05:11:57.902 I/force_gc(31084): mem
11-05 05:11:57.928 I/power_partial_wake_state( 4569): [6,*job*/android/com.android.server.camera.CameraStatsJobService:android]
11-05 05:11:57.943 I/am_uid_running( 4569): 10228
11-05 05:11:57.946 I/power_partial_wake_state( 4569): [1,*job*/com.osp.app.signin/com.samsung.android.samsungaccount.policy.dcl.DclPolicyJobService:android]
11-05 05:11:57.953 I/am_mem_factor( 4569): [0,1]
11-05 05:11:57.958 I/am_uid_running( 4569): 5018
11-05 05:11:57.972 I/am_proc_start( 4569): [0,31329,10228,com.android.chrome,service,{com.android.chrome/org.chromium.components.background_task_scheduler.internal.BackgroundTaskJobService}]
11-05 05:11:57.985 I/am_proc_start( 4569): [0,31336,5018,com.samsung.android.bixby.agent,service,{com.samsung.android.bixby.agent/androidx.work.impl.background.systemjob.SystemJobService}]
11-05 05:11:58.019 I/am_proc_bound( 4569): [0,31336,com.samsung.android.bixby.agent]
11-05 05:11:58.032 I/am_proc_bound( 4569): [0,31329,com.android.chrome]
11-05 05:11:58.228 I/service_manager_slow( 4891): [10,phone]
11-05 05:11:58.457 I/power_partial_wake_state( 4569): [142,*job*/com.samsung.android.bixby.agent/androidx.work.impl.background.systemjob.SystemJobService:android]
11-05 05:11:58.497 I/power_partial_wake_state( 4569): [1701,*gms_scheduler*/com.google.android.gms/.clearcut.uploader.QosUploaderService:com.google.android.gms]
11-05 05:11:58.503 I/power_partial_wake_state( 4569): [3,*gms_scheduler*:internal:com.google.android.gms]
11-05 05:11:58.540 I/dvm_lock_sample(30769): [com.google.android.youtube,0,yt-critical Thread #4,1230,PG,1,java.lang.Object bhre.d(),-,42,java.lang.Object bhre.d(),100]
11-05 05:11:58.541 I/dvm_lock_sample(30769): [com.google.android.youtube,0,yt-critical Thread #0,1221,PG,1,java.lang.Object bhre.d(),-,42,java.lang.Object bhre.d(),100]
11-05 05:11:58.575 I/power_partial_wake_state( 4569): [71,*gms_scheduler*:internal:com.google.android.gms]
11-05 05:11:58.600 I/power_partial_wake_state( 4569): [96,*job*/com.google.android.permissioncontroller/com.android.permissioncontroller.permission.service.PermissionEventCleanupJobService:android]
11-05 05:11:58.603 I/register_audio_device_callback(30769): 30769
11-05 05:11:58.631 I/am_uid_running( 4569): 10090
11-05 05:11:58.660 I/am_proc_start( 4569): [0,31448,10090,com.sec.android.app.samsungapps,service,{com.sec.android.app.samsungapps/com.sec.android.app.samsungapps.jobscheduling.PollJobService}]
11-05 05:11:58.728 I/am_proc_bound( 4569): [0,31448,com.sec.android.app.samsungapps]
11-05 05:11:58.833 I/dvm_lock_sample(31139): [com.google.android.apps.maps,0,Background_5,599,PG,1,java.lang.Object clwe.d(),-,42,java.lang.Object clwe.d(),100]
11-05 05:11:58.864 I/power_partial_wake_state( 4569): [329,*gms_scheduler*/com.google.android.gms/.stats.PlatformStatsCollectorService:com.google.android.gms]
11-05 05:11:58.876 I/power_partial_wake_state( 4569): [10,*gms_scheduler*:internal:com.google.android.gms]
11-05 05:11:58.886 I/dvm_lock_sample(31139): [com.google.android.apps.maps,0,Background_7,624,PG,1,java.lang.Object clwe.d(),-,42,java.lang.Object clwe.d(),100]
11-05 05:11:58.918 I/power_partial_wake_state( 4569): [42,*gms_scheduler*:internal:com.google.android.gms]
11-05 05:11:58.931 I/power_partial_wake_state( 4569): [30,*gms_scheduler*/com.google.android.gms/.gmscompliance.sync.BackgroundSyncGmsTaskService:com.google.android.gms]
11-05 05:11:58.941 I/power_partial_wake_state( 4569): [8,*gms_scheduler*:internal:com.google.android.gms]
11-05 05:11:58.974 I/power_partial_wake_state( 4569): [32,*gms_scheduler*:internal:com.google.android.gms]
11-05 05:11:59.133 I/power_partial_wake_state( 4569): [164,*gms_scheduler*/com.google.android.gms/.semanticlocationhistory.federated.regionfetcher.RegionMddDownloadScheduleService:com.google.android.gms]
11-05 05:11:59.147 I/power_partial_wake_state( 4569): [10,*gms_scheduler*:internal:com.google.android.gms]
11-05 05:11:59.149 I/notification_cancel_all( 4569): [1000,4569,com.sec.android.app.samsungapps,0,0,0,17,NULL]
11-05 05:11:59.164 I/notification_cancel_all( 4569): [1000,4569,com.sec.android.app.samsungapps,0,0,0,17,NULL]
11-05 05:11:59.184 I/power_partial_wake_state( 4569): [35,*gms_scheduler*:internal:com.google.android.gms]
11-05 05:11:59.189 I/commit_sys_config_file( 4569): [notification-policy,40]
11-05 05:11:59.195 I/commit_sys_config_file( 4569): [notification-policy,5]
11-05 05:11:59.199 I/notification_cancel_all( 4569): [1000,4569,com.sec.android.app.samsungapps,0,0,0,17,NULL]
11-05 05:11:59.203 I/commit_sys_config_file( 4569): [notification-policy,4]
11-05 05:11:59.213 I/notification_cancel_all( 4569): [1000,4569,com.sec.android.app.samsungapps,0,0,0,17,NULL]
11-05 05:11:59.218 I/notification_cancel_all( 4569): [1000,4569,com.sec.android.app.samsungapps,0,0,0,17,NULL]
11-05 05:11:59.219 I/commit_sys_config_file( 4569): [notification-policy,6]
11-05 05:11:59.224 I/commit_sys_config_file( 4569): [notification-policy,4]
11-05 05:11:59.239 I/notification_cancel_all( 4569): [1000,4569,com.sec.android.app.samsungapps,0,0,0,17,NULL]
11-05 05:11:59.245 I/commit_sys_config_file( 4569): [notification-policy,6]
11-05 05:11:59.272 I/power_partial_wake_state( 4569): [72,*job*/com.sec.android.app.samsungapps/.jobscheduling.PollJobService:android]
11-05 05:11:59.304 I/am_uid_running( 4569): 10151
11-05 05:11:59.308 I/am_uid_running( 4569): 10170
11-05 05:11:59.310 I/job_deferred_execution( 4569): 98371131
11-05 05:11:59.312 I/am_uid_running( 4569): 10194
11-05 05:11:59.336 I/am_proc_start( 4569): [0,31520,10151,com.microsoft.appmanager,service,{com.microsoft.appmanager/com.microsoft.mmx.agents.EventAggregatorJob}]
11-05 05:11:59.339 I/power_partial_wake_state( 4569): [160,*gms_scheduler*/com.google.android.gms/.semanticlocationhistory.deidentifieddata.storevisits.StoreVisitsProcessingService:com.google.android.gms]
11-05 05:11:59.354 I/power_partial_wake_state( 4569): [10,*gms_scheduler*:internal:com.google.android.gms]
11-05 05:11:59.362 I/am_proc_start( 4569): [0,31526,10170,com.google.android.syncadapters.calendar,service,{com.google.android.syncadapters.calendar/com.google.android.libraries.notifications.entrypoints.scheduled.ScheduledTaskService}]
11-05 05:11:59.385 I/am_proc_start( 4569): [0,31544,10194,com.facebook.katana,service,{com.facebook.katana/com.facebook.analytics2.logger.legacy.uploader.LollipopUploadService}]
11-05 05:11:59.392 I/power_partial_wake_state( 4569): [33,*gms_scheduler*:internal:com.google.android.gms]
11-05 05:11:59.406 I/am_proc_bound( 4569): [0,31526,com.google.android.syncadapters.calendar]
11-05 05:11:59.438 I/am_proc_bound( 4569): [0,31520,com.microsoft.appmanager]
11-05 05:11:59.442 I/am_proc_bound( 4569): [0,31544,com.facebook.katana]
11-05 05:11:59.674 I/am_meminfo( 4569): [680534016,78835712,196636672,400601088,548045824]
11-05 05:11:59.784 I/commit_sys_config_file( 4569): [notification-policy,22]
11-05 05:11:59.796 I/am_pss  ( 4569): [5508,10149,com.sec.android.app.launcher,139887616,62884864,73852928,163425280,1,5,16]
11-05 05:11:59.811 I/am_pss  ( 4569): [7007,10223,com.samsung.android.app.spage,50499584,10701824,38250496,62790656,1,5,11]
11-05 05:11:59.826 I/am_pss  ( 4569): [22961,10259,com.topjohnwu.magisk,36337664,11055104,22771712,70672384,1,16,12]
11-05 05:11:59.848 I/am_pss  ( 4569): [31241,10117,com.osp.app.signin,51439616,43999232,776192,223629312,1,19,17]
11-05 05:11:59.863 I/am_pss  ( 4569): [31084,5026,com.samsung.android.app.sharelive,19024896,14974976,637952,139890688,1,19,12]
11-05 05:11:59.871 I/am_uid_running( 4569): 10096
11-05 05:11:59.905 I/am_pss  ( 4569): [28578,10094,com.google.android.gms.persistent,167232512,108457984,8003584,407572480,1,5,31]
11-05 05:11:59.909 I/am_proc_start( 4569): [0,31651,10096,com.samsung.android.mdx,content provider,{com.samsung.android.mdx/com.samsung.android.mdx.windowslink.tileservice.StateContentProvider}]
11-05 05:11:59.926 I/am_pss  ( 4569): [31170,10118,com.samsung.android.mobileservice,44112896,39153664,621568,167120896,1,19,14]
11-05 05:11:59.943 I/am_pss  ( 4569): [30978,10233,com.google.android.tts,57677824,53739520,635904,171569152,1,19,13]
11-05 05:11:59.996 I/am_pss  ( 4569): [31139,10245,com.google.android.apps.maps,72784896,67162112,779264,184811520,1,11,17]
11-05 05:12:00.031 I/am_pss  ( 4569): [19081,10094,com.google.android.gms,134398976,81354752,12862464,350945280,1,8,28]
11-05 05:12:00.053 I/am_proc_bound( 4569): [0,31651,com.samsung.android.mdx]
11-05 05:12:00.055 I/commit_sys_config_file( 4569): [jobs,121]
11-05 05:12:00.063 I/am_pss  ( 4569): [27216,10094,com.google.android.gms.unstable,52037632,19757056,6844416,257538048,1,8,20]
11-05 05:12:00.064 I/commit_sys_config_file( 4569): [notification-policy,8]
11-05 05:12:00.099 I/am_pss  ( 4569): [30769,10242,com.google.android.youtube,152072192,143908864,593920,284823552,1,19,21]
11-05 05:12:00.148 I/am_pss  ( 4569): [30510,10155,com.google.android.googlequicksearchbox:googleapp,97483776,57643008,622592,259366912,1,8,21]
11-05 05:12:00.166 I/am_pss  ( 4569): [30918,10147,com.google.android.apps.turbo:aab,9246720,4603904,664576,116322304,1,19,11]
11-05 05:12:00.184 I/am_pss  ( 4569): [30869,10254,com.google.android.permissioncontroller,17479680,14229504,654336,119996416,1,6,12]
11-05 05:12:00.200 I/am_pss  ( 4569): [30261,10147,com.google.android.apps.turbo,9961472,5197824,659456,120201216,1,19,12]
11-05 05:12:00.216 I/am_pss  ( 4569): [30555,10061,com.samsung.android.app.routines,24133632,20381696,637952,141402112,1,19,12]
11-05 05:12:00.234 I/am_pss  ( 4569): [30792,10086,com.samsung.android.game.gamehome,35276800,31649792,636928,151068672,1,19,14]
11-05 05:12:00.252 I/am_pss  ( 4569): [30587,10209,com.samsung.android.app.simplesharing,25280512,21192704,620544,147095552,1,19,14]
11-05 05:12:00.284 I/am_pss  ( 4569): [26725,10155,com.google.android.googlequicksearchbox:search,114040832,70881280,606208,330117120,1,8,24]
11-05 05:12:00.300 I/am_pss  ( 4569): [6594,10073,com.google.android.as,21922816,6918144,14274560,46465024,1,5,8]
11-05 05:12:00.310 I/am_uid_running( 4569): 10109
11-05 05:12:00.321 I/am_pss  ( 4569): [30466,10061,com.samsung.android.app.aodservice:provider,15064064,9089024,642048,133926912,1,15,12]
11-05 05:12:00.376 I/am_pss  ( 4569): [30457,10084,com.samsung.android.game.gos,20691968,16547840,613376,141500416,1,19,13]
11-05 05:12:00.378 I/am_proc_start( 4569): [0,31767,10109,com.android.vending,service,{com.android.vending/com.google.android.finsky.setup.dse.impl.DseService}]
11-05 05:12:00.424 I/am_pss  ( 4569): [30113,10142,com.samsung.android.tapack.authfw,7117824,4276224,661504,103845888,1,19,13]
11-05 05:12:00.427 I/am_proc_bound( 4569): [0,31767,com.android.vending]
11-05 05:12:00.502 I/am_pss  ( 4569): [30038,1000,com.samsung.android.tadownloader,11596800,8151040,632832,125112320,1,10,13]
11-05 05:12:00.525 I/am_pss  ( 4569): [30009,10124,com.samsung.android.samsungpass,28691456,24268800,618496,152084480,1,10,13]
11-05 05:12:00.544 I/am_pss  ( 4569): [29980,5278,com.samsung.android.authfw,13673472,10088448,631808,127680512,1,10,12]
11-05 05:12:00.563 I/am_pss  ( 4569): [29022,1000,com.samsung.android.lool,29351936,24936448,619520,149368832,1,19,13]
11-05 05:12:00.578 I/am_pss  ( 4569): [5392,10258,com.google.android.ext.services,23888896,4464640,17542144,86650880,1,5,10]
11-05 05:12:00.594 I/am_pss  ( 4569): [6405,10255,com.android.providers.media.module,42638336,4358144,37530624,46145536,1,0,9]
11-05 05:12:00.614 I/am_pss  ( 4569): [21207,1000,android:drmService,7500800,471040,3720192,146636800,1,10,13]
11-05 05:12:00.632 I/am_pss  ( 4569): [7115,10074,android.process.media,12328960,770048,10826752,40972288,1,19,8]
11-05 05:12:00.647 I/am_pss  ( 4569): [19489,10155,com.google.android.googlequicksearchbox:interactor,47964160,6647808,38063104,55988224,1,5,11]
11-05 05:12:00.721 I/am_pss  ( 4569): [4449,5021,com.samsung.adaptivebrightnessgo,7447552,813056,6072320,34654208,1,6,8]
11-05 05:12:00.741 I/am_pss  ( 4569): [6382,10225,com.samsung.android.honeyboard,60334080,18407424,40452096,66826240,1,7,11]
11-05 05:12:00.756 I/am_pss  ( 4569): [4913,1002,com.android.bluetooth,20048896,5410816,13310976,55992320,1,0,11]
11-05 05:12:00.768 I/am_pss  ( 4569): [5668,1000,com.samsung.android.mcfserver,9486336,2338816,6312960,46243840,1,6,8]
11-05 05:12:00.779 I/power_partial_wake_state( 4569): [1195,*job*/com.google.android.syncadapters.calendar/com.google.android.libraries.notifications.entrypoints.scheduled.ScheduledTaskService:android]
11-05 05:12:00.794 I/am_pss  ( 4569): [10457,10071,com.samsung.android.app.cocktailbarservice,16686080,3756032,11530240,52088832,1,8,9]
11-05 05:12:00.805 I/am_pss  ( 4569): [15337,5006,com.samsung.android.beaconmanager,5822464,593920,4655104,34357248,1,8,8]
11-05 05:12:00.815 I/job_deferred_execution( 4569): 98370014
11-05 05:12:00.828 I/am_pss  ( 4569): [6565,1000,com.sec.android.sdhms,41681920,33591296,6205440,89776128,1,0,12]
11-05 05:12:00.847 I/dvm_lock_sample(31544): [com.facebook.katana,0,AppInit4,563,,-1,X.3TX X.1nN.A02(com.facebook.api.feedtype.FeedType),-,-1,X.3TX X.1nN.A02(com.facebook.api.feedtype.FeedType),100]
11-05 05:12:00.858 I/am_pss  ( 4569): [6539,1000,com.samsung.sec.android.teegris.tui_service,4795392,425984,3893248,31887360,1,0,8]
11-05 05:12:00.873 I/am_pss  ( 4569): [6515,1000,com.sec.android.diagmonagent,14648320,7467008,5634048,63172608,1,0,9]
11-05 05:12:00.885 I/am_pss  ( 4569): [5937,5013,com.sec.location.nsflp2,10249216,6029312,3213312,54128640,1,5,8]
11-05 05:12:00.895 I/am_pss  ( 4569): [5328,1000,com.samsung.android.cmfa.framework,5533696,446464,4613120,31682560,1,0,6]
11-05 05:12:00.907 I/am_pss  ( 4569): [5320,1068,com.android.se,5421056,524288,4442112,30674944,1,0,7]
11-05 05:12:00.921 I/am_pss  ( 4569): [5297,1000,com.sec.imsservice,27851776,2949120,24079360,45813760,1,0,11]
11-05 05:12:00.939 I/am_pss  ( 4569): [5276,1027,com.android.nfc,28783616,2289664,25903104,35106816,1,0,9]
11-05 05:12:00.950 I/am_pss  ( 4569): [5255,1000,com.sec.sve,5815296,454656,4886528,31145984,1,0,6]
11-05 05:12:00.962 I/am_pss  ( 4569): [5192,1073,com.android.networkstack.process,13608960,7954432,4401152,60784640,1,0,9]
11-05 05:12:00.973 I/am_pss  ( 4569): [5142,1001,com.android.cellbroadcastservice,4721664,450560,3817472,30674944,1,0,9]
11-05 05:12:00.989 I/dvm_lock_sample(31139): [com.google.android.apps.maps,0,ProcessStablePhenotypeFlag,389,AssetManager.java,1363,void android.content.res.AssetManager$AssetInputStream.close(),-,426,android.content.res.ApkAssets[] android.content.res.AssetManager.getApkAssets(),77]
11-05 05:12:01.055 I/am_pss  ( 4569): [4934,10061,com.android.systemui,222777344,129874944,84955136,251587584,1,5,21]
11-05 05:12:01.070 I/am_pss  ( 4569): [4891,1001,com.android.phone,31225856,20197376,8589312,79028224,1,0,12]
11-05 05:12:01.180 I/am_pss  ( 4569): [4569,1000,system,284652544,197398528,77632512,342970368,1,0,33]
11-05 05:12:01.240 I/dvm_lock_sample(31139): [com.google.android.apps.maps,0,Background_5,1671,PG,1,clbz axij.getGroup(clby),-,21,avqs axij.getParameterWithAccountId(java.util.function.Function),100]
11-05 05:12:01.396 I/am_proc_start( 4569): [0,31888,10245,com.google.android.apps.maps:server_recovery_process,broadcast,{com.google.android.apps.maps/com.google.android.apps.gmm.plugins.serverrecovery.PhenotypeServerRecoveryHandlerImpl}]
11-05 05:12:01.453 I/am_proc_bound( 4569): [0,31888,com.google.android.apps.maps:server_recovery_process]
11-05 05:12:01.528 I/power_partial_wake_state( 4569): [9714,WorkManager:TikTokListenableWorker startWork -> com.google.apps.tiktok.sync.impl.workmanager.SyncPeriodicWorker startWork() -> com.google.apps.tiktok.sync.impl.workmanager.SyncPeriodicWorker startWork() -> NoAccountWorkerFactory startWork():com.google.android.googlequicksearchbox]
11-05 05:12:01.542 I/power_partial_wake_state( 4569): [3007,AudioMix:audioserver]
11-05 05:12:01.549 I/power_partial_wake_state( 4569): [3005,AudioMix:audioserver]
11-05 05:12:01.976 I/service_manager_stats( 4891): [100,144,166419]
11-05 05:12:02.231 I/netstats_mobile_sample( 4569): [0,0,0,0,0,0,0,0,0,0,0,0,1762294321598]
11-05 05:12:02.232 I/netstats_wifi_sample( 4569): [257717707,542845,26564947,128317,257717707,542845,26564947,128317,148884248,207394,22662942,101963,1762294321598]
11-05 05:12:02.233 I/power_partial_wake_state( 4569): [1507,NetworkStats:android]
11-05 05:12:02.245 I/dvm_lock_sample( 4569): [system_server,1,Binder:4569_2,1505,NetworkStatsService.java,704,com.android.server.net.NetworkStatsCollection com.android.server.net.NetworkStatsService$1.getUidComplete(),-,1499,void com.android.server.net.NetworkStatsService.performPoll(int),100]
11-05 05:12:02.325 I/c2dm    (28578): [19,com.facebook.katana:254232022,0,0]
11-05 05:12:02.429 I/service_manager_slow(31329): [212,appwidget]
11-05 05:12:02.444 I/power_partial_wake_state( 4569): [1823,*job*/com.microsoft.appmanager/com.microsoft.mmx.agents.EventAggregatorJob:android]
11-05 05:12:02.460 I/job_deferred_execution( 4569): 98371640
11-05 05:12:02.630 I/power_partial_wake_state( 4569): [3242,*gms_scheduler*/com.google.android.gms/.semanticlocationhistory.deidentifieddata.uploads.BatchDeidentifiedDataUploadService:com.google.android.gms]
11-05 05:12:02.641 I/power_partial_wake_state( 4569): [8,*gms_scheduler*:internal:com.google.android.gms]
11-05 05:12:02.709 I/power_partial_wake_state( 4569): [67,*gms_scheduler*:internal:com.google.android.gms]
11-05 05:12:02.770 I/power_partial_wake_state( 4569): [93,*gms_scheduler*/com.google.android.gms/.tapandpay.gcmtask.TapAndPayGcmTaskService:com.google.android.gms]
11-05 05:12:02.775 I/power_partial_wake_state( 4569): [3,*gms_scheduler*:internal:com.google.android.gms]
11-05 05:12:02.786 I/am_proc_died( 4569): [0,31888,com.google.android.apps.maps:server_recovery_process,23,0,11,96,1439]
11-05 05:12:02.786 I/am_broadcast_discard_app( 4569): [0,75226622,com.google.android.gms.phenotype.UPDATE,0,ResolveInfo{c891904 com.google.android.apps.maps/com.google.android.apps.gmm.plugins.serverrecovery.PhenotypeServerRecoveryHandlerImpl m=0x108000}]
11-05 05:12:02.856 I/power_partial_wake_state( 4569): [80,*gms_scheduler*:internal:com.google.android.gms]
11-05 05:12:02.873 I/commit_sys_config_file( 4569): [jobs,8]
11-05 05:12:02.901 I/power_partial_wake_state( 4569): [78,*gms_scheduler*/com.google.android.gms/.auth.account.be.accountstate.GcmTaskService:com.google.android.gms]
11-05 05:12:02.907 I/power_partial_wake_state( 4569): [4,*gms_scheduler*:internal:com.google.android.gms]
11-05 05:12:02.948 I/power_partial_wake_state( 4569): [4754,*job*/com.android.chrome/org.chromium.components.background_task_scheduler.internal.BackgroundTaskJobService:android]
11-05 05:12:02.961 I/job_deferred_execution( 4569): 98372137
11-05 05:12:02.979 I/power_partial_wake_state( 4569): [70,*gms_scheduler*:internal:com.google.android.gms]
11-05 05:12:02.985 I/power_partial_wake_state( 4569): [18,*gms_scheduler*/com.google.android.gms/com.google.android.contextmanager.service.ContextManagerLogsUploadBoundService:com.google.android.gms]
11-05 05:12:02.990 I/power_partial_wake_state( 4569): [3,*gms_scheduler*:internal:com.google.android.gms]
11-05 05:12:03.015 I/notification_cancel_all( 4569): [1000,4569,com.google.android.youtube,0,0,0,17,NULL]
11-05 05:12:03.024 I/commit_sys_config_file( 4569): [notification-policy,10]
11-05 05:12:03.030 I/power_partial_wake_state( 4569): [45,CMWakeLock:com.google.android.gms]
11-05 05:12:03.044 I/power_partial_wake_state( 4569): [53,*gms_scheduler*:internal:com.google.android.gms]
11-05 05:12:03.063 I/power_partial_wake_state( 4569): [43,*gms_scheduler*/com.google.android.gms/.security.snet.SnetNormalTaskService:com.google.android.gms]
11-05 05:12:03.075 I/power_partial_wake_state( 4569): [11,*gms_scheduler*:internal:com.google.android.gms]
11-05 05:12:03.126 I/dvm_lock_sample(31520): [com.microsoft.appmanager,0,ForkJoinPool.commonPool-worker-3,2566,SourceFile,-1,java.lang.Object dagger.internal.d.get(),-,-1,java.lang.Object dagger.internal.d.get(),100]
11-05 05:12:03.131 I/dvm_lock_sample(31520): [com.microsoft.appmanager,0,ForkJoinPool.commonPool-worker-4,2521,SourceFile,-1,java.lang.Object dagger.internal.d.get(),-,-1,java.lang.Object dagger.internal.d.get(),100]
11-05 05:12:03.139 I/power_partial_wake_state( 4569): [62,*gms_scheduler*:internal:com.google.android.gms]
11-05 05:12:03.147 I/power_partial_wake_state( 4569): [37,*gms_scheduler*/com.google.android.gms/.gcm.HeartbeatAlarm$ConnectionInfoPersistService:com.google.android.gms]
11-05 05:12:03.152 I/power_partial_wake_state( 4569): [4,*gms_scheduler*:internal:com.google.android.gms]
11-05 05:12:03.214 I/power_partial_wake_state( 4569): [53,*gms_scheduler*:internal:com.google.android.gms]
11-05 05:12:03.272 I/notification_cancel( 4569): [10151,31520,com.microsoft.appmanager,10001,NULL,0,0,1088,8,NULL]
11-05 05:12:03.376 I/power_partial_wake_state( 4569): [188,*gms_scheduler*/com.google.android.gms/.ads.social.GcmSchedulerWakeupService:com.google.android.gms]
11-05 05:12:03.397 I/power_partial_wake_state( 4569): [11,*gms_scheduler*:internal:com.google.android.gms]
11-05 05:12:03.448 I/power_partial_wake_state( 4569): [48,*gms_scheduler*:internal:com.google.android.gms]
11-05 05:12:03.533 I/power_partial_wake_state( 4569): [13,*gms_scheduler*/com.google.android.gms/.libs.gmscorelogger.GmsCoreLoggerFilesCleanupTask:com.google.android.gms]
11-05 05:12:03.555 I/dvm_lock_sample(31139): [com.google.android.apps.maps,0,Background_6,268,PG,1,java.lang.Object clwe.d(),-,42,java.lang.Object clwe.d(),53]
11-05 05:12:03.661 I/power_partial_wake_state( 4569): [85,*gms_scheduler*/com.google.android.gms/.common.stats.AvailabilityFilesCleanupTask:com.google.android.gms]
11-05 05:12:03.696 I/dvm_lock_sample(30918): [com.google.android.apps.turbo:aa,0,Primes-1,2040,PG,-1,java.lang.Object bdm.g(java.lang.String),-,2,java.lang.Object bdm.g(java.lang.String),100]
11-05 05:12:03.732 I/power_partial_wake_state( 4569): [27,*gms_scheduler*/com.google.android.gms/.westworld.AppSpecificPropertyRegistrationTask:com.google.android.gms]
11-05 05:12:04.010 I/c2dm    (28578): [-19,SUCCESSFUL,0,0]
11-05 05:12:04.038 I/power_partial_wake_state( 4569): [2802,fiid-sync:com.facebook.katana]
11-05 05:12:04.068 I/killinfo( 3927): [29022,1000,995,850,150756,-1,77608,1455900,1499780,30572,1880,10956,3816,0,0,0,0,2097148,1094772,545648,435140,664948,822396,0,77796,170480,52460,91316,0,0,0,0,0,116,0,0,77]
11-05 05:12:04.114 I/am_proc_died( 4569): [0,29022,com.samsung.android.lool,23,995,19,84,1464]
11-05 05:12:04.669 I/killinfo( 3927): [30457,10084,985,850,142620,-1,76244,1464752,1509872,30864,1884,10956,3816,0,0,0,0,2097148,1095028,544796,428992,666308,831248,0,77800,170368,52192,90516,0,0,0,0,0,572,0,0,77]
11-05 05:12:04.731 I/am_proc_died( 4569): [0,30457,com.samsung.android.game.gos,23,985,19,82,1474]
11-05 05:12:04.731 I/am_uid_stopped( 4569): 10084
11-05 05:12:04.956 I/commit_sys_config_file( 4569): [jobs,9]
11-05 05:12:05.227 I/power_partial_wake_state( 4569): [1221,drre:SnetNormal:com.google.android.gms]
11-05 05:12:05.493 I/notification_cancel_all( 4569): [1000,4569,com.android.vending,0,0,0,17,NULL]
11-05 05:12:05.497 I/notification_cancel_all( 4569): [1000,4569,com.android.vending,0,0,0,17,NULL]
11-05 05:12:05.499 I/notification_cancel_all( 4569): [1000,4569,com.android.vending,0,0,0,17,NULL]
11-05 05:12:05.500 I/notification_cancel_all( 4569): [1000,4569,com.android.vending,0,0,0,17,NULL]
11-05 05:12:05.502 I/notification_cancel_all( 4569): [1000,4569,com.android.vending,0,0,0,17,NULL]
11-05 05:12:05.569 I/am_proc_start( 4569): [0,32022,10094,com.google.process.gapps,content provider,{com.google.android.gsf/com.google.android.gsf.settings.GoogleSettingsProvider}]
11-05 05:12:05.595 I/am_uid_running( 4569): 10058
11-05 05:12:05.614 I/am_proc_start( 4569): [0,32041,10058,com.google.android.projection.gearhead:car,service,{com.google.android.projection.gearhead/com.google.android.apps.auto.carservice.service.impl.GearheadCarStartupService}]
11-05 05:12:05.621 I/am_proc_bound( 4569): [0,32022,com.google.process.gapps]
11-05 05:12:05.657 I/commit_sys_config_file( 4569): [notification-policy,163]
11-05 05:12:05.660 I/am_proc_bound( 4569): [0,32041,com.google.android.projection.gearhead:car]
11-05 05:12:05.672 I/commit_sys_config_file( 4569): [notification-policy,15]
11-05 05:12:05.809 I/dvm_lock_sample(31139): [com.google.android.apps.maps,1,main,1530,QueuedWork.java,239,boolean android.app.QueuedWork.hasPendingWork(),-,111,android.os.Handler android.app.QueuedWork.getHandler(),100]
11-05 05:12:05.871 I/am_proc_start( 4569): [0,32080,10109,com.android.vending:instant_app_installer,broadcast,{com.android.vending/com.google.android.finsky.instantapps.PhenotypeUpdateReceiver}]
11-05 05:12:05.924 I/am_proc_bound( 4569): [0,32080,com.android.vending:instant_app_installer]
11-05 05:12:06.003 I/killinfo( 3927): [30113,10142,995,850,107072,-1,76968,1461780,1505792,30664,1884,10852,3816,0,0,0,0,2097148,1083804,547488,424984,658640,834852,0,78004,170920,52444,91624,0,0,0,260,0,0,0,0,77]
11-05 05:12:06.003 I/power_partial_wake_state( 4569): [2227,*gms_scheduler*/com.google.android.gms/.thunderbird.ThunderbirdSchedulerService:com.google.android.gms]
11-05 05:12:06.041 I/am_proc_died( 4569): [0,30113,com.samsung.android.tapack.authfw,23,995,19,79,1469]
11-05 05:12:06.045 I/am_uid_stopped( 4569): 10142
11-05 05:12:06.679 I/dvm_lock_sample(31544): [com.facebook.katana,0,UploadJobHandlerManager-2131366264,1847,,-1,java.lang.Object X.18B.get(),-,-1,java.lang.Object X.18B.get(),100]
11-05 05:12:06.765 I/power_partial_wake_state( 4569): [697,*gms_scheduler*/com.google.android.gms/.location.fused.logging.FlpSettingsLoggerService:com.google.android.gms]
11-05 05:12:07.006 I/power_partial_wake_state( 4569): [165,*gms_scheduler*/com.google.android.gms/.people.service.wipeout.PeopleAndroidUriWipeoutTask:com.google.android.gms]
11-05 05:12:07.100 I/power_partial_wake_state( 4569): [4123,*job*/com.facebook.katana/com.facebook.push.registration.PushNegativeFeedbackLollipopService:android]
11-05 05:12:07.133 I/job_deferred_execution( 4569): 84402053
11-05 05:12:07.142 I/power_partial_wake_state( 4569): [71,*gms_scheduler*/com.google.android.gms/.mdm.services.QrlLoggerService:com.google.android.gms]
11-05 05:12:07.215 I/dvm_lock_sample(31544): [com.facebook.katana,0,Analytics2-EventProcessorProxy,4266,,-1,void X.1Nr.A00(X.1TQ, int),-,-1,void X.1Nr.A00(X.1TQ, int),100]
11-05 05:12:07.461 I/am_uid_running( 4569): 10216
11-05 05:12:07.511 I/am_proc_start( 4569): [0,32180,10216,com.google.ar.core,broadcast,{com.google.ar.core/com.google.android.libraries.phenotype.client.stable.PhenotypeUpdateBackgroundBroadcastReceiver}]
11-05 05:12:07.558 I/am_proc_bound( 4569): [0,32180,com.google.ar.core]
11-05 05:12:08.008 I/dvm_lock_sample(30510): [com.google.android.googlequickse,1,BG Thread #0,11478,WebViewFactory.java,166,android.content.pm.PackageInfo android.webkit.WebViewFactory.getLoadedPackageInfo(),-,167,android.content.pm.PackageInfo android.webkit.WebViewFactory.getLoadedPackageInfo(),100]
11-05 05:12:08.011 I/am_uid_running( 4569): 10210
11-05 05:12:08.039 I/am_proc_start( 4569): [0,32214,10210,com.google.android.webview:webview_service,service,{com.google.android.webview/org.chromium.android_webview.services.VariationsSeedServer}]
11-05 05:12:08.095 I/am_proc_bound( 4569): [0,32214,com.google.android.webview:webview_service]
11-05 05:12:08.169 I/dvm_lock_sample(32080): [com.android.vending:instant_app_,0,bg-2,694,PG,1,java.lang.Object btev.d(),-,42,java.lang.Object btev.d(),100]
11-05 05:12:08.438 I/am_uid_running( 4569): 99015
11-05 05:12:08.470 I/am_proc_start( 4569): [0,32255,99015,com.google.android.webview:sandboxed_process0:org.chromium.content.app.SandboxedProcessService0:0,,{com.google.android.googlequicksearchbox/org.chromium.content.app.SandboxedProcessService0:0}]
11-05 05:12:08.503 I/am_proc_bound( 4569): [0,32255,com.google.android.webview:sandboxed_process0:org.chromium.content.app.SandboxedProcessService0:0]
11-05 05:12:08.776 I/notification_cancel( 4569): [10109,32080,com.android.vending,10436,NULL,0,0,1088,8,NULL]
11-05 05:12:08.813 I/dvm_lock_sample(30510): [com.google.android.googlequickse,1,main,398,ResourcesManager.java,406,android.view.Display android.app.ResourcesManager.getAdjustedDisplay(int, android.content.res.Resources),-,394,android.view.Display android.app.ResourcesManager.getAdjustedDisplay(int, android.view.DisplayAdjustments),79]
11-05 05:12:08.871 I/power_partial_wake_state( 4569): [18344,*job*/com.google.android.googlequicksearchbox/androidx.work.impl.background.systemjob.SystemJobService:android]
11-05 05:12:08.943 I/dvm_lock_sample(19081): [com.google.android.gms,0,lowpool[1],529,:com.google.android.gms@254232022@25.42.32 (150400-820822052),1,java.lang.Object glzo.d(),-,42,java.lang.Object glzo.d(),100]
11-05 05:12:08.957 I/power_partial_wake_state( 4569): [50,*job*/com.android.chrome/org.chromium.components.background_task_scheduler.internal.BackgroundTaskJobService:android]
11-05 05:12:08.979 I/dvm_lock_sample(31767): [com.android.vending,0,InstallBackgroundThread,1546,PG,1,zfy zgh.a(java.lang.String),-,99,void zgh.q(),100]
11-05 05:12:08.988 I/am_uid_running( 4569): 10127
11-05 05:12:09.028 I/am_proc_start( 4569): [0,32304,10127,com.android.settings.intelligence,service,{com.android.settings.intelligence/com.samsung.android.settings.intelligence.search.job.IndexingJobService}]
11-05 05:12:09.059 I/am_proc_start( 4569): [0,32311,10109,com.android.vending:background,service,{com.android.vending/com.google.frameworks.client.data.android.server.play.BackgroundProcessEndpointService}]
11-05 05:12:09.064 I/am_uid_running( 4569): 10089
11-05 05:12:09.086 I/am_proc_start( 4569): [0,32317,10089,com.google.android.apps.restore,service,{com.google.android.apps.restore/com.google.android.apps.restore.backup.photos.apiservice.PhotosBackupApiEndpointService}]
11-05 05:12:09.140 I/am_proc_bound( 4569): [0,32317,com.google.android.apps.restore]
11-05 05:12:09.154 I/am_proc_bound( 4569): [0,32311,com.android.vending:background]
11-05 05:12:09.170 I/am_proc_bound( 4569): [0,32304,com.android.settings.intelligence]
11-05 05:12:09.435 I/power_partial_wake_state( 4569): [188,*job*/com.android.settings.intelligence/com.samsung.android.settings.intelligence.search.job.IndexingJobService:android]
11-05 05:12:09.454 I/job_deferred_execution( 4569): 42730805
11-05 05:12:09.455 I/am_uid_running( 4569): 10215
11-05 05:12:09.486 I/am_proc_start( 4569): [0,32390,10215,com.samsung.android.sm.policy,service,{com.samsung.android.sm.policy/com.samsung.android.scpm.service.SyncJobService}]
11-05 05:12:09.532 I/am_proc_bound( 4569): [0,32390,com.samsung.android.sm.policy]
11-05 05:12:09.666 I/power_partial_wake_state( 4569): [87,*job*/com.samsung.android.sm.policy/com.samsung.android.scpm.service.SyncJobService:android]
11-05 05:12:09.777 I/power_partial_wake_state( 4569): [25,*job*/com.samsung.android.mobileservice/.dataadapter.util.PeriodicJobUtil$PeriodicJob:android]
11-05 05:12:09.801 I/service_manager_slow(31139): [66,location]
11-05 05:12:09.810 I/power_partial_wake_state( 4569): [3,*job*/android/com.android.server.net.watchlist.ReportWatchlistJobService:android]
11-05 05:12:09.838 I/am_uid_running( 4569): 10186
11-05 05:12:09.859 I/am_proc_start( 4569): [0,32446,10186,com.facebook.appmanager,service,{com.facebook.appmanager/com.facebook.analytics2.logger.LollipopUploadService}]
11-05 05:12:09.873 I/service_manager_slow(31544): [193,netstats]
11-05 05:12:09.891 I/power_partial_wake_state( 4569): [16192,*gms_scheduler*/com.google.android.gms/.potokens.service.IntegrityTokenRefreshTaskService:com.google.android.gms]
11-05 05:12:09.914 I/power_partial_wake_state( 4569): [17,*gms_scheduler*:internal:com.google.android.gms]
11-05 05:12:09.945 I/am_proc_bound( 4569): [0,32446,com.facebook.appmanager]
11-05 05:12:10.005 I/power_partial_wake_state( 4569): [85,*gms_scheduler*:internal:com.google.android.gms]
11-05 05:12:10.047 I/commit_sys_config_file( 4569): [settings-0-0,33]
11-05 05:12:10.137 I/power_partial_wake_state( 4569): [57,*gms_scheduler*/com.google.android.gms/.ipa.base.IpaGcmTaskService:com.google.android.gms]
11-05 05:12:10.218 I/power_partial_wake_state( 4569): [52,*gms_scheduler*/com.google.android.gms/.location.service.drivingmode.DrivingModeLoggerService:com.google.android.gms]
