11-05 00:33:39.195 I/power_partial_wake_state( 4569): [11,*telephony-radio*:com.android.phone]
11-05 00:33:39.195 I/power_partial_wake_state( 4569): [1,*telephony-radio*:com.android.phone]
11-05 00:33:41.490 I/power_partial_wake_state( 4569): [2345,NetworkLocationScanner:com.google.android.gms]
11-05 00:33:41.497 I/power_partial_wake_state( 4569): [2,NetworkLocationPassiveCollector:com.google.android.gms]
11-05 00:33:41.525 I/power_partial_wake_state( 4569): [5,PendingIntentClient:com.google.android.gms]
11-05 00:33:41.532 I/power_partial_wake_state( 4569): [4,PendingIntentClient:com.google.android.gms]
11-05 00:33:41.536 I/power_partial_wake_state( 4569): [10,GCoreFlp:com.google.android.gms]
11-05 00:33:41.543 I/power_partial_wake_state( 4569): [3,*location*:android]
11-05 00:33:41.546 I/power_partial_wake_state( 4569): [10,*location*:android]
11-05 00:33:41.546 I/power_partial_wake_state( 4569): [8,*location*:android]
11-05 00:33:41.547 I/power_partial_wake_state( 4569): [13,PendingIntentClient:com.google.android.gms]
11-05 00:33:41.548 I/power_partial_wake_state( 4569): [10,*location*:android]
11-05 00:33:41.550 I/power_partial_wake_state( 4569): [45,NetworkLocationLocator:com.google.android.gms]
11-05 00:33:41.551 I/power_partial_wake_state( 4569): [7,CallbackRunner:com.google.android.gms]
11-05 00:33:41.570 I/power_partial_wake_state( 4569): [3,*location*:android]
11-05 00:33:41.571 I/power_partial_wake_state( 4569): [3,*location*:android]
11-05 00:33:41.572 I/power_partial_wake_state( 4569): [3,*location*:android]
11-05 00:33:41.573 I/power_partial_wake_state( 4569): [4,*location*:android]
11-05 00:35:40.430 I/am_uid_running( 4569): 10175
11-05 00:35:40.532 I/am_proc_start( 4569): [0,29539,10175,com.samsung.android.app.smartcapture:screenrecorder,service,{com.samsung.android.app.smartcapture/com.samsung.android.app.screenrecorder.view.RecordScreenTile}]
11-05 00:35:40.793 I/am_proc_bound( 4569): [0,29539,com.samsung.android.app.smartcapture:screenrecorder]
11-05 00:35:40.796 I/am_uid_active( 4569): 10175
11-05 00:41:32.696 I/power_partial_wake_state( 4569): [3,*telephony-radio*:com.android.phone]
11-05 00:41:32.717 I/power_partial_wake_state( 4569): [20,*telephony-radio*:com.android.phone]
11-05 00:41:32.720 I/power_partial_wake_state( 4569): [2,*telephony-radio*:com.android.phone]
11-05 00:43:42.167 I/power_partial_wake_state( 4569): [7,GmsAlarm:NetworkLocationScanner:com.google.android.gms]
11-05 00:43:42.171 I/power_partial_wake_state( 4569): [6,CallbackRunner:com.google.android.gms]
11-05 00:43:42.183 I/power_partial_wake_state( 4569): [1,*telephony-radio*:com.android.phone]
11-05 00:43:42.189 I/power_partial_wake_state( 4569): [38,*alarm*:android]
11-05 00:43:42.201 I/power_partial_wake_state( 4569): [18,*telephony-radio*:com.android.phone]
11-05 00:43:42.206 I/power_partial_wake_state( 4569): [4,*telephony-radio*:com.android.phone]
11-05 00:43:42.248 I/netstats_mobile_sample( 4569): [0,0,0,0,0,0,0,0,0,0,0,0,1762278221615]
11-05 00:43:42.249 I/netstats_wifi_sample( 4569): [257188180,541607,26018688,126651,257188180,541607,26018688,126651,148376933,206494,22317065,100926,1762278221615]
11-05 00:43:42.249 I/power_partial_wake_state( 4569): [60,NetworkStats:android]
11-05 00:43:42.273 I/power_partial_wake_state( 4569): [83,*alarm*:android]
11-05 00:43:42.300 I/service_manager_stats( 4569): [100,137,30493]
11-05 00:43:42.307 I/power_partial_wake_state( 4569): [1,*telephony-radio*:com.android.phone]
11-05 00:43:42.316 I/power_partial_wake_state( 4569): [8,*telephony-radio*:com.android.phone]
11-05 00:43:42.319 I/power_partial_wake_state( 4569): [2,*telephony-radio*:com.android.phone]
11-05 00:43:44.429 I/power_partial_wake_state( 4569): [2270,NetworkLocationScanner:com.google.android.gms]
11-05 00:43:44.470 I/power_partial_wake_state( 4569): [9,PendingIntentClient:com.google.android.gms]
11-05 00:43:44.483 I/power_partial_wake_state( 4569): [8,PendingIntentClient:com.google.android.gms]
11-05 00:43:44.488 I/power_partial_wake_state( 4569): [15,GCoreFlp:com.google.android.gms]
11-05 00:43:44.493 I/power_partial_wake_state( 4569): [8,*location*:android]
11-05 00:43:44.496 I/power_partial_wake_state( 4569): [8,*location*:android]
11-05 00:43:44.497 I/power_partial_wake_state( 4569): [4,*location*:android]
11-05 00:43:44.498 I/power_partial_wake_state( 4569): [11,PendingIntentClient:com.google.android.gms]
11-05 00:43:44.499 I/power_partial_wake_state( 4569): [8,*location*:android]
11-05 00:43:44.513 I/power_partial_wake_state( 4569): [75,NetworkLocationLocator:com.google.android.gms]
11-05 00:43:44.514 I/power_partial_wake_state( 4569): [12,CallbackRunner:com.google.android.gms]
11-05 00:43:44.515 I/power_partial_wake_state( 4569): [6,*location*:android]
11-05 00:43:44.516 I/power_partial_wake_state( 4569): [5,*location*:android]
11-05 00:43:44.516 I/power_partial_wake_state( 4569): [6,*location*:android]
11-05 00:43:44.518 I/power_partial_wake_state( 4569): [8,*location*:android]
11-05 00:53:30.635 I/power_partial_wake_state( 4569): [6,GCM_READ:com.google.android.gms]
11-05 00:53:30.686 I/c2dm    (28578): [-1,,6,5]
11-05 00:53:30.687 I/power_partial_wake_state( 4569): [55,GCM_WORK:com.google.android.gms]
11-05 00:53:35.459 I/power_partial_wake_state( 4569): [2,*telephony-radio*:com.android.phone]
11-05 00:53:35.469 I/power_partial_wake_state( 4569): [9,*telephony-radio*:com.android.phone]
11-05 00:53:35.471 I/power_partial_wake_state( 4569): [2,*telephony-radio*:com.android.phone]
11-05 00:53:35.637 I/am_pss  ( 4569): [28578,10094,com.google.android.gms.persistent,157713408,102780928,576512,411000832,0,5,40]
11-05 00:53:44.404 I/power_partial_wake_state( 4569): [12,GmsAlarm:NetworkLocationScanner:com.google.android.gms]
11-05 00:53:44.415 I/power_partial_wake_state( 4569): [14,CallbackRunner:com.google.android.gms]
11-05 00:53:44.420 I/power_partial_wake_state( 4569): [2,*telephony-radio*:com.android.phone]
11-05 00:53:44.426 I/power_partial_wake_state( 4569): [56,*alarm*:android]
11-05 00:53:44.443 I/power_partial_wake_state( 4569): [17,*alarm*:android]
11-05 00:53:44.458 I/power_partial_wake_state( 4569): [38,*telephony-radio*:com.android.phone]
11-05 00:53:44.460 I/power_partial_wake_state( 4569): [1,*telephony-radio*:com.android.phone]
11-05 00:53:46.860 I/power_partial_wake_state( 4569): [2472,NetworkLocationScanner:com.google.android.gms]
11-05 00:53:46.905 I/power_partial_wake_state( 4569): [13,PendingIntentClient:com.google.android.gms]
11-05 00:53:46.916 I/power_partial_wake_state( 4569): [11,PendingIntentClient:com.google.android.gms]
11-05 00:53:46.923 I/power_partial_wake_state( 4569): [19,GCoreFlp:com.google.android.gms]
11-05 00:53:46.929 I/power_partial_wake_state( 4569): [9,PendingIntentClient:com.google.android.gms]
11-05 00:53:46.935 I/power_partial_wake_state( 4569): [3,*location*:android]
11-05 00:53:46.936 I/power_partial_wake_state( 4569): [2,*location*:android]
11-05 00:53:46.937 I/power_partial_wake_state( 4569): [5,*location*:android]
11-05 00:53:46.938 I/power_partial_wake_state( 4569): [3,*location*:android]
11-05 00:53:46.949 I/power_partial_wake_state( 4569): [10,PendingIntentClient:com.google.android.gms]
11-05 00:53:46.964 I/power_partial_wake_state( 4569): [98,NetworkLocationLocator:com.google.android.gms]
11-05 00:53:46.968 I/power_partial_wake_state( 4569): [13,CallbackRunner:com.google.android.gms]
11-05 00:53:46.971 I/power_partial_wake_state( 4569): [5,*location*:android]
11-05 00:53:46.971 I/power_partial_wake_state( 4569): [6,*location*:android]
11-05 00:53:46.972 I/power_partial_wake_state( 4569): [3,*location*:android]
11-05 00:53:46.973 I/power_partial_wake_state( 4569): [3,*location*:android]
11-05 01:00:44.458 I/power_partial_wake_state( 4569): [3,*telephony-radio*:com.android.phone]
11-05 01:00:44.472 I/power_partial_wake_state( 4569): [11,*telephony-radio*:com.android.phone]
11-05 01:00:44.474 I/power_partial_wake_state( 4569): [2,*telephony-radio*:com.android.phone]
11-05 01:01:42.233 I/am_pss  ( 4569): [28456,10109,com.android.vending:quick_launch,52267008,32382976,615424,195715072,0,19,27]
11-05 01:03:47.165 I/power_partial_wake_state( 4569): [13,GmsAlarm:NetworkLocationScanner:com.google.android.gms]
11-05 01:03:47.169 I/power_partial_wake_state( 4569): [6,CallbackRunner:com.google.android.gms]
11-05 01:03:47.179 I/power_partial_wake_state( 4569): [32,*alarm*:android]
11-05 01:03:47.180 I/power_partial_wake_state( 4569): [1,*alarm*:android]
11-05 01:03:47.186 I/power_partial_wake_state( 4569): [1,*telephony-radio*:com.android.phone]
11-05 01:03:47.201 I/power_partial_wake_state( 4569): [15,*telephony-radio*:com.android.phone]
11-05 01:03:47.204 I/power_partial_wake_state( 4569): [2,*telephony-radio*:com.android.phone]
11-05 01:03:47.209 I/power_partial_wake_state( 4569): [1,*telephony-radio*:com.android.phone]
11-05 01:03:47.218 I/power_partial_wake_state( 4569): [8,*telephony-radio*:com.android.phone]
11-05 01:03:47.219 I/power_partial_wake_state( 4569): [1,*telephony-radio*:com.android.phone]
11-05 01:03:49.547 I/power_partial_wake_state( 4569): [2389,NetworkLocationScanner:com.google.android.gms]
11-05 01:03:49.602 I/power_partial_wake_state( 4569): [10,PendingIntentClient:com.google.android.gms]
11-05 01:03:49.616 I/power_partial_wake_state( 4569): [12,GCoreFlp:com.google.android.gms]
11-05 01:03:49.622 I/power_partial_wake_state( 4569): [17,PendingIntentClient:com.google.android.gms]
11-05 01:03:49.625 I/power_partial_wake_state( 4569): [9,*location*:android]
11-05 01:03:49.628 I/power_partial_wake_state( 4569): [8,*location*:android]
11-05 01:03:49.630 I/power_partial_wake_state( 4569): [11,*location*:android]
11-05 01:03:49.630 I/power_partial_wake_state( 4569): [13,*location*:android]
11-05 01:03:49.636 I/power_partial_wake_state( 4569): [11,PendingIntentClient:com.google.android.gms]
11-05 01:03:49.649 I/power_partial_wake_state( 4569): [86,NetworkLocationLocator:com.google.android.gms]
11-05 01:03:49.651 I/power_partial_wake_state( 4569): [12,CallbackRunner:com.google.android.gms]
11-05 01:03:49.658 I/power_partial_wake_state( 4569): [7,*location*:android]
11-05 01:03:49.659 I/power_partial_wake_state( 4569): [8,*location*:android]
11-05 01:03:49.659 I/power_partial_wake_state( 4569): [5,*location*:android]
11-05 01:03:49.659 I/power_partial_wake_state( 4569): [3,*location*:android]
11-05 01:04:56.095 I/content_query_sample(19225): contents_sample_state: [CONTACT contacts(3) data(6) accounts({vnd.sec.contact.sim (2)=3}) accounts deleted({}) in_trash(in_trash(0), in_trash_for_sync(0)) calls([]) countryIso(VN) userId(0)  ]
11-05 01:04:56.095 I/content_query_sample(19225): contents_sample_state: [ agr({[2]=3})  ]
11-05 01:04:56.095 I/content_query_sample(19225): contents_sample_state: [ actCnt({android.process.acore(19225)=1})  ]
11-05 01:04:56.095 I/content_query_sample(19225): contents_sample_state: [PROFILE contacts(0) data(0) accounts({})  ] [SAPROFILE contacts(0) data(0) accounts({})  ]
11-05 01:04:56.095 I/content_query_sample(19225): contents_sample_state: [STORAGE Contacts(CE) Profile(CE) SAProfile(CE) CallLog(CE)  ]
11-05 01:09:03.003 I/am_kill ( 4569): [0,28018,com.google.android.apps.restore,935,empty #25]
11-05 01:09:03.020 I/am_pss  ( 4569): [26820,10201,com.samsung.android.app.reminder,23307264,19927040,674816,134258688,0,19,14]
11-05 01:09:03.037 I/am_pss  ( 4569): [29288,1000,com.samsung.android.forest,17191936,12189696,644096,135127040,0,19,13]
11-05 01:09:03.079 I/am_proc_died( 4569): [0,28018,com.google.android.apps.restore,23,935,19,98,1680]
11-05 01:09:03.080 I/am_uid_stopped( 4569): 10089
11-05 01:11:20.135 I/power_partial_wake_state( 4569): [7,*alarm*:android]
11-05 01:11:20.194 I/am_pss  ( 4569): [29369,10061,com.samsung.android.app.routines,24138752,20140032,658432,140836864,0,19,16]
11-05 01:11:20.457 I/power_partial_wake_state( 4569): [2,*telephony-radio*:com.android.phone]
11-05 01:11:20.482 I/power_partial_wake_state( 4569): [24,*telephony-radio*:com.android.phone]
11-05 01:11:20.485 I/power_partial_wake_state( 4569): [2,*telephony-radio*:com.android.phone]
11-05 01:13:49.492 I/power_partial_wake_state( 4569): [14,*alarm*:android]
11-05 01:13:49.497 I/power_partial_wake_state( 4569): [10,GmsAlarm:NetworkLocationScanner:com.google.android.gms]
11-05 01:13:49.500 I/power_partial_wake_state( 4569): [5,CallbackRunner:com.google.android.gms]
11-05 01:13:49.517 I/power_partial_wake_state( 4569): [2,*telephony-radio*:com.android.phone]
11-05 01:13:49.535 I/power_partial_wake_state( 4569): [17,*telephony-radio*:com.android.phone]
11-05 01:13:49.538 I/power_partial_wake_state( 4569): [3,*telephony-radio*:com.android.phone]
11-05 01:13:50.468 I/am_proc_start( 4569): [0,29652,10061,com.samsung.android.app.aodservice,broadcast,{com.samsung.android.app.aodservice/com.samsung.android.app.aodservice.AODBroadcastReceiver}]
11-05 01:13:50.512 I/am_proc_bound( 4569): [0,29652,com.samsung.android.app.aodservice]
11-05 01:13:50.547 I/am_uid_running( 4569): 10207
11-05 01:13:50.578 I/am_proc_start( 4569): [0,29674,10207,com.sec.android.daemonapp,content provider,{com.sec.android.daemonapp/com.sec.android.daemonapp.content.provider.WeatherContentProvider}]
11-05 01:13:50.612 I/am_proc_bound( 4569): [0,29674,com.sec.android.daemonapp]
11-05 01:13:50.619 I/am_uid_active( 4569): 10207
11-05 01:13:50.933 I/am_kill ( 4569): [0,24763,com.android.vending:instant_app_installer,935,empty #25]
11-05 01:13:50.965 I/notification_enqueue( 4569): [10207,29674,com.sec.android.daemonapp,4,NULL,0,Notification(channel=weather.notification.refresh shortcut=null contentView=null vibrate=null sound=null defaults=0x0 flags=0x40 color=0x00000000 category=service vis=PRIVATE semFlags=0x0 semPriority=0 semMissedCount=0),0,NULL]
11-05 01:13:50.980 I/notification_cancel( 4569): [10207,29674,com.sec.android.daemonapp,4,NULL,0,0,0,8,NULL]
11-05 01:13:50.988 I/power_partial_wake_state( 4569): [20,WXAutoRefreshForegroundService:com.sec.android.daemonapp]
11-05 01:13:51.005 I/am_proc_died( 4569): [0,24763,com.android.vending:instant_app_installer,23,935,19,95,1672]
11-05 01:13:51.018 I/am_uid_idle( 4569): 10254
11-05 01:13:51.018 I/am_uid_idle( 4569): 10201
11-05 01:13:51.018 I/am_uid_idle( 4569): 10175
11-05 01:13:51.172 I/sysui_multi_action( 4569): [757,1501,758,1,793,208,794,0,795,208,796,4,806,com.sec.android.daemonapp,857,weather.notification.refresh,858,2,947,0,1500,0,1641,service,1688,1]
11-05 01:13:51.172 I/sysui_multi_action( 4569): [757,804,799,note_interruptive,801,0,802,1]
11-05 01:13:51.190 I/sysui_multi_action( 4569): [757,128,758,5,759,8,793,227,794,0,795,227,796,4,806,com.sec.android.daemonapp,857,weather.notification.refresh,858,2,947,0,1500,19,1641,service,1688,1]
11-05 01:13:51.190 I/notification_canceled( 4569): [0|com.sec.android.daemonapp|4|null|10207,8,227,227,0,-1,-1,NULL]
11-05 01:13:51.910 I/power_partial_wake_state( 4569): [2420,NetworkLocationScanner:com.google.android.gms]
11-05 01:13:51.915 I/power_partial_wake_state( 4569): [2,NetworkLocationPassiveCollector:com.google.android.gms]
11-05 01:13:51.950 I/power_partial_wake_state( 4569): [10,PendingIntentClient:com.google.android.gms]
11-05 01:13:51.960 I/power_partial_wake_state( 4569): [8,GCoreFlp:com.google.android.gms]
11-05 01:13:51.961 I/power_partial_wake_state( 4569): [6,PendingIntentClient:com.google.android.gms]
11-05 01:13:51.965 I/power_partial_wake_state( 4569): [3,*location*:android]
11-05 01:13:51.965 I/power_partial_wake_state( 4569): [1,*location*:android]
11-05 01:13:51.966 I/power_partial_wake_state( 4569): [3,*location*:android]
11-05 01:13:51.969 I/power_partial_wake_state( 4569): [7,*location*:android]
11-05 01:13:51.978 I/power_partial_wake_state( 4569): [14,PendingIntentClient:com.google.android.gms]
11-05 01:13:51.988 I/power_partial_wake_state( 4569): [68,NetworkLocationLocator:com.google.android.gms]
11-05 01:13:51.989 I/power_partial_wake_state( 4569): [8,CallbackRunner:com.google.android.gms]
11-05 01:13:51.996 I/power_partial_wake_state( 4569): [1,*location*:android]
11-05 01:13:51.997 I/power_partial_wake_state( 4569): [2,*location*:android]
11-05 01:13:51.997 I/power_partial_wake_state( 4569): [3,*location*:android]
11-05 01:13:51.998 I/power_partial_wake_state( 4569): [2,*location*:android]
11-05 01:13:59.527 I/am_pss  ( 4569): [29363,10254,com.google.android.permissioncontroller,17393664,14315520,654336,117854208,0,19,19]
11-05 01:13:59.556 I/am_pss  ( 4569): [28273,10109,com.android.vending:background,79974400,55619584,603136,224534528,0,19,25]
11-05 01:13:59.574 I/am_pss  ( 4569): [28542,10094,com.google.process.gapps,9531392,5382144,656384,118427648,0,19,14]
11-05 01:13:59.600 I/am_pss  ( 4569): [27216,10094,com.google.android.gms.unstable,50300928,16279552,6677504,265361408,0,19,23]
11-05 01:13:59.627 I/am_pss  ( 4569): [27733,10162,com.google.android.apps.tachyon,97084416,57188352,21903360,280141824,0,19,23]
11-05 01:13:59.645 I/am_pss  ( 4569): [28333,10118,com.samsung.android.mobileservice,41171968,36847616,626688,162160640,0,19,15]
11-05 01:14:10.439 I/power_partial_wake_state( 4569): [20001,MotionRecognitionSensorChecker:android]
11-05 01:14:20.175 I/battery_level( 4569): [89,4112,204]
11-05 01:14:20.296 I/am_pss  ( 4569): [29022,1000,com.samsung.android.lool,22561792,14544896,636928,143163392,0,19,14]
11-05 01:14:20.332 I/am_pss  ( 4569): [26725,10155,com.google.android.googlequicksearchbox:search,143247360,126599168,609280,325881856,0,19,29]
11-05 01:14:20.348 I/am_pss  ( 4569): [29059,1000,com.samsung.android.sm.provider,13918208,6483968,655360,125214720,0,19,13]
11-05 01:14:20.364 I/am_pss  ( 4569): [21207,1000,android:drmService,7454720,135168,4030464,146096128,0,10,14]
11-05 01:14:20.489 I/netstats_mobile_sample( 4569): [0,0,0,0,0,0,0,0,0,0,0,0,1762280059856]
11-05 01:14:20.490 I/netstats_wifi_sample( 4569): [257230929,541751,26095716,126876,257230929,541751,26095716,126876,148416050,206582,22359023,101045,1762280059856]
11-05 01:14:20.490 I/power_partial_wake_state( 4569): [41,NetworkStats:android]
11-05 01:14:20.519 I/power_partial_wake_state( 4569): [73,*alarm*:android]
11-05 01:14:20.560 I/power_partial_wake_state( 4569): [2,*telephony-radio*:com.android.phone]
11-05 01:14:20.571 I/power_partial_wake_state( 4569): [10,*telephony-radio*:com.android.phone]
11-05 01:14:20.573 I/power_partial_wake_state( 4569): [1,*telephony-radio*:com.android.phone]
11-05 01:22:22.044 I/power_partial_wake_state( 4569): [19,GCM_READ:com.google.android.gms]
11-05 01:22:22.074 I/c2dm    (28578): [-1,,7,6]
11-05 01:22:22.075 I/power_partial_wake_state( 4569): [32,GCM_WORK:com.google.android.gms]
11-05 01:22:22.169 I/service_manager_stats( 4569): [100,121,57607]
11-05 01:22:27.695 I/power_partial_wake_state( 4569): [4,*telephony-radio*:com.android.phone]
11-05 01:22:27.711 I/power_partial_wake_state( 4569): [15,*telephony-radio*:com.android.phone]
11-05 01:22:27.714 I/power_partial_wake_state( 4569): [2,*telephony-radio*:com.android.phone]
11-05 01:23:52.156 I/am_kill ( 4569): [0,28333,com.samsung.android.mobileservice,999,empty #25]
11-05 01:23:52.184 I/power_partial_wake_state( 4569): [37,*alarm*:android]
11-05 01:23:52.192 I/power_partial_wake_state( 4569): [9,*alarm*:android]
11-05 01:23:52.197 I/power_partial_wake_state( 4569): [25,GmsAlarm:NetworkLocationScanner:com.google.android.gms]
11-05 01:23:52.202 I/power_partial_wake_state( 4569): [1,*telephony-radio*:com.android.phone]
11-05 01:23:52.220 I/power_partial_wake_state( 4569): [18,*telephony-radio*:com.android.phone]
11-05 01:23:52.224 I/power_partial_wake_state( 4569): [4,*telephony-radio*:com.android.phone]
11-05 01:23:52.225 I/power_partial_wake_state( 4569): [44,CallbackRunner:com.google.android.gms]
11-05 01:23:52.259 I/am_proc_died( 4569): [0,28333,com.samsung.android.mobileservice,23,999,19,106,1675]
11-05 01:23:52.260 I/am_uid_stopped( 4569): 10118
11-05 01:23:54.616 I/power_partial_wake_state( 4569): [2439,NetworkLocationScanner:com.google.android.gms]
11-05 01:23:54.662 I/power_partial_wake_state( 4569): [10,PendingIntentClient:com.google.android.gms]
11-05 01:23:54.676 I/power_partial_wake_state( 4569): [10,GCoreFlp:com.google.android.gms]
11-05 01:23:54.682 I/power_partial_wake_state( 4569): [4,*location*:android]
11-05 01:23:54.687 I/power_partial_wake_state( 4569): [8,*location*:android]
11-05 01:23:54.688 I/power_partial_wake_state( 4569): [7,*location*:android]
11-05 01:23:54.689 I/power_partial_wake_state( 4569): [8,*location*:android]
11-05 01:23:54.691 I/power_partial_wake_state( 4569): [23,PendingIntentClient:com.google.android.gms]
11-05 01:23:54.708 I/power_partial_wake_state( 4569): [13,PendingIntentClient:com.google.android.gms]
11-05 01:23:54.726 I/power_partial_wake_state( 4569): [98,NetworkLocationLocator:com.google.android.gms]
11-05 01:23:54.732 I/power_partial_wake_state( 4569): [19,CallbackRunner:com.google.android.gms]
11-05 01:23:54.740 I/power_partial_wake_state( 4569): [7,*location*:android]
11-05 01:23:54.741 I/power_partial_wake_state( 4569): [7,*location*:android]
11-05 01:23:54.742 I/power_partial_wake_state( 4569): [4,*location*:android]
11-05 01:23:54.742 I/power_partial_wake_state( 4569): [4,*location*:android]
11-05 01:26:33.893 I/am_uid_running( 4569): 10215
11-05 01:26:33.918 I/am_proc_start( 4569): [0,29764,10215,com.samsung.android.sm.policy,content provider,{com.samsung.android.sm.policy/com.samsung.android.scpm.db.ScpmProvider}]
11-05 01:26:33.944 I/am_proc_bound( 4569): [0,29764,com.samsung.android.sm.policy]
11-05 01:29:12.313 I/notification_cancel( 4569): [1000,29022,com.samsung.android.lool,1002,NULL,0,0,0,8,NULL]
11-05 01:29:12.321 I/am_kill ( 4569): [0,27733,com.google.android.apps.tachyon,935,empty #25]
11-05 01:29:12.346 I/service_manager_slow( 4569): [16,suspend_control]
11-05 01:29:12.457 I/am_proc_died( 4569): [0,27733,com.google.android.apps.tachyon,23,935,19,112,1676]
11-05 01:29:12.458 I/am_uid_stopped( 4569): 10162
11-05 01:33:55.160 I/power_partial_wake_state( 4569): [18,GmsAlarm:NetworkLocationScanner:com.google.android.gms]
11-05 01:33:55.164 I/power_partial_wake_state( 4569): [10,CallbackRunner:com.google.android.gms]
11-05 01:33:55.167 I/power_partial_wake_state( 4569): [1,*telephony-radio*:com.android.phone]
11-05 01:33:55.180 I/power_partial_wake_state( 4569): [13,*telephony-radio*:com.android.phone]
11-05 01:33:55.184 I/power_partial_wake_state( 4569): [3,*telephony-radio*:com.android.phone]
11-05 01:33:55.186 I/power_partial_wake_state( 4569): [51,*alarm*:android]
11-05 01:33:55.187 I/power_partial_wake_state( 4569): [0,*alarm*:android]
11-05 01:33:55.281 I/power_partial_wake_state( 4569): [1,*telephony-radio*:com.android.phone]
11-05 01:33:55.288 I/power_partial_wake_state( 4569): [7,*telephony-radio*:com.android.phone]
11-05 01:33:55.290 I/power_partial_wake_state( 4569): [1,*telephony-radio*:com.android.phone]
11-05 01:33:56.792 I/power_partial_wake_state( 4569): [1,*telephony-radio*:com.android.phone]
11-05 01:33:56.809 I/power_partial_wake_state( 4569): [9,*telephony-radio*:com.android.phone]
11-05 01:33:56.811 I/power_partial_wake_state( 4569): [1,*telephony-radio*:com.android.phone]
11-05 01:33:57.686 I/power_partial_wake_state( 4569): [2543,NetworkLocationScanner:com.google.android.gms]
11-05 01:33:57.730 I/power_partial_wake_state( 4569): [4,PendingIntentClient:com.google.android.gms]
11-05 01:33:57.738 I/power_partial_wake_state( 4569): [6,PendingIntentClient:com.google.android.gms]
11-05 01:33:57.747 I/power_partial_wake_state( 4569): [7,PendingIntentClient:com.google.android.gms]
11-05 01:33:57.752 I/power_partial_wake_state( 4569): [18,GCoreFlp:com.google.android.gms]
11-05 01:33:57.754 I/power_partial_wake_state( 4569): [4,*location*:android]
11-05 01:33:57.755 I/power_partial_wake_state( 4569): [1,*location*:android]
11-05 01:33:57.755 I/power_partial_wake_state( 4569): [61,NetworkLocationLocator:com.google.android.gms]
11-05 01:33:57.757 I/power_partial_wake_state( 4569): [7,CallbackRunner:com.google.android.gms]
11-05 01:33:57.759 I/power_partial_wake_state( 4569): [8,*location*:android]
11-05 01:33:57.760 I/power_partial_wake_state( 4569): [7,*location*:android]
11-05 01:33:57.767 I/power_partial_wake_state( 4569): [3,*location*:android]
11-05 01:33:57.767 I/power_partial_wake_state( 4569): [2,*location*:android]
11-05 01:33:57.768 I/power_partial_wake_state( 4569): [2,*location*:android]
11-05 01:33:57.768 I/power_partial_wake_state( 4569): [2,*location*:android]
11-05 01:43:58.213 I/power_partial_wake_state( 4569): [29,*alarm*:android]
11-05 01:43:58.218 I/power_partial_wake_state( 4569): [17,GmsAlarm:NetworkLocationScanner:com.google.android.gms]
11-05 01:43:58.219 I/power_partial_wake_state( 4569): [0,*telephony-radio*:com.android.phone]
11-05 01:43:58.221 I/power_partial_wake_state( 4569): [5,CallbackRunner:com.google.android.gms]
11-05 01:43:58.234 I/power_partial_wake_state( 4569): [15,*telephony-radio*:com.android.phone]
11-05 01:43:58.236 I/power_partial_wake_state( 4569): [0,*telephony-radio*:com.android.phone]
11-05 01:43:58.254 I/netstats_mobile_sample( 4569): [0,0,0,0,0,0,0,0,0,0,0,0,1762281837622]
11-05 01:43:58.255 I/netstats_wifi_sample( 4569): [257244741,541802,26121332,126962,257244741,541802,26121332,126962,148428590,206617,22372139,101089,1762281837622]
11-05 01:43:58.256 I/power_partial_wake_state( 4569): [60,NetworkStats:android]
11-05 01:43:58.278 I/power_partial_wake_state( 4569): [65,*alarm*:android]
11-05 01:43:58.297 I/power_partial_wake_state( 4569): [1,*telephony-radio*:com.android.phone]
11-05 01:43:58.304 I/power_partial_wake_state( 4569): [7,*telephony-radio*:com.android.phone]
11-05 01:43:58.305 I/power_partial_wake_state( 4569): [1,*telephony-radio*:com.android.phone]
11-05 01:44:00.518 I/power_partial_wake_state( 4569): [2311,NetworkLocationScanner:com.google.android.gms]
11-05 01:44:00.557 I/power_partial_wake_state( 4569): [15,PendingIntentClient:com.google.android.gms]
11-05 01:44:00.566 I/power_partial_wake_state( 4569): [14,GCoreFlp:com.google.android.gms]
11-05 01:44:00.569 I/power_partial_wake_state( 4569): [9,PendingIntentClient:com.google.android.gms]
11-05 01:44:00.584 I/power_partial_wake_state( 4569): [11,PendingIntentClient:com.google.android.gms]
11-05 01:44:00.585 I/power_partial_wake_state( 4569): [8,*location*:android]
11-05 01:44:00.586 I/power_partial_wake_state( 4569): [8,*location*:android]
11-05 01:44:00.587 I/power_partial_wake_state( 4569): [4,*location*:android]
11-05 01:44:00.592 I/power_partial_wake_state( 4569): [3,*location*:android]
11-05 01:44:00.593 I/power_partial_wake_state( 4569): [3,*location*:android]
11-05 01:44:00.593 I/power_partial_wake_state( 4569): [11,*location*:android]
11-05 01:44:00.594 I/power_partial_wake_state( 4569): [5,*location*:android]
11-05 01:44:00.597 I/power_partial_wake_state( 4569): [74,NetworkLocationLocator:com.google.android.gms]
11-05 01:44:00.598 I/power_partial_wake_state( 4569): [15,CallbackRunner:com.google.android.gms]
11-05 01:51:13.224 I/power_partial_wake_state( 4569): [5,GCM_READ:com.google.android.gms]
11-05 01:51:13.250 I/c2dm    (28578): [-1,,8,7]
11-05 01:51:13.251 I/power_partial_wake_state( 4569): [28,GCM_WORK:com.google.android.gms]
11-05 01:51:14.193 I/power_partial_wake_state( 4569): [3,*telephony-radio*:com.android.phone]
11-05 01:51:14.212 I/power_partial_wake_state( 4569): [17,*telephony-radio*:com.android.phone]
11-05 01:51:14.214 I/power_partial_wake_state( 4569): [1,*telephony-radio*:com.android.phone]
11-05 01:54:00.499 I/power_partial_wake_state( 4569): [16,GmsAlarm:NetworkLocationScanner:com.google.android.gms]
11-05 01:54:00.501 I/power_partial_wake_state( 4569): [28,*alarm*:android]
11-05 01:54:00.503 I/power_partial_wake_state( 4569): [4,*telephony-radio*:com.android.phone]
11-05 01:54:00.503 I/power_partial_wake_state( 4569): [14,CallbackRunner:com.google.android.gms]
11-05 01:54:00.528 I/power_partial_wake_state( 4569): [25,*telephony-radio*:com.android.phone]
11-05 01:54:00.531 I/power_partial_wake_state( 4569): [2,*telephony-radio*:com.android.phone]
11-05 01:54:02.869 I/power_partial_wake_state( 4569): [2387,NetworkLocationScanner:com.google.android.gms]
11-05 01:54:02.880 I/power_partial_wake_state( 4569): [4,NetworkLocationPassiveCollector:com.google.android.gms]
11-05 01:54:02.886 I/content_query_sample(19225): contents_sample_state: [CONTACT contacts(3) data(6) accounts({vnd.sec.contact.sim (2)=3}) accounts deleted({}) in_trash(in_trash(0), in_trash_for_sync(0)) calls([]) countryIso(VN) userId(0)  ]
11-05 01:54:02.886 I/content_query_sample(19225): contents_sample_state: [ agr({[2]=3})  ]
11-05 01:54:02.886 I/content_query_sample(19225): contents_sample_state: [ actCnt({android.process.acore(19225)=1})  ]
11-05 01:54:02.886 I/content_query_sample(19225): contents_sample_state: [PROFILE contacts(0) data(0) accounts({})  ] [SAPROFILE contacts(0) data(0) accounts({})  ]
11-05 01:54:02.886 I/content_query_sample(19225): contents_sample_state: [STORAGE Contacts(CE) Profile(CE) SAProfile(CE) CallLog(CE)  ]
11-05 01:54:02.921 I/power_partial_wake_state( 4569): [9,PendingIntentClient:com.google.android.gms]
11-05 01:54:02.931 I/power_partial_wake_state( 4569): [8,PendingIntentClient:com.google.android.gms]
11-05 01:54:02.932 I/power_partial_wake_state( 4569): [10,GCoreFlp:com.google.android.gms]
11-05 01:54:02.941 I/power_partial_wake_state( 4569): [8,*location*:android]
11-05 01:54:02.942 I/power_partial_wake_state( 4569): [9,*location*:android]
11-05 01:54:02.943 I/power_partial_wake_state( 4569): [2,*location*:android]
11-05 01:54:02.943 I/power_partial_wake_state( 4569): [2,*location*:android]
11-05 01:54:02.947 I/power_partial_wake_state( 4569): [11,PendingIntentClient:com.google.android.gms]
11-05 01:54:02.959 I/power_partial_wake_state( 4569): [70,NetworkLocationLocator:com.google.android.gms]
11-05 01:54:02.961 I/power_partial_wake_state( 4569): [10,CallbackRunner:com.google.android.gms]
11-05 01:54:02.962 I/power_partial_wake_state( 4569): [2,*location*:android]
11-05 01:54:02.963 I/power_partial_wake_state( 4569): [3,*location*:android]
11-05 01:54:02.964 I/power_partial_wake_state( 4569): [3,*location*:android]
11-05 01:54:02.967 I/power_partial_wake_state( 4569): [5,*location*:android]
11-05 02:04:03.148 I/power_partial_wake_state( 4569): [12,GmsAlarm:NetworkLocationScanner:com.google.android.gms]
11-05 02:04:03.150 I/power_partial_wake_state( 4569): [15,*alarm*:android]
11-05 02:04:03.151 I/power_partial_wake_state( 4569): [5,CallbackRunner:com.google.android.gms]
11-05 02:04:03.166 I/power_partial_wake_state( 4569): [15,*alarm*:android]
11-05 02:04:03.174 I/power_partial_wake_state( 4569): [1,*telephony-radio*:com.android.phone]
11-05 02:04:03.178 I/power_partial_wake_state( 4569): [3,*telephony-radio*:com.android.phone]
11-05 02:04:03.181 I/power_partial_wake_state( 4569): [15,*alarm*:android]
11-05 02:04:03.185 I/power_partial_wake_state( 4569): [7,*telephony-radio*:com.android.phone]
11-05 02:04:03.186 I/power_partial_wake_state( 4569): [1,*telephony-radio*:com.android.phone]
11-05 02:04:03.187 I/power_partial_wake_state( 4569): [1,*telephony-radio*:com.android.phone]
11-05 02:04:03.195 I/am_pss  ( 4569): [29539,10175,com.samsung.android.app.smartcapture:screenrecorder,53900288,40611840,7395328,107081728,0,19,10]
11-05 02:04:03.212 I/am_pss  ( 4569): [29369,10061,com.samsung.android.app.routines,24147968,20144128,656384,140836864,0,19,13]
11-05 02:04:03.227 I/am_pss  ( 4569): [26820,10201,com.samsung.android.app.reminder,23375872,19927040,685056,134258688,0,19,13]
11-05 02:04:03.250 I/am_pss  ( 4569): [29288,1000,com.samsung.android.forest,17197056,12181504,645120,135127040,0,19,12]
11-05 02:04:03.263 I/power_partial_wake_state( 4569): [1,*telephony-radio*:com.android.phone]
11-05 02:04:03.269 I/power_partial_wake_state( 4569): [5,*telephony-radio*:com.android.phone]
11-05 02:04:03.270 I/power_partial_wake_state( 4569): [1,*telephony-radio*:com.android.phone]
11-05 02:04:05.491 I/power_partial_wake_state( 4569): [2354,NetworkLocationScanner:com.google.android.gms]
11-05 02:04:05.534 I/power_partial_wake_state( 4569): [9,PendingIntentClient:com.google.android.gms]
11-05 02:04:05.546 I/power_partial_wake_state( 4569): [10,GCoreFlp:com.google.android.gms]
11-05 02:04:05.548 I/power_partial_wake_state( 4569): [10,PendingIntentClient:com.google.android.gms]
11-05 02:04:05.561 I/power_partial_wake_state( 4569): [10,*location*:android]
11-05 02:04:05.562 I/power_partial_wake_state( 4569): [9,*location*:android]
11-05 02:04:05.571 I/power_partial_wake_state( 4569): [17,PendingIntentClient:com.google.android.gms]
11-05 02:04:05.572 I/power_partial_wake_state( 4569): [15,*location*:android]
11-05 02:04:05.572 I/power_partial_wake_state( 4569): [13,*location*:android]
11-05 02:04:05.588 I/power_partial_wake_state( 4569): [1,*location*:android]
11-05 02:04:05.589 I/power_partial_wake_state( 4569): [3,*location*:android]
11-05 02:04:05.590 I/power_partial_wake_state( 4569): [2,*location*:android]
11-05 02:04:05.591 I/power_partial_wake_state( 4569): [93,NetworkLocationLocator:com.google.android.gms]
11-05 02:04:05.592 I/power_partial_wake_state( 4569): [5,*location*:android]
11-05 02:04:05.593 I/power_partial_wake_state( 4569): [19,CallbackRunner:com.google.android.gms]
11-05 02:04:10.631 I/dvm_lock_sample( 4569): [system_server,0,android.fg,325,Watchdog.java,311,void com.android.server.Watchdog$HandlerChecker.run(),Object.java,-2,void java.lang.Object.wait(long, int),65]
11-05 02:11:34.152 I/am_pss  ( 4569): [29652,10061,com.samsung.android.app.aodservice,12957696,5648384,651264,134926336,0,19,14]
11-05 02:11:34.292 I/am_uid_idle( 4569): 10207
11-05 02:11:34.420 I/am_pss  ( 4569): [29674,10207,com.sec.android.daemonapp,36154368,26099712,632832,207806464,0,19,41]
11-05 02:14:06.164 I/power_partial_wake_state( 4569): [17,*alarm*:android]
11-05 02:14:06.165 I/power_partial_wake_state( 4569): [8,GmsAlarm:NetworkLocationScanner:com.google.android.gms]
11-05 02:14:06.173 I/power_partial_wake_state( 4569): [1,*telephony-radio*:com.android.phone]
11-05 02:14:06.178 I/power_partial_wake_state( 4569): [15,CallbackRunner:com.google.android.gms]
11-05 02:14:06.188 I/power_partial_wake_state( 4569): [15,*telephony-radio*:com.android.phone]
11-05 02:14:06.190 I/power_partial_wake_state( 4569): [2,*telephony-radio*:com.android.phone]
11-05 02:14:06.193 I/service_manager_stats( 4569): [100,144,40301]
11-05 02:14:06.207 I/netstats_mobile_sample( 4569): [0,0,0,0,0,0,0,0,0,0,0,0,1762283645574]
11-05 02:14:06.208 I/netstats_wifi_sample( 4569): [257275615,541902,26175642,127124,257275615,541902,26175642,127124,148457648,206688,22402475,101176,1762283645574]
11-05 02:14:06.208 I/power_partial_wake_state( 4569): [53,NetworkStats:android]
11-05 02:14:06.221 I/power_partial_wake_state( 4569): [56,*alarm*:android]
11-05 02:14:06.248 I/power_partial_wake_state( 4569): [1,*telephony-radio*:com.android.phone]
11-05 02:14:06.255 I/power_partial_wake_state( 4569): [6,*telephony-radio*:com.android.phone]
11-05 02:14:06.256 I/power_partial_wake_state( 4569): [0,*telephony-radio*:com.android.phone]
11-05 02:14:07.703 I/power_partial_wake_state( 4569): [3,*telephony-radio*:com.android.phone]
11-05 02:14:07.715 I/power_partial_wake_state( 4569): [11,*telephony-radio*:com.android.phone]
11-05 02:14:07.718 I/power_partial_wake_state( 4569): [2,*telephony-radio*:com.android.phone]
11-05 02:14:08.535 I/power_partial_wake_state( 4569): [2384,NetworkLocationScanner:com.google.android.gms]
11-05 02:14:08.564 I/power_partial_wake_state( 4569): [5,PendingIntentClient:com.google.android.gms]
11-05 02:14:08.566 I/power_partial_wake_state( 4569): [1,PendingIntentClient:com.google.android.gms]
11-05 02:14:08.579 I/power_partial_wake_state( 4569): [10,PendingIntentClient:com.google.android.gms]
11-05 02:14:08.585 I/power_partial_wake_state( 4569): [5,*location*:android]
11-05 02:14:08.586 I/power_partial_wake_state( 4569): [19,GCoreFlp:com.google.android.gms]
11-05 02:14:08.589 I/power_partial_wake_state( 4569): [4,*location*:android]
11-05 02:14:08.591 I/power_partial_wake_state( 4569): [9,*location*:android]
11-05 02:14:08.592 I/power_partial_wake_state( 4569): [10,*location*:android]
11-05 02:14:08.592 I/power_partial_wake_state( 4569): [9,PendingIntentClient:com.google.android.gms]
11-05 02:14:08.604 I/power_partial_wake_state( 4569): [59,NetworkLocationLocator:com.google.android.gms]
11-05 02:14:08.605 I/power_partial_wake_state( 4569): [10,CallbackRunner:com.google.android.gms]
11-05 02:14:08.615 I/power_partial_wake_state( 4569): [1,*location*:android]
11-05 02:14:08.615 I/power_partial_wake_state( 4569): [4,*location*:android]
11-05 02:14:08.616 I/power_partial_wake_state( 4569): [1,*location*:android]
11-05 02:14:08.617 I/power_partial_wake_state( 4569): [4,*location*:android]
11-05 02:20:03.919 I/power_partial_wake_state( 4569): [6,GCM_READ:com.google.android.gms]
11-05 02:20:03.956 I/c2dm    (28578): [-1,,9,8]
11-05 02:20:03.957 I/power_partial_wake_state( 4569): [40,GCM_WORK:com.google.android.gms]
11-05 02:20:31.150 I/service_manager_stats( 4891): [100,145,147513]
11-05 02:20:31.268 I/power_partial_wake_state( 4569): [9,*alarm*:android]
11-05 02:20:31.696 I/am_pss  ( 4569): [29363,10254,com.google.android.permissioncontroller,17477632,14315520,663552,117899264,0,19,25]
11-05 02:24:09.145 I/power_partial_wake_state( 4569): [4,GmsAlarm:NetworkLocationScanner:com.google.android.gms]
11-05 02:24:09.155 I/power_partial_wake_state( 4569): [11,CallbackRunner:com.google.android.gms]
11-05 02:24:09.165 I/power_partial_wake_state( 4569): [25,*alarm*:android]
11-05 02:24:09.166 I/power_partial_wake_state( 4569): [1,*alarm*:android]
11-05 02:24:09.166 I/power_partial_wake_state( 4569): [1,*telephony-radio*:com.android.phone]
11-05 02:24:09.178 I/power_partial_wake_state( 4569): [12,*telephony-radio*:com.android.phone]
11-05 02:24:09.181 I/power_partial_wake_state( 4569): [3,*telephony-radio*:com.android.phone]
11-05 02:24:09.190 I/power_partial_wake_state( 4569): [9,*telephony-radio*:com.android.phone]
11-05 02:24:09.192 I/power_partial_wake_state( 4569): [0,*telephony-radio*:com.android.phone]
11-05 02:24:11.579 I/power_partial_wake_state( 4569): [2437,NetworkLocationScanner:com.google.android.gms]
11-05 02:24:11.617 I/power_partial_wake_state( 4569): [9,PendingIntentClient:com.google.android.gms]
11-05 02:24:11.628 I/power_partial_wake_state( 4569): [8,GCoreFlp:com.google.android.gms]
11-05 02:24:11.633 I/power_partial_wake_state( 4569): [13,PendingIntentClient:com.google.android.gms]
11-05 02:24:11.636 I/power_partial_wake_state( 4569): [2,*location*:android]
11-05 02:24:11.637 I/power_partial_wake_state( 4569): [6,*location*:android]
11-05 02:24:11.639 I/power_partial_wake_state( 4569): [6,PendingIntentClient:com.google.android.gms]
11-05 02:24:11.640 I/power_partial_wake_state( 4569): [5,*location*:android]
11-05 02:24:11.646 I/power_partial_wake_state( 4569): [13,*location*:android]
11-05 02:24:11.654 I/power_partial_wake_state( 4569): [12,PendingIntentClient:com.google.android.gms]
11-05 02:24:11.669 I/power_partial_wake_state( 4569): [81,NetworkLocationLocator:com.google.android.gms]
11-05 02:24:11.670 I/power_partial_wake_state( 4569): [12,CallbackRunner:com.google.android.gms]
11-05 02:24:11.674 I/power_partial_wake_state( 4569): [0,*location*:android]
11-05 02:24:11.675 I/power_partial_wake_state( 4569): [4,*location*:android]
11-05 02:24:11.675 I/power_partial_wake_state( 4569): [3,*location*:android]
11-05 02:24:11.676 I/power_partial_wake_state( 4569): [8,*location*:android]
11-05 02:24:11.811 I/power_partial_wake_state( 4569): [2,*telephony-radio*:com.android.phone]
11-05 02:24:11.832 I/power_partial_wake_state( 4569): [19,*telephony-radio*:com.android.phone]
11-05 02:24:11.834 I/power_partial_wake_state( 4569): [1,*telephony-radio*:com.android.phone]
11-05 02:34:12.147 I/power_partial_wake_state( 4569): [9,*alarm*:android]
11-05 02:34:12.149 I/power_partial_wake_state( 4569): [8,GmsAlarm:NetworkLocationScanner:com.google.android.gms]
11-05 02:34:12.154 I/power_partial_wake_state( 4569): [9,CallbackRunner:com.google.android.gms]
11-05 02:34:12.167 I/power_partial_wake_state( 4569): [4,*telephony-radio*:com.android.phone]
11-05 02:34:12.181 I/power_partial_wake_state( 4569): [13,*telephony-radio*:com.android.phone]
11-05 02:34:12.183 I/power_partial_wake_state( 4569): [1,*telephony-radio*:com.android.phone]
11-05 02:34:14.517 I/power_partial_wake_state( 4569): [2377,NetworkLocationScanner:com.google.android.gms]
11-05 02:34:14.528 I/power_partial_wake_state( 4569): [2,NetworkLocationPassiveCollector:com.google.android.gms]
11-05 02:34:14.584 I/power_partial_wake_state( 4569): [10,PendingIntentClient:com.google.android.gms]
11-05 02:34:14.595 I/power_partial_wake_state( 4569): [9,GCoreFlp:com.google.android.gms]
11-05 02:34:14.598 I/power_partial_wake_state( 4569): [9,PendingIntentClient:com.google.android.gms]
11-05 02:34:14.602 I/power_partial_wake_state( 4569): [5,*location*:android]
11-05 02:34:14.603 I/power_partial_wake_state( 4569): [2,*location*:android]
11-05 02:34:14.607 I/power_partial_wake_state( 4569): [6,*location*:android]
11-05 02:34:14.607 I/power_partial_wake_state( 4569): [8,*location*:android]
11-05 02:34:14.618 I/power_partial_wake_state( 4569): [14,PendingIntentClient:com.google.android.gms]
11-05 02:34:14.632 I/power_partial_wake_state( 4569): [6,*location*:android]
11-05 02:34:14.633 I/power_partial_wake_state( 4569): [5,*location*:android]
11-05 02:34:14.635 I/power_partial_wake_state( 4569): [9,*location*:android]
11-05 02:34:14.637 I/power_partial_wake_state( 4569): [7,*location*:android]
11-05 02:34:14.639 I/power_partial_wake_state( 4569): [104,NetworkLocationLocator:com.google.android.gms]
11-05 02:34:14.641 I/power_partial_wake_state( 4569): [20,CallbackRunner:com.google.android.gms]
11-05 02:41:35.529 I/am_pss  ( 4569): [26725,10155,com.google.android.googlequicksearchbox:search,148466688,136175616,618496,325070848,0,19,32]
11-05 02:44:15.162 I/power_partial_wake_state( 4569): [24,*alarm*:android]
11-05 02:44:15.163 I/power_partial_wake_state( 4569): [16,GmsAlarm:NetworkLocationScanner:com.google.android.gms]
11-05 02:44:15.165 I/power_partial_wake_state( 4569): [4,CallbackRunner:com.google.android.gms]
11-05 02:44:15.173 I/service_manager_slow( 4569): [14,alarm]
11-05 02:44:15.182 I/power_partial_wake_state( 4569): [1,*telephony-radio*:com.android.phone]
11-05 02:44:15.197 I/power_partial_wake_state( 4569): [16,*telephony-radio*:com.android.phone]
11-05 02:44:15.199 I/power_partial_wake_state( 4569): [1,*telephony-radio*:com.android.phone]
11-05 02:44:15.214 I/netstats_mobile_sample( 4569): [0,0,0,0,0,0,0,0,0,0,0,0,1762285454581]
11-05 02:44:15.214 I/netstats_wifi_sample( 4569): [257295125,541971,26213300,127249,257295125,541971,26213300,127249,148475862,206735,22421623,101237,1762285454581]
11-05 02:44:15.215 I/power_partial_wake_state( 4569): [58,NetworkStats:android]
11-05 02:44:15.222 I/power_partial_wake_state( 4569): [60,*alarm*:android]
11-05 02:44:15.263 I/power_partial_wake_state( 4569): [1,*telephony-radio*:com.android.phone]
11-05 02:44:15.272 I/power_partial_wake_state( 4569): [8,*telephony-radio*:com.android.phone]
11-05 02:44:15.275 I/power_partial_wake_state( 4569): [2,*telephony-radio*:com.android.phone]
11-05 02:44:16.991 I/power_partial_wake_state( 4569): [2,*telephony-radio*:com.android.phone]
11-05 02:44:17.005 I/power_partial_wake_state( 4569): [14,*telephony-radio*:com.android.phone]
11-05 02:44:17.007 I/power_partial_wake_state( 4569): [1,*telephony-radio*:com.android.phone]
11-05 02:44:17.664 I/power_partial_wake_state( 4569): [2513,NetworkLocationScanner:com.google.android.gms]
11-05 02:44:17.710 I/power_partial_wake_state( 4569): [10,PendingIntentClient:com.google.android.gms]
11-05 02:44:17.722 I/power_partial_wake_state( 4569): [9,GCoreFlp:com.google.android.gms]
11-05 02:44:17.732 I/power_partial_wake_state( 4569): [16,PendingIntentClient:com.google.android.gms]
11-05 02:44:17.738 I/power_partial_wake_state( 4569): [14,*location*:android]
11-05 02:44:17.739 I/power_partial_wake_state( 4569): [14,*location*:android]
11-05 02:44:17.741 I/power_partial_wake_state( 4569): [14,*location*:android]
11-05 02:44:17.742 I/power_partial_wake_state( 4569): [4,*location*:android]
11-05 02:44:17.750 I/power_partial_wake_state( 4569): [9,PendingIntentClient:com.google.android.gms]
11-05 02:44:17.762 I/power_partial_wake_state( 4569): [2,*location*:android]
11-05 02:44:17.763 I/power_partial_wake_state( 4569): [4,*location*:android]
11-05 02:44:17.763 I/power_partial_wake_state( 4569): [91,NetworkLocationLocator:com.google.android.gms]
11-05 02:44:17.764 I/power_partial_wake_state( 4569): [2,*location*:android]
11-05 02:44:17.764 I/power_partial_wake_state( 4569): [3,*location*:android]
11-05 02:44:17.765 I/power_partial_wake_state( 4569): [12,CallbackRunner:com.google.android.gms]
11-05 02:48:54.441 I/power_partial_wake_state( 4569): [10,GCM_READ:com.google.android.gms]
11-05 02:48:54.482 I/c2dm    (28578): [-1,,10,9]
11-05 02:48:54.483 I/power_partial_wake_state( 4569): [45,GCM_WORK:com.google.android.gms]
11-05 02:54:18.162 I/power_partial_wake_state( 4569): [13,*alarm*:android]
11-05 02:54:18.162 I/power_partial_wake_state( 4569): [11,GmsAlarm:NetworkLocationScanner:com.google.android.gms]
11-05 02:54:18.164 I/power_partial_wake_state( 4569): [5,CallbackRunner:com.google.android.gms]
11-05 02:54:18.166 I/power_partial_wake_state( 4569): [5,*alarm*:android]
11-05 02:54:18.176 I/power_partial_wake_state( 4569): [0,*telephony-radio*:com.android.phone]
11-05 02:54:18.189 I/power_partial_wake_state( 4569): [13,*telephony-radio*:com.android.phone]
11-05 02:54:18.190 I/am_pss  ( 4569): [29764,10215,com.samsung.android.sm.policy,7755776,4800512,667648,107470848,0,19,14]
11-05 02:54:18.191 I/power_partial_wake_state( 4569): [1,*telephony-radio*:com.android.phone]
11-05 02:54:18.206 I/power_partial_wake_state( 4569): [1,*telephony-radio*:com.android.phone]
11-05 02:54:18.212 I/power_partial_wake_state( 4569): [6,*telephony-radio*:com.android.phone]
11-05 02:54:18.214 I/power_partial_wake_state( 4569): [1,*telephony-radio*:com.android.phone]
11-05 02:54:20.027 I/power_partial_wake_state( 4569): [3,*telephony-radio*:com.android.phone]
11-05 02:54:20.040 I/power_partial_wake_state( 4569): [11,*telephony-radio*:com.android.phone]
11-05 02:54:20.043 I/power_partial_wake_state( 4569): [2,*telephony-radio*:com.android.phone]
11-05 02:54:20.686 I/power_partial_wake_state( 4569): [2534,NetworkLocationScanner:com.google.android.gms]
11-05 02:54:20.716 I/power_partial_wake_state( 4569): [10,PendingIntentClient:com.google.android.gms]
11-05 02:54:20.724 I/power_partial_wake_state( 4569): [7,PendingIntentClient:com.google.android.gms]
11-05 02:54:20.727 I/power_partial_wake_state( 4569): [11,GCoreFlp:com.google.android.gms]
11-05 02:54:20.733 I/power_partial_wake_state( 4569): [2,*location*:android]
11-05 02:54:20.736 I/power_partial_wake_state( 4569): [4,*location*:android]
11-05 02:54:20.737 I/power_partial_wake_state( 4569): [10,PendingIntentClient:com.google.android.gms]
11-05 02:54:20.739 I/power_partial_wake_state( 4569): [8,*location*:android]
11-05 02:54:20.740 I/power_partial_wake_state( 4569): [7,*location*:android]
11-05 02:54:20.746 I/power_partial_wake_state( 4569): [8,PendingIntentClient:com.google.android.gms]
11-05 02:54:20.756 I/power_partial_wake_state( 4569): [66,NetworkLocationLocator:com.google.android.gms]
11-05 02:54:20.757 I/power_partial_wake_state( 4569): [9,CallbackRunner:com.google.android.gms]
11-05 02:54:20.764 I/power_partial_wake_state( 4569): [2,*location*:android]
11-05 02:54:20.765 I/power_partial_wake_state( 4569): [2,*location*:android]
11-05 02:54:20.766 I/power_partial_wake_state( 4569): [4,*location*:android]
11-05 02:54:20.766 I/power_partial_wake_state( 4569): [3,*location*:android]
11-05 03:00:31.163 I/power_partial_wake_state( 4569): [3,*alarm*:android]
11-05 03:00:31.266 I/am_kill_bg_proc( 4569): [com.android.providers.userdictionary,0,29022]
11-05 03:00:31.268 I/am_uid_stopped( 4569): 10065
11-05 03:00:31.269 I/am_kill ( 4569): [0,19225,android.process.acore,850,kill background]
11-05 03:00:31.278 I/am_kill_bg_proc( 4569): [com.samsung.android.samsungpass,0,29022]
11-05 03:00:31.292 I/service_manager_slow( 4569): [13,application_policy]
11-05 03:00:31.292 I/service_manager_stats( 4569): [100,141,37123]
11-05 03:00:31.293 I/am_uid_stopped( 4569): 10124
11-05 03:00:31.294 I/am_kill ( 4569): [0,24721,com.samsung.android.samsungpass,800,kill background]
11-05 03:00:31.297 I/am_schedule_service_restart( 4569): [0,com.samsung.android.samsungpass/.passservice.PassService,1000,0,0]
11-05 03:00:31.307 I/am_kill_bg_proc( 4569): [com.samsung.android.app.smartcapture,0,29022]
11-05 03:00:31.308 I/am_uid_stopped( 4569): 10175
11-05 03:00:31.309 I/am_kill ( 4569): [0,29539,com.samsung.android.app.smartcapture:screenrecorder,935,kill background]
11-05 03:00:31.317 I/am_kill_bg_proc( 4569): [com.samsung.android.game.gamehome,0,29022]
11-05 03:00:31.322 I/am_uid_stopped( 4569): 10086
11-05 03:00:31.322 I/am_kill ( 4569): [0,28882,com.samsung.android.game.gamehome,965,kill background]
11-05 03:00:31.331 I/am_kill_bg_proc( 4569): [com.samsung.android.app.routines,0,29022]
11-05 03:00:31.333 I/am_kill ( 4569): [0,29369,com.samsung.android.app.routines,945,kill background]
