11-04 23:09:14.142 I/power_partial_wake_state( 4569): [129,*gms_scheduler*/com.google.android.gms/.pay.gcmtask.PayGcmTaskService:com.google.android.gms]
11-04 23:09:14.174 I/power_partial_wake_state( 4569): [3340,*job*/com.google.android.gm/androidx.work.impl.background.systemjob.SystemJobService:android]
11-04 23:09:14.226 I/power_partial_wake_state( 4569): [39,*gms_scheduler*/com.google.android.gms/.auth.account.be.accountstate.GcmTaskService:com.google.android.gms]
11-04 23:09:14.253 I/job_deferred_execution( 4569): 20947854
11-04 23:09:14.268 I/power_partial_wake_state( 4569): [3436,*job*/com.google.android.gm/androidx.work.impl.background.systemjob.SystemJobService:android]
11-04 23:09:14.296 I/am_proc_died( 4569): [0,27842,com.google.android.apps.maps:server_recovery_process,23,0,11,97,1365]
11-04 23:09:14.296 I/power_partial_wake_state( 4569): [44,*gms_scheduler*/com.google.android.gms/.auth.account.be.accountstate.GcmTaskService:com.google.android.gms]
11-04 23:09:14.296 I/am_broadcast_discard_app( 4569): [0,160937365,com.google.android.gms.phenotype.UPDATE,0,ResolveInfo{a784a7d com.google.android.apps.maps/com.google.android.apps.gmm.plugins.serverrecovery.PhenotypeServerRecoveryHandlerImpl m=0x108000}]
11-04 23:09:14.334 I/power_partial_wake_state( 4569): [13,*job*/com.android.vending/com.google.android.finsky.instantapps.metrics.LogFlushJob:android]
11-04 23:09:14.353 I/am_proc_start( 4569): [0,27908,10245,com.google.android.apps.maps:server_recovery_process,broadcast,{com.google.android.apps.maps/com.google.android.apps.gmm.plugins.serverrecovery.PhenotypeServerRecoveryHandlerImpl}]
11-04 23:09:14.371 I/power_partial_wake_state( 4569): [815,drre:SnetNormal:com.google.android.gms]
11-04 23:09:14.396 I/power_partial_wake_state( 4569): [71,*gms_scheduler*/com.google.android.gms/.semanticlocationhistory.db.OdlhPppCleanupJob:com.google.android.gms]
11-04 23:09:14.418 I/am_proc_bound( 4569): [0,27908,com.google.android.apps.maps:server_recovery_process]
11-04 23:09:14.469 I/power_partial_wake_state( 4569): [43,*gms_scheduler*/com.google.android.gms/.semanticlocationhistory.db.OdlhUserEditSyncJob:com.google.android.gms]
11-04 23:09:14.552 I/power_partial_wake_state( 4569): [54,*gms_scheduler*/com.google.android.gms/.gcm.HeartbeatAlarm$ConnectionInfoPersistService:com.google.android.gms]
11-04 23:09:14.572 I/power_partial_wake_state( 4569): [1307,*gms_scheduler*/com.google.android.gms/.phenotype.service.sync.PackageUpdateTaskService:com.google.android.gms]
11-04 23:09:14.578 I/power_partial_wake_state( 4569): [2,*gms_scheduler*:internal:com.google.android.gms]
11-04 23:09:14.636 I/service_manager_stats( 4891): [100,167,118928]
11-04 23:09:14.650 I/power_partial_wake_state( 4569): [71,*gms_scheduler*:internal:com.google.android.gms]
11-04 23:09:14.652 I/power_partial_wake_state( 4569): [74,*gms_scheduler*/com.google.android.gms/.auth.folsom.service.FolsomPublicKeyUpdateService:com.google.android.gms]
11-04 23:09:14.707 I/power_partial_wake_state( 4569): [33,*gms_scheduler*/com.google.android.gms/.smartdevice.logging.CleanBufferedLogsService:com.google.android.gms]
11-04 23:09:14.816 I/power_partial_wake_state( 4569): [119,*gms_scheduler*/com.google.android.gms/.significantplaces.service.SettingsLoggingService:com.google.android.gms]
11-04 23:09:14.834 I/power_partial_wake_state( 4569): [105,*gms_scheduler*/com.google.android.gms/.semanticlocationhistory.pulp.PulpMddMaintenanceService:com.google.android.gms]
11-04 23:09:14.851 I/dvm_lock_sample(27351): [com.google.android.youtube,0,yt-critical Thread #2,1440,PG,1,java.lang.Object bhre.d(),-,42,java.lang.Object bhre.d(),100]
11-04 23:09:14.853 I/dvm_lock_sample(27351): [com.google.android.youtube,0,yt-critical Thread #0,1442,PG,1,java.lang.Object bhre.d(),-,42,java.lang.Object bhre.d(),100]
11-04 23:09:14.877 I/register_audio_device_callback(27351): 27351
11-04 23:09:14.942 I/power_partial_wake_state( 4569): [42,*gms_scheduler*/com.google.android.gms/.semanticlocationhistory.pulp.PulpMddDownloadScheduleService:com.google.android.gms]
11-04 23:09:14.953 I/power_partial_wake_state( 4569): [308,*gms_scheduler*/com.google.android.gms/.scheduler.standalone.housekeeping.HousekeepingTrainTaskService:com.google.android.gms]
11-04 23:09:14.957 I/power_partial_wake_state( 4569): [2,*gms_scheduler*:internal:com.google.android.gms]
11-04 23:09:14.990 I/power_partial_wake_state( 4569): [31,*gms_scheduler*:internal:com.google.android.gms]
11-04 23:09:15.036 I/power_partial_wake_state( 4569): [3435,CollectionLib-SigCollector:com.google.android.gms]
11-04 23:09:15.055 I/power_partial_wake_state( 4569): [39,*gms_scheduler*/com.google.android.gms/.semanticlocationhistory.federated.BrellaInvocationService:com.google.android.gms]
11-04 23:09:15.063 I/power_partial_wake_state( 4569): [7,PendingIntentClient:com.google.android.gms]
11-04 23:09:15.073 I/power_partial_wake_state( 4569): [9,PendingIntentClient:com.google.android.gms]
11-04 23:09:15.079 I/am_proc_died( 4569): [0,27908,com.google.android.apps.maps:server_recovery_process,23,0,11,93,1371]
11-04 23:09:15.079 I/am_broadcast_discard_app( 4569): [0,141823748,com.google.android.gms.phenotype.UPDATE,0,ResolveInfo{ab9fe66 com.google.android.apps.maps/com.google.android.apps.gmm.plugins.serverrecovery.PhenotypeServerRecoveryHandlerImpl m=0x108000}]
11-04 23:09:15.095 I/power_partial_wake_state( 4569): [2,GCoreFlp:com.google.android.gms]
11-04 23:09:15.101 I/power_partial_wake_state( 4569): [49,CallbackRunner:com.google.android.gms]
11-04 23:09:15.116 I/power_partial_wake_state( 4569): [34,*gms_scheduler*/com.google.android.gms/.semanticlocationhistory.federated.BrellaInvocationService:com.google.android.gms]
11-04 23:09:15.136 I/am_uid_running( 4569): 10216
11-04 23:09:15.163 I/am_proc_start( 4569): [0,27953,10216,com.google.ar.core,broadcast,{com.google.ar.core/com.google.android.libraries.phenotype.client.stable.PhenotypeUpdateBackgroundBroadcastReceiver}]
11-04 23:09:15.172 I/power_partial_wake_state( 4569): [32,*gms_scheduler*/com.google.android.gms/.semanticlocationhistory.federated.BrellaInvocationService:com.google.android.gms]
11-04 23:09:15.234 I/am_proc_bound( 4569): [0,27953,com.google.ar.core]
11-04 23:09:15.236 I/power_partial_wake_state( 4569): [21,*gms_scheduler*/com.google.android.gms/.semanticlocationhistory.federated.BrellaInvocationService:com.google.android.gms]
11-04 23:09:15.284 I/power_partial_wake_state( 4569): [19,*gms_scheduler*/com.google.android.gms/.semanticlocationhistory.federated.BrellaInvocationService:com.google.android.gms]
11-04 23:09:15.293 I/power_partial_wake_state( 4569): [306,*gms_scheduler*/com.google.android.gms/.scheduler.standalone.housekeeping.HousekeepingTrainTaskService:com.google.android.gms]
11-04 23:09:15.302 I/power_partial_wake_state( 4569): [5,*gms_scheduler*:internal:com.google.android.gms]
11-04 23:09:15.341 I/power_partial_wake_state( 4569): [37,*gms_scheduler*:internal:com.google.android.gms]
11-04 23:09:15.420 I/power_partial_wake_state( 4569): [38,*gms_scheduler*/com.google.android.gms/.telephonyspam.sync.SpamListSyncTaskService:com.google.android.gms]
11-04 23:09:15.927 I/am_pss  ( 4569): [26579,10155,com.google.android.googlequicksearchbox:googleapp,76919808,46084096,545792,227495936,0,19,20]
11-04 23:09:15.956 I/power_partial_wake_state( 4569): [4393,*job*/com.google.android.gm/androidx.work.impl.background.systemjob.SystemJobService:android]
11-04 23:09:15.960 I/am_pss  ( 4569): [26781,10110,com.sec.spp.push:remoteRuna,9558016,5476352,569344,112865280,0,19,12]
11-04 23:09:15.975 I/am_kill ( 4569): [0,24629,com.samsung.android.mobileservice,999,empty #25]
11-04 23:09:16.045 I/am_pss  ( 4569): [26511,10110,com.sec.spp.push,16785408,10104832,603136,182992896,0,19,16]
11-04 23:09:16.128 I/am_proc_start( 4569): [0,27990,1000,com.samsung.android.bio.face.service,service,{com.samsung.android.bio.face.service/com.samsung.android.bio.face.service.FaceService}]
11-04 23:09:16.200 I/am_proc_bound( 4569): [0,27990,com.samsung.android.bio.face.service]
11-04 23:09:16.216 I/am_proc_died( 4569): [0,24629,com.samsung.android.mobileservice,23,999,19,88,1386]
11-04 23:09:16.217 I/am_uid_stopped( 4569): 10118
11-04 23:09:16.242 I/notification_cancel_all( 4569): [1000,4569,com.google.android.youtube,0,0,0,17,NULL]
11-04 23:09:16.260 I/commit_sys_config_file( 4569): [notification-policy,17]
11-04 23:09:16.334 I/notification_cancel_all( 4569): [1000,4569,com.google.android.youtube,0,0,0,17,NULL]
11-04 23:09:16.341 I/commit_sys_config_file( 4569): [notification-policy,8]
11-04 23:09:16.497 I/power_partial_wake_state( 4569): [5,*alarm*:android]
11-04 23:09:16.511 I/am_uid_running( 4569): 10089
11-04 23:09:16.560 I/am_proc_start( 4569): [0,28018,10089,com.google.android.apps.restore,broadcast,{com.google.android.apps.restore/com.google.android.libraries.phenotype.client.stable.PhenotypeUpdateBackgroundBroadcastReceiver}]
11-04 23:09:16.620 I/am_proc_bound( 4569): [0,28018,com.google.android.apps.restore]
11-04 23:09:16.751 I/service_manager_slow(27216): [67,android.security.keystore]
11-04 23:09:17.410 I/power_partial_wake_state( 4569): [26,CMWakeLock:com.google.android.gms]
11-04 23:09:17.418 I/power_partial_wake_state( 4569): [3,CMWakeLock:com.google.android.gms]
11-04 23:09:17.431 I/service_manager_slow(27216): [89,SurfaceFlinger]
11-04 23:09:17.487 I/power_partial_wake_state( 4569): [31,CMWakeLock:com.google.android.gms]
11-04 23:09:17.497 I/power_partial_wake_state( 4569): [2,CMWakeLock:com.google.android.gms]
11-04 23:09:17.528 I/power_partial_wake_state( 4569): [3,CMWakeLock:com.google.android.gms]
11-04 23:09:17.549 I/notification_cancel( 4569): [10094,9433,com.google.android.gms,1,phone-hub-connected-tag,0,0,1088,8,NULL]
11-04 23:09:17.591 I/power_partial_wake_state( 4569): [5,IntentOp:.stats.controlledevents.ControlledEventsPhenotypeUpdateOperation:com.google.android.gms]
11-04 23:09:17.606 I/power_partial_wake_state( 4569): [45,IntentOp:.common.appdoctor.AppDoctorConfigChangedIntentOperation:com.google.android.gms]
11-04 23:09:17.669 I/notification_cancel( 4569): [10094,19081,com.google.android.gms,1,com.google.android.gms.update.control.NotificationControl,0,0,1088,8,NULL]
11-04 23:09:17.764 I/power_partial_wake_state( 4569): [3001,AudioMix:audioserver]
11-04 23:09:17.767 I/power_partial_wake_state( 4569): [3003,AudioMix:audioserver]
11-04 23:09:17.775 I/am_kill ( 4569): [0,25794,com.google.android.setupwizard,999,empty #25]
11-04 23:09:17.780 I/power_partial_wake_state( 4569): [2707,PendingIntentClient:com.google.android.gms]
11-04 23:09:17.791 I/notification_cancel( 4569): [10094,19081,com.google.android.gms,1,NULL,0,0,1088,8,NULL]
11-04 23:09:17.795 I/power_partial_wake_state( 4569): [131,Icing:com.google.android.gms]
11-04 23:09:17.814 I/commit_sys_config_file( 4569): [notification-policy,12]
11-04 23:09:17.829 I/commit_sys_config_file( 4569): [notification-policy,14]
11-04 23:09:17.835 I/commit_sys_config_file( 4569): [notification-policy,6]
11-04 23:09:17.893 I/notification_cancel( 4569): [10094,9433,com.google.android.gms,3,NotificationPresenter,0,0,1088,8,NULL]
11-04 23:09:17.909 I/dvm_lock_sample( 9433): [com.google.android.gms.persisten,0,[com.google.android.gms.chimera.container.intentoperation.PersistentIntentOperationChimeraService-Executor] processing com.google.android.gms.auth.proximity.PhenotypeChangeListenerIntentOperation for action com.google.android.gms.phenotype.COMMITTED,404,:com.google.android.gms@254232022@25.42.32 (150400-820822052),33,void xif.run(),-,67,void xif.run(),80]
11-04 23:09:17.913 I/notification_cancel( 4569): [10094,9433,com.google.android.gms,3,NotificationPresenter,0,0,1088,8,NULL]
11-04 23:09:17.917 I/dvm_lock_sample( 9433): [com.google.android.gms.persisten,0,[com.google.android.gms.chimera.container.intentoperation.PersistentIntentOperationChimeraService-Executor] processing com.google.android.gms.common.config.PhenotypeUpdateOperation for action com.google.android.gms.phenotype.UPDATE,4728,:com.google.android.gms@254232022@25.42.32 (150400-820822052),33,void xif.run(),-,67,void xif.run(),100]
11-04 23:09:17.919 I/power_partial_wake_state( 4569): [2,CMWakeLock:com.google.android.gms]
11-04 23:09:17.926 I/power_partial_wake_state( 4569): [1,CMWakeLock:com.google.android.gms]
11-04 23:09:17.934 I/power_partial_wake_state( 4569): [2,IntentOp:.update.execution.InstallationIntentOperation:com.google.android.gms]
11-04 23:09:17.942 I/power_partial_wake_state( 4569): [2,CMWakeLock:com.google.android.gms]
11-04 23:09:17.946 I/power_partial_wake_state( 4569): [3,CMWakeLock:com.google.android.gms]
11-04 23:09:17.952 I/power_partial_wake_state( 4569): [5,CMWakeLock:com.google.android.gms]
11-04 23:09:17.953 I/power_partial_wake_state( 4569): [16,IntentOp:.auth.account.AuthInitIntentOperation:com.google.android.gms]
11-04 23:09:17.958 I/power_partial_wake_state( 4569): [1,CMWakeLock:com.google.android.gms]
11-04 23:09:17.971 I/power_partial_wake_state( 4569): [7,CMWakeLock:com.google.android.gms]
11-04 23:09:17.979 I/power_partial_wake_state( 4569): [2,CMWakeLock:com.google.android.gms]
11-04 23:09:17.987 I/power_partial_wake_state( 4569): [57,Icing:com.google.android.gms]
11-04 23:09:18.021 I/power_partial_wake_state( 4569): [3,CMWakeLock:com.google.android.gms]
11-04 23:09:18.032 I/power_partial_wake_state( 4569): [2,CMWakeLock:com.google.android.gms]
11-04 23:09:18.046 I/power_partial_wake_state( 4569): [4,CMWakeLock:com.google.android.gms]
11-04 23:09:18.064 I/am_proc_died( 4569): [0,25794,com.google.android.setupwizard,23,999,19,45,1430]
11-04 23:09:18.065 I/am_uid_stopped( 4569): 10251
11-04 23:09:18.070 I/power_partial_wake_state( 4569): [20,Icing:com.google.android.gms]
11-04 23:09:18.086 I/power_partial_wake_state( 4569): [1,UlrDispSvcFastWL:com.google.android.gms]
11-04 23:09:18.092 I/power_partial_wake_state( 4569): [14,*gms_scheduler*:internal:com.google.android.gms]
11-04 23:09:18.098 I/power_partial_wake_state( 4569): [2,CMWakeLock:com.google.android.gms]
11-04 23:09:18.105 I/power_partial_wake_state( 4569): [4,CMWakeLock:com.google.android.gms]
11-04 23:09:18.113 I/power_partial_wake_state( 4569): [2,CMWakeLock:com.google.android.gms]
11-04 23:09:18.113 I/power_partial_wake_state( 4569): [27,UlrDispSvcFastWL:com.google.android.gms]
11-04 23:09:18.126 I/power_partial_wake_state( 4569): [3,CMWakeLock:com.google.android.gms]
11-04 23:09:18.129 I/power_partial_wake_state( 4569): [3,UlrDispSvcFastWL:com.google.android.gms]
11-04 23:09:18.138 I/power_partial_wake_state( 4569): [11,CMWakeLock:com.google.android.gms]
11-04 23:09:18.139 I/power_partial_wake_state( 4569): [81,IntentOp:.auth.frp.FrpUpdateIntentOperation:com.google.android.gms]
11-04 23:09:18.144 I/power_partial_wake_state( 4569): [3,CMWakeLock:com.google.android.gms]
11-04 23:09:18.163 I/power_partial_wake_state( 4569): [15,CMWakeLock:com.google.android.gms]
11-04 23:09:18.167 I/power_partial_wake_state( 4569): [16,*gms_scheduler*:internal:com.google.android.gms]
11-04 23:09:18.183 I/am_proc_start( 4569): [0,28111,10228,com.android.chrome:privileged_process0,service,{com.android.chrome/org.chromium.content.app.PrivilegedProcessService0}]
11-04 23:09:18.202 I/am_uid_running( 4569): 90000
11-04 23:09:18.202 I/power_partial_wake_state( 4569): [22,CMWakeLock:com.google.android.gms]
11-04 23:09:18.227 I/power_partial_wake_state( 4569): [5,CMWakeLock:com.google.android.gms]
11-04 23:09:18.233 I/power_partial_wake_state( 4569): [4,CMWakeLock:com.google.android.gms]
11-04 23:09:18.241 I/power_partial_wake_state( 4569): [4,CMWakeLock:com.google.android.gms]
11-04 23:09:18.253 I/am_proc_bound( 4569): [0,28111,com.android.chrome:privileged_process0]
11-04 23:09:18.271 I/power_partial_wake_state( 4569): [6,CMWakeLock:com.google.android.gms]
11-04 23:09:18.307 I/dvm_lock_sample(27458): [com.google.android.gm,0,Primes-2,286,PG,5,aldq alcs.a(),-,212,aldq alcs.a(),57]
11-04 23:09:18.523 I/power_partial_wake_state( 4569): [2,CMWakeLock:com.google.android.gms]
11-04 23:09:18.552 I/am_proc_start( 4569): [0,28153,90000,com.android.chrome:sandboxed_process0:org.chromium.content.app.SandboxedProcessService0:0,,{com.android.chrome/org.chromium.content.app.SandboxedProcessService0:0}]
11-04 23:09:18.560 I/power_partial_wake_state( 4569): [3101,*gms_scheduler*/com.google.android.gms/.threadnetwork.credentials.firstparty.BorderRouterSyncBoundService:com.google.android.gms]
11-04 23:09:18.575 I/power_partial_wake_state( 4569): [3238,*gms_scheduler*/com.google.android.gms/.scheduler.standalone.housekeeping.HousekeepingTrainTaskService:com.google.android.gms]
11-04 23:09:18.591 I/power_partial_wake_state( 4569): [12,*gms_scheduler*:internal:com.google.android.gms]
11-04 23:09:18.628 I/am_proc_bound( 4569): [0,28153,com.android.chrome:sandboxed_process0:org.chromium.content.app.SandboxedProcessService0:0]
11-04 23:09:18.718 I/power_partial_wake_state( 4569): [125,*gms_scheduler*:internal:com.google.android.gms]
11-04 23:09:18.740 I/power_partial_wake_state( 4569): [22,*gms_scheduler*:internal:com.google.android.gms]
11-04 23:09:18.771 I/power_partial_wake_state( 4569): [5165,*job*/com.google.android.apps.tachyon/androidx.work.impl.background.systemjob.SystemJobService:android]
11-04 23:09:18.986 I/power_partial_wake_state( 4569): [309,*gms_scheduler*/com.google.android.gms/.pay.gcmtask.PayGcmTaskService:com.google.android.gms]
11-04 23:09:18.987 I/am_kill ( 4569): [0,21396,com.google.android.permissioncontroller,999,empty #25]
11-04 23:09:18.988 I/am_kill ( 4569): [0,26359,com.google.android.configupdater,999,empty #26]
11-04 23:09:19.002 I/power_partial_wake_state( 4569): [3,*gms_scheduler*:internal:com.google.android.gms]
11-04 23:09:19.038 I/power_partial_wake_state( 4569): [3,CMWakeLock:com.google.android.gms]
11-04 23:09:19.056 I/am_proc_died( 4569): [0,21396,com.google.android.permissioncontroller,23,999,19,48,1415]
11-04 23:09:19.057 I/am_uid_stopped( 4569): 10254
11-04 23:09:19.070 I/power_partial_wake_state( 4569): [65,*gms_scheduler*:internal:com.google.android.gms]
11-04 23:09:19.078 I/power_partial_wake_state( 4569): [288,*job*/android/com.android.server.pm.DynamicCodeLoggingService:android]
11-04 23:09:19.085 I/am_proc_died( 4569): [0,26359,com.google.android.configupdater,23,999,19,50,1414]
11-04 23:09:19.085 I/am_uid_stopped( 4569): 10070
11-04 23:09:19.108 I/am_uid_running( 4569): 10116
11-04 23:09:19.133 I/power_partial_wake_state( 4569): [83,*gms_scheduler*/com.google.android.gms/.tapandpay.gcmtask.TapAndPayGcmTaskService:com.google.android.gms]
11-04 23:09:19.141 I/am_proc_start( 4569): [0,28182,10116,com.samsung.android.scs,service,{com.samsung.android.scs/com.samsung.android.scs.ai.search.data.ObserverJobService}]
11-04 23:09:19.146 I/power_partial_wake_state( 4569): [2,*gms_scheduler*:internal:com.google.android.gms]
11-04 23:09:19.200 I/am_proc_bound( 4569): [0,28182,com.samsung.android.scs]
11-04 23:09:19.218 I/power_partial_wake_state( 4569): [70,*gms_scheduler*:internal:com.google.android.gms]
11-04 23:09:19.219 I/power_partial_wake_state( 4569): [4946,*job*/com.google.android.apps.tachyon/androidx.work.impl.background.systemjob.SystemJobService:android]
11-04 23:09:19.226 I/power_partial_wake_state( 4569): [2142,WorkManager:TikTokListenableWorker startWork -> com.google.apps.tiktok.sync.impl.workmanager.SyncWorker startWork() -> com.google.apps.tiktok.sync.impl.workmanager.SyncWorker startWork() -> NoAccountWorkerFactory startWork():com.google.android.apps.tachyon(disabled)]
11-04 23:09:19.226 I/power_partial_wake_state( 4569): [2032,WorkManager:TikTokListenableWorker startWork -> com.google.apps.tiktok.sync.impl.workmanager.SyncWorker startWork() -> com.google.apps.tiktok.sync.impl.workmanager.SyncWorker startWork() -> NoAccountWorkerFactory startWork():com.google.android.apps.tachyon(disabled)]
11-04 23:09:19.228 I/am_kill ( 4569): [0,25884,com.android.vending:background,999,empty #25]
11-04 23:09:19.351 I/power_partial_wake_state( 4569): [10,CMWakeLock:com.google.android.gms]
11-04 23:09:19.391 I/am_proc_died( 4569): [0,25884,com.android.vending:background,23,0,8,52,1416]
11-04 23:09:19.392 I/am_schedule_service_restart( 4569): [0,com.android.vending/com.google.android.finsky.scheduler.process.backgroundimpl.PhoneskyJobServiceBackground,1000,0,0]
11-04 23:09:19.439 I/power_partial_wake_state( 4569): [244,*gms_scheduler*/com.google.android.gms/.languageprofile.GcmTaskService:com.google.android.gms]
11-04 23:09:19.446 I/power_partial_wake_state( 4569): [4,*gms_scheduler*:internal:com.google.android.gms]
11-04 23:09:19.479 I/power_partial_wake_state( 4569): [27,*gms_scheduler*:internal:com.google.android.gms]
11-04 23:09:19.516 I/power_partial_wake_state( 4569): [40,Icing:com.google.android.gms]
11-04 23:09:19.586 I/service_manager_slow(27351): [51,appwidget]
11-04 23:09:19.723 I/power_partial_wake_state( 4569): [10308,*job*/com.samsung.android.networkdiagnostic/androidx.work.impl.background.systemjob.SystemJobService:android]
11-04 23:09:19.739 I/job_deferred_execution( 4569): 20947602
11-04 23:09:20.016 I/power_partial_wake_state( 4569): [126,*gms_scheduler*:internal:com.google.android.gms]
11-04 23:09:20.088 I/power_partial_wake_state( 4569): [120,*gms_scheduler*/com.google.android.gms/.pay.gcmtask.PayGcmTaskService:com.google.android.gms]
11-04 23:09:20.098 I/power_partial_wake_state( 4569): [6,*gms_scheduler*:internal:com.google.android.gms]
11-04 23:09:20.127 I/power_partial_wake_state( 4569): [26,*gms_scheduler*:internal:com.google.android.gms]
11-04 23:09:20.437 I/am_proc_start( 4569): [0,28273,10109,com.android.vending:background,service,{com.android.vending/com.google.android.finsky.scheduler.process.backgroundimpl.PhoneskyJobServiceBackground}]
11-04 23:09:20.439 I/commit_sys_config_file( 4569): [settings-0-0,24]
11-04 23:09:20.499 I/am_proc_bound( 4569): [0,28273,com.android.vending:background]
11-04 23:09:20.669 I/power_partial_wake_state( 4569): [1310,*job*/com.samsung.android.scs/.ai.search.data.ObserverJobService:android]
11-04 23:09:20.694 I/job_deferred_execution( 4569): 20948384
11-04 23:09:20.982 I/power_partial_wake_state( 4569): [1217,*job*/com.android.vending/com.google.android.finsky.scheduler.process.mainimpl.PhoneskyJobServiceMain:android]
11-04 23:09:21.018 I/job_deferred_execution( 4569): 17168809
11-04 23:09:21.163 I/power_partial_wake_state( 4569): [452,*job*/com.android.vending/com.google.android.finsky.instantapps.PhenotypeUpdateService:android]
11-04 23:09:21.387 I/power_partial_wake_state( 4569): [366,WorkManager:TikTokListenableWorker startWork -> com.google.apps.tiktok.sync.impl.workmanager.SyncWorker startWork() -> com.google.apps.tiktok.sync.impl.workmanager.SyncWorker startWork() -> NoAccountWorkerFactory startWork():com.google.android.apps.tachyon]
11-04 23:09:21.398 I/commit_sys_config_file( 4569): [jobs,8]
11-04 23:09:21.415 I/power_partial_wake_state( 4569): [2,*telephony-radio*:com.android.phone]
11-04 23:09:21.431 I/power_partial_wake_state( 4569): [15,*telephony-radio*:com.android.phone]
11-04 23:09:21.432 I/power_partial_wake_state( 4569): [0,*telephony-radio*:com.android.phone]
11-04 23:09:21.503 I/power_partial_wake_state( 4569): [305,*job*/com.sec.android.diagmonagent/.sa.scheduler.DiagnosticUploadJobService:android]
11-04 23:09:21.520 I/job_deferred_execution( 4569): 20945198
11-04 23:09:21.697 I/power_partial_wake_state( 4569): [135,*job*/com.android.vending/com.google.android.finsky.instantapps.dna.ArchivePrefetchService:android]
11-04 23:09:21.726 I/power_partial_wake_state( 4569): [1,CMWakeLock:com.google.android.gms]
11-04 23:09:21.737 I/am_uid_running( 4569): 10118
11-04 23:09:21.761 I/power_partial_wake_state( 4569): [542,*job*/com.android.vending/com.google.android.finsky.scheduler.process.backgroundimpl.PhoneskyJobServiceBackground:android]
11-04 23:09:21.772 I/job_deferred_execution( 4569): 20935788
11-04 23:09:21.791 I/am_proc_start( 4569): [0,28333,10118,com.samsung.android.mobileservice,service,{com.samsung.android.mobileservice/com.samsung.android.mobileservice.social.buddy.account.presentation.service.ContactObserverService}]
11-04 23:09:21.812 I/am_proc_bound( 4569): [0,28333,com.samsung.android.mobileservice]
11-04 23:09:21.844 I/power_partial_wake_state( 4569): [785,*job*/com.google.android.apps.tachyon/androidx.work.impl.background.systemjob.SystemJobService:android]
11-04 23:09:21.942 I/power_partial_wake_state( 4569): [7586,*job*/com.samsung.android.networkdiagnostic/androidx.work.impl.background.systemjob.SystemJobService:android]
11-04 23:09:21.963 I/am_kill ( 4569): [0,26216,com.samsung.android.dsms,999,empty #25]
11-04 23:09:22.069 I/am_proc_died( 4569): [0,26216,com.samsung.android.dsms,23,999,19,92,1369]
11-04 23:09:22.069 I/am_uid_stopped( 4569): 5029
11-04 23:09:22.175 I/power_partial_wake_state( 4569): [8,CMWakeLock:com.google.android.gms]
11-04 23:09:22.206 I/power_partial_wake_state( 4569): [246,*job*/android/com.android.server.pm.DynamicCodeLoggingService:android]
11-04 23:09:22.291 I/power_partial_wake_state( 4569): [0,*job*/com.samsung.android.mobileservice/.social.buddy.account.presentation.service.ContactObserverService:android]
11-04 23:09:22.347 I/power_partial_wake_state( 4569): [2,*alarm*:android]
11-04 23:09:22.350 I/power_partial_wake_state( 4569): [2,CMWakeLock:com.google.android.gms]
11-04 23:09:22.414 I/power_partial_wake_state( 4569): [162,*job*/com.samsung.android.scs/.ai.search.scheduling.jobservices.InitialIndexingService:android]
11-04 23:09:22.681 I/power_partial_wake_state( 4569): [373,*job*/com.android.vending/com.google.android.finsky.instantapps.PhenotypeUpdateService:android]
11-04 23:09:22.733 I/power_partial_wake_state( 4569): [17,*job*/com.samsung.android.mobileservice/.social.calendar.presentation.service.jobservice.MigrationJobService:android]
11-04 23:09:23.365 I/power_partial_wake_state( 4569): [2344,WorkManager:TikTokListenableWorker startWork -> com.google.apps.tiktok.sync.impl.workmanager.SyncWorker startWork() -> com.google.apps.tiktok.sync.impl.workmanager.SyncWorker startWork() -> NoAccountWorkerFactory startWork():com.google.android.apps.tachyon]
11-04 23:09:23.578 I/power_partial_wake_state( 4569): [1711,*job*/com.google.android.apps.tachyon/androidx.work.impl.background.systemjob.SystemJobService:android]
11-04 23:09:23.600 I/am_kill ( 4569): [0,26511,com.sec.spp.push,999,empty #25]
11-04 23:09:23.648 I/power_partial_wake_state( 4569): [1202,*job*/com.android.vending/com.google.android.finsky.scheduler.process.backgroundimpl.PhoneskyJobServiceBackground:android]
11-04 23:09:23.730 I/power_partial_wake_state( 4569): [574,*job*/com.android.vending/com.google.android.finsky.scheduler.process.backgroundimpl.PhoneskyJobServiceBackground:android]
11-04 23:09:23.742 I/power_partial_wake_state( 4569): [99,*gms_scheduler*:internal:com.google.android.gms]
11-04 23:09:23.803 I/power_partial_wake_state( 4569): [95,*gms_scheduler*/com.google.android.gms/.pay.gcmtask.PayGcmTaskService:com.google.android.gms]
11-04 23:09:23.810 I/power_partial_wake_state( 4569): [5,*gms_scheduler*:internal:com.google.android.gms]
11-04 23:09:23.834 I/power_partial_wake_state( 4569): [21,*gms_scheduler*:internal:com.google.android.gms]
11-04 23:09:23.836 I/power_partial_wake_state( 4569): [217,*job*/com.android.vending/com.google.android.finsky.scheduler.process.backgroundimpl.PhoneskyJobServiceBackground:android]
11-04 23:09:23.852 I/am_kill ( 4569): [0,26781,com.sec.spp.push:remoteRuna,999,empty #25]
11-04 23:09:24.140 I/am_proc_died( 4569): [0,26511,com.sec.spp.push,23,999,19,89,1360]
11-04 23:09:24.228 I/am_proc_died( 4569): [0,26781,com.sec.spp.push:remoteRuna,23,999,19,87,1361]
11-04 23:09:24.229 I/am_uid_stopped( 4569): 10110
11-04 23:09:24.487 I/commit_sys_config_file( 4569): [jobs,8]
11-04 23:09:25.522 I/am_proc_start( 4569): [0,28456,10109,com.android.vending:quick_launch,service,{com.android.vending/com.google.frameworks.client.data.android.server.play.QuickLaunchProcessEndpointService}]
11-04 23:09:25.579 I/am_proc_bound( 4569): [0,28456,com.android.vending:quick_launch]
11-04 23:09:26.767 I/service_manager_stats( 4569): [100,111,21844]
11-04 23:09:28.438 I/power_partial_wake_state( 4569): [12412,*job*/com.samsung.android.dqagent/.scheduler.service.UploadJobService:android]
11-04 23:09:28.483 I/am_kill ( 4569): [0,26324,com.samsung.android.app.aodservice:provider,999,empty #25]
11-04 23:09:28.610 I/am_proc_died( 4569): [0,26324,com.samsung.android.app.aodservice:provider,23,999,19,90,1347]
11-04 23:09:29.373 I/power_partial_wake_state( 4569): [14505,*gms_scheduler*/com.google.android.gms/.droidguard.DroidGuardFastRefreshGmsTaskBoundService:com.google.android.gms]
11-04 23:09:29.404 I/am_kill ( 4569): [0,27104,com.samsung.android.game.gos,999,empty #25]
11-04 23:09:29.507 I/power_partial_wake_state( 4569): [71,*gms_scheduler*/com.google.android.gms/.security.safebrowsing.SafeBrowsingUpdateTaskService:com.google.android.gms]
11-04 23:09:29.549 I/am_proc_died( 4569): [0,27104,com.samsung.android.game.gos,23,999,19,103,1349]
11-04 23:09:29.550 I/am_uid_stopped( 4569): 10084
11-04 23:09:29.647 I/power_partial_wake_state( 4569): [82,*gms_scheduler*/com.google.android.gms/.semanticlocationhistory.settings.SettingsSyncService:com.google.android.gms]
11-04 23:09:29.725 I/power_partial_wake_state( 4569): [19,*gms_scheduler*/com.google.android.gms/.significantplaces.service.StalePlacesCleaningService:com.google.android.gms]
11-04 23:09:29.892 I/power_partial_wake_state( 4569): [113,*gms_scheduler*/com.google.android.gms/.backup.settings.notifications.BackupNotificationsTask:com.google.android.gms]
11-04 23:09:30.012 I/power_partial_wake_state( 4569): [54,*gms_scheduler*/com.google.android.gms/.semanticlocationhistory.reinference.ReinferenceService:com.google.android.gms]
11-04 23:09:30.084 I/power_partial_wake_state( 4569): [31,*gms_scheduler*/com.google.android.gms/.location.density.PopulationDensityMddDownloadScheduleService:com.google.android.gms]
11-04 23:09:30.167 I/power_partial_wake_state( 4569): [42,*gms_scheduler*/com.google.android.gms/.semanticlocationhistory.settings.LocationHistoryActiveProcessingService:com.google.android.gms]
11-04 23:09:30.276 I/am_proc_start( 4569): [0,28542,10094,com.google.process.gapps,content provider,{com.google.android.gsf/com.google.android.gsf.settings.GoogleSettingsProvider}]
11-04 23:09:30.314 I/am_proc_bound( 4569): [0,28542,com.google.process.gapps]
11-04 23:09:30.438 I/power_partial_wake_state( 4569): [227,*gms_scheduler*/com.google.android.gms/.semanticlocationhistory.deidentifieddata.wifi.WifiPlaceVisitProcessingService:com.google.android.gms]
11-04 23:09:30.519 I/power_partial_wake_state( 4569): [26,*gms_scheduler*/com.google.android.gms/.semanticlocationhistory.deidentifieddata.historicalbusyness.TransientHistoricalBusynessProcessingService:com.google.android.gms]
11-04 23:09:30.529 I/power_partial_wake_state( 4569): [16799,*gms_scheduler*/com.google.android.gms/.scheduler.standalone.housekeeping.HousekeepingTrainTaskService:com.google.android.gms]
11-04 23:09:30.684 I/am_proc_died( 4569): [0,9433,com.google.android.gms.persistent,23,0,5,151,1358]
11-04 23:09:30.702 I/am_schedule_service_restart( 4569): [0,com.google.android.gms/.personalsafety.service.PersonalSafetyService,1000,0,0]
11-04 23:09:30.702 I/am_schedule_service_restart( 4569): [0,com.google.android.gms/.crisisalerts.init.CrisisAlertsPersistentService,11000,1,0]
11-04 23:09:30.703 I/am_schedule_service_restart( 4569): [0,com.google.android.gms/com.google.android.location.network.NetworkLocationService,20999,1,0]
11-04 23:09:30.703 I/am_schedule_service_restart( 4569): [0,com.google.android.gms/.stats.eastworld.EastworldService,30998,1,0]
11-04 23:09:30.704 I/am_schedule_service_restart( 4569): [0,com.google.android.gms/.nearby.sharing.ReceiveSurfaceService,40998,1,0]
11-04 23:09:30.704 I/am_schedule_service_restart( 4569): [0,com.google.android.gms/.chimera.PersistentApiServiceNoInstantApps,50997,1,0]
11-04 23:09:30.705 I/am_schedule_service_restart( 4569): [0,com.google.android.gms/.thunderbird.EmergencyPersistentService,60997,1,0]
11-04 23:09:30.705 I/am_schedule_service_restart( 4569): [0,com.google.android.gms/com.google.android.location.internal.server.HardwareArProviderService,70997,1,0]
11-04 23:09:30.705 I/am_schedule_service_restart( 4569): [0,com.google.android.gms/.chimera.PersistentBoundBrokerService,80996,1,0]
11-04 23:09:30.706 I/am_schedule_service_restart( 4569): [0,com.google.android.gms/com.google.android.location.fused.FusedLocationService,90996,1,0]
11-04 23:09:30.706 I/am_schedule_service_restart( 4569): [0,com.google.android.gms/.chimera.PersistentIntentOperationService,100996,1,0]
11-04 23:09:30.707 I/am_schedule_service_restart( 4569): [0,com.google.android.gms/.auth.setup.devicesignals.LockScreenService,110996,1,0]
11-04 23:09:30.707 I/am_schedule_service_restart( 4569): [0,com.google.android.gms/.location.persistent.LocationPersistentService,120996,1,0]
11-04 23:09:30.707 I/am_schedule_service_restart( 4569): [0,com.google.android.gms/.gcm.GcmService,130995,1,0]
11-04 23:09:30.708 I/am_schedule_service_restart( 4569): [0,com.google.android.gms/.nearby.sharing.SendSurfaceService,140995,1,0]
11-04 23:09:30.708 I/am_schedule_service_restart( 4569): [0,com.google.android.gms/.location.geocode.GeocodeService,150995,1,0]
11-04 23:09:30.708 I/am_schedule_service_restart( 4569): [0,com.google.android.gms/.dtdi.lifecycle.LifecycleService,160994,1,0]
11-04 23:09:30.709 I/am_schedule_service_restart( 4569): [0,com.google.android.gms/com.google.android.location.internal.server.GoogleLocationService,170994,1,0]
11-04 23:09:30.709 I/am_schedule_service_restart( 4569): [0,com.google.android.gms/com.google.android.location.reporting.service.ReportingAndroidService,180993,1,0]
11-04 23:09:30.709 I/am_schedule_service_restart( 4569): [0,com.google.android.gms/.play.integrity.api.service.IntegrityApiPersistentService,190993,1,0]
11-04 23:09:30.710 I/am_schedule_service_restart( 4569): [0,com.google.android.gms/.gcm.nts.SchedulerService,200993,1,0]
11-04 23:09:30.710 I/am_schedule_service_restart( 4569): [0,com.google.android.gms/com.google.android.location.internal.GoogleLocationManagerService,210992,1,0]
11-04 23:09:30.711 I/am_schedule_service_restart( 4569): [0,com.google.android.gms/.fido.authenticator.service.AuthenticatorService,220992,1,0]
11-04 23:09:30.711 I/am_schedule_service_restart( 4569): [0,com.google.android.gms/.personalsafety.service.SndDetectionService,230991,1,0]
11-04 23:09:30.711 I/am_schedule_service_restart( 4569): [0,com.google.android.gms/.instantapps.service.InstantAppsService,240991,1,0]
11-04 23:09:30.712 I/am_schedule_service_restart( 4569): [0,com.google.android.gms/com.google.android.contextmanager.service.ContextManagerService,250991,1,0]
11-04 23:09:30.712 I/am_schedule_service_restart( 4569): [0,com.google.android.gms/.nearby.presence.service.LifeCycleService,260990,1,0]
11-04 23:09:30.712 I/am_schedule_service_restart( 4569): [0,com.google.android.gms/.chimera.PersistentApiService,270990,1,0]
11-04 23:09:30.713 I/am_schedule_service_restart( 4569): [0,com.google.android.gms/.chimera.PersistentDirectBootAwareApiService,280990,1,0]
11-04 23:09:30.713 I/am_schedule_service_restart( 4569): [0,com.google.android.gms/.common.stats.GmsCoreStatsService,290990,1,0]
11-04 23:09:30.732 I/am_unschedule_service_restart( 4569): [0,com.google.android.gms/.chimera.PersistentBoundBrokerService,0,bind service]
11-04 23:09:30.755 I/am_proc_start( 4569): [0,28578,10094,com.google.android.gms.persistent,service,{com.google.android.gms/com.google.android.gms.chimera.PersistentBoundBrokerService}]
11-04 23:09:30.806 I/am_proc_bound( 4569): [0,28578,com.google.android.gms.persistent]
11-04 23:09:30.948 I/commit_sys_config_file( 4569): [settings-2-0,11]
11-04 23:09:31.261 I/commit_sys_config_file( 4569): [notification-policy,18]
11-04 23:09:31.350 I/notification_cancel( 4569): [10094,28578,com.google.android.gms,3,nearby_sharing,0,0,1088,8,NULL]
11-04 23:09:31.352 I/notification_cancel( 4569): [10094,28578,com.google.android.gms,3,nearby_sharing,0,0,1088,8,NULL]
11-04 23:09:31.359 I/notification_cancel( 4569): [10094,28578,com.google.android.gms,3,nearby_sharing,0,0,1088,8,NULL]
11-04 23:09:31.360 I/notification_cancel( 4569): [10094,28578,com.google.android.gms,3,nearby_sharing,0,0,1088,8,NULL]
11-04 23:09:31.401 I/notification_cancel( 4569): [10094,28578,com.google.android.gms,3,nearby_sharing,0,0,1088,8,NULL]
11-04 23:09:31.402 I/notification_cancel( 4569): [10094,28578,com.google.android.gms,3,nearby_sharing,0,0,1088,8,NULL]
11-04 23:09:31.433 I/commit_sys_config_file( 4569): [settings-2-0,26]
11-04 23:09:31.435 I/power_partial_wake_state( 4569): [17,GOOGLE_C2DM:com.google.android.gms]
11-04 23:09:31.457 I/power_partial_wake_state( 4569): [7,GCM_WORK:com.google.android.gms]
11-04 23:09:31.469 I/notification_cancel( 4569): [10094,28578,com.google.android.gms,3,nearby_sharing,0,0,1088,8,NULL]
11-04 23:09:31.472 I/notification_cancel( 4569): [10094,28578,com.google.android.gms,3,nearby_sharing,0,0,1088,8,NULL]
11-04 23:09:31.719 I/power_partial_wake_state( 4569): [28,GCM_WORK:com.google.android.gms]
11-04 23:09:31.724 I/c2dm    (28578): [-2,,1,1]
11-04 23:09:31.724 I/power_partial_wake_state( 4569): [4,GCM_WORK:com.google.android.gms]
11-04 23:09:31.754 I/power_partial_wake_state( 4569): [138,CallbackRunner:com.google.android.gms]
11-04 23:09:31.761 I/power_partial_wake_state( 4569): [4,NetworkLocationLocator:com.google.android.gms]
11-04 23:09:31.764 I/power_partial_wake_state( 4569): [1,CallbackRunner:com.google.android.gms]
11-04 23:09:31.793 I/power_partial_wake_state( 4569): [6,GCM_READ:com.google.android.gms]
11-04 23:09:31.800 I/power_partial_wake_state( 4569): [97,CMWakeLock:com.google.android.gms]
11-04 23:09:31.802 I/power_partial_wake_state( 4569): [8,GCM_READ:com.google.android.gms]
11-04 23:09:31.804 I/gtalk_heartbeat_reset(28578): [67336,[2404:6800:4008:c01::bc]:5228]
11-04 23:09:31.805 I/power_partial_wake_state( 4569): [357,GCM_CONN_ALARM:com.google.android.gms]
11-04 23:09:31.810 I/gtalk_connection(28578): 0
11-04 23:09:31.835 I/power_partial_wake_state( 4569): [43,GCM_WORK:com.google.android.gms]
11-04 23:09:31.880 I/power_partial_wake_state( 4569): [22,CallbackRunner:com.google.android.gms]
11-04 23:09:31.891 I/power_partial_wake_state( 4569): [3,CallbackRunner:com.google.android.gms]
11-04 23:09:31.898 I/power_partial_wake_state( 4569): [1,CallbackRunner:com.google.android.gms]
11-04 23:09:31.903 I/power_partial_wake_state( 4569): [2,NetworkLocationLocator:com.google.android.gms]
11-04 23:09:31.911 I/power_partial_wake_state( 4569): [1,CallbackRunner:com.google.android.gms]
11-04 23:09:31.922 I/power_partial_wake_state( 4569): [9,CallbackRunner:com.google.android.gms]
11-04 23:09:31.954 I/power_partial_wake_state( 4569): [30,IntentOp:.common.broadcast.BackgroundBroadcastReceiverSupport$PersistentReceiverIntentOperation:com.google.android.gms]
11-04 23:09:31.963 I/power_partial_wake_state( 4569): [3,*telephony-radio*:com.android.phone]
11-04 23:09:31.967 I/power_partial_wake_state( 4569): [39,IntentOp:.common.broadcast.BackgroundBroadcastReceiverSupport$PersistentReceiverIntentOperation:com.google.android.gms]
11-04 23:09:31.970 I/power_partial_wake_state( 4569): [11,CMWakeLock:com.google.android.gms]
11-04 23:09:31.979 I/power_partial_wake_state( 4569): [4,CallbackRunner:com.google.android.gms]
11-04 23:09:31.983 I/power_partial_wake_state( 4569): [19,*telephony-radio*:com.android.phone]
11-04 23:09:31.984 I/power_partial_wake_state( 4569): [1,*telephony-radio*:com.android.phone]
11-04 23:09:32.088 I/power_partial_wake_state( 4569): [1,UlrDispSvcFastWL:com.google.android.gms]
11-04 23:09:32.121 I/power_partial_wake_state( 4569): [32,UlrDispSvcFastWL:com.google.android.gms]
11-04 23:09:32.138 I/power_partial_wake_state( 4569): [11,UlrDispSvcFastWL:com.google.android.gms]
11-04 23:09:32.149 I/power_partial_wake_state( 4569): [3,UlrDispSvcFastWL:com.google.android.gms]
11-04 23:09:34.437 I/power_partial_wake_state( 4569): [2525,NetworkLocationScanner:com.google.android.gms]
11-04 23:09:34.572 I/power_partial_wake_state( 4569): [23,PendingIntentClient:com.google.android.gms]
11-04 23:09:34.580 I/power_partial_wake_state( 4569): [5,PendingIntentClient:com.google.android.gms]
11-04 23:09:34.589 I/power_partial_wake_state( 4569): [7,PendingIntentClient:com.google.android.gms]
11-04 23:09:34.600 I/power_partial_wake_state( 4569): [149,NetworkLocationLocator:com.google.android.gms]
11-04 23:09:34.602 I/power_partial_wake_state( 4569): [11,CallbackRunner:com.google.android.gms]
11-04 23:09:34.603 I/power_partial_wake_state( 4569): [7,*location*:android]
11-04 23:09:34.603 I/power_partial_wake_state( 4569): [4,*location*:android]
11-04 23:09:34.604 I/power_partial_wake_state( 4569): [6,*location*:android]
11-04 23:09:34.606 I/power_partial_wake_state( 4569): [27,GCoreFlp:com.google.android.gms]
11-04 23:09:34.609 I/power_partial_wake_state( 4569): [4,*location*:android]
11-04 23:09:34.610 I/power_partial_wake_state( 4569): [3,*location*:android]
11-04 23:09:34.610 I/power_partial_wake_state( 4569): [2,*location*:android]
11-04 23:09:34.611 I/power_partial_wake_state( 4569): [9,*location*:android]
11-04 23:09:36.466 I/power_partial_wake_state( 4569): [30169,deviceidle_maint:android]
11-04 23:09:37.367 I/power_partial_wake_state( 4569): [15578,*job*/com.android.vending/com.google.android.finsky.scheduler.process.mainimpl.PhoneskyJobServiceMain:android]
11-04 23:09:37.405 I/am_kill ( 4569): [0,27556,com.google.android.projection.gearhead:car,975,empty #25]
11-04 23:09:37.405 I/am_kill ( 4569): [0,27295,com.samsung.android.themestore,975,empty #26]
11-04 23:09:37.405 I/am_kill ( 4569): [0,27112,com.samsung.android.game.gamehome,999,empty #27]
11-04 23:09:37.511 I/am_proc_died( 4569): [0,27112,com.samsung.android.game.gamehome,23,999,19,109,1391]
11-04 23:09:37.512 I/am_uid_stopped( 4569): 10086
11-04 23:09:37.550 I/am_proc_died( 4569): [0,27556,com.google.android.projection.gearhead:car,23,975,19,112,1391]
11-04 23:09:37.551 I/am_schedule_service_restart( 4569): [0,com.google.android.projection.gearhead/com.google.android.apps.auto.carservice.service.impl.GearheadCarStartupService,1000,0,0]
11-04 23:09:37.552 I/am_uid_stopped( 4569): 10058
11-04 23:09:37.562 I/am_unschedule_service_restart( 4569): [0,com.google.android.projection.gearhead/com.google.android.apps.auto.carservice.service.impl.GearheadCarStartupService,0,bring down]
11-04 23:09:37.573 I/am_uid_running( 4569): 10058
11-04 23:09:37.596 I/am_proc_start( 4569): [0,28714,10058,com.google.android.projection.gearhead:car,service,{com.google.android.projection.gearhead/com.google.android.apps.auto.carservice.service.impl.GearheadCarStartupService}]
11-04 23:09:37.616 I/am_proc_died( 4569): [0,27295,com.samsung.android.themestore,23,975,19,113,1391]
11-04 23:09:37.618 I/am_uid_stopped( 4569): 10148
11-04 23:09:37.643 I/am_proc_bound( 4569): [0,28714,com.google.android.projection.gearhead:car]
11-04 23:09:37.866 I/power_partial_wake_state( 4569): [10,GCM_WORK:com.google.android.gms]
11-04 23:09:37.871 I/power_partial_wake_state( 4569): [21,*alarm*:android]
11-04 23:09:38.162 I/notification_cancel( 4569): [10109,25851,com.android.vending,-234430262,NULL,0,0,1088,8,NULL]
11-04 23:09:38.296 I/am_kill ( 4569): [0,27394,com.facebook.system,999,empty #25]
11-04 23:09:38.353 I/am_proc_died( 4569): [0,27394,com.facebook.system,23,999,19,83,1396]
11-04 23:09:38.354 I/am_uid_stopped( 4569): 10080
11-04 23:09:38.967 I/content_query_sample(19225): contents_sample_state: [CONTACT contacts(3) data(6) accounts({vnd.sec.contact.sim (2)=3}) accounts deleted({}) in_trash(in_trash(0), in_trash_for_sync(0)) calls([]) countryIso(VN) userId(0)  ]
11-04 23:09:38.967 I/content_query_sample(19225): contents_sample_state: [ agr({[2]=3})  ]
11-04 23:09:38.967 I/content_query_sample(19225): contents_sample_state: [ actCnt({com.samsung.android.scs(28182)=7, com.android.bluetooth(4913)=2, android.process.acore(19225)=1, com.samsung.android.mcfserver(5668)=1, com.google.android.gms(19081)=12, com.sec.imsservice(5297)=3})  ]
11-04 23:09:38.967 I/content_query_sample(19225): contents_sample_state: [PROFILE contacts(0) data(0) accounts({})  ] [SAPROFILE contacts(0) data(0) accounts({})  ]
11-04 23:09:38.967 I/content_query_sample(19225): contents_sample_state: [STORAGE Contacts(CE) Profile(CE) SAProfile(CE) CallLog(CE)  ]
11-04 23:09:39.932 I/am_uid_active( 4569): 10109
11-04 23:09:41.653 I/netstats_mobile_sample( 4569): [0,0,0,0,0,0,0,0,0,0,0,0,1762272581020]
11-04 23:09:41.654 I/netstats_wifi_sample( 4569): [254084873,538920,25793236,125365,254084873,538920,25793236,125365,145285422,203976,22156957,99948,1762272581020]
11-04 23:09:41.654 I/power_partial_wake_state( 4569): [109,NetworkStats:android]
11-04 23:09:41.770 I/dvm_lock_sample(19081): [com.google.android.gms,0,lowpool[8],1129,:com.google.android.gms@254232022@25.42.32 (150400-820822052),1,void awgq.d(long),-,74,void awgq.d(long),100]
11-04 23:09:42.524 I/dvm_lock_sample(19081): [com.google.android.gms,1,lowpool[7],1527,:com.google.android.gms@254232022@25.42.32 (150400-820822052),1,void awgq.d(long),,0,null,100]
11-04 23:09:46.303 I/dvm_lock_sample(19081): [com.google.android.gms,1,lowpool[3],4299,:com.google.android.gms@254232022@25.42.32 (150400-820822052),1,void awgq.d(long),,0,null,100]
11-04 23:09:46.795 I/am_pss  ( 4569): [27990,1000,com.samsung.android.bio.face.service,8864768,5922816,598016,117420032,0,10,12]
11-04 23:09:46.998 I/dvm_lock_sample(19081): [com.google.android.gms,0,lowpool[8],4254,:com.google.android.gms@254232022@25.42.32 (150400-820822052),1,void awgq.d(long),,0,null,100]
11-04 23:09:47.575 I/netstats_mobile_sample( 4569): [0,0,0,0,0,0,0,0,0,0,0,0,1762272586942]
11-04 23:09:47.575 I/netstats_wifi_sample( 4569): [256176460,540601,25840406,125722,256176460,540601,25840406,125722,147376793,205654,22202625,100302,1762272586942]
11-04 23:09:47.576 I/power_partial_wake_state( 4569): [60,NetworkStats:android]
11-04 23:09:47.771 I/dvm_lock_sample(19081): [com.google.android.gms,1,lowpool[7],1236,:com.google.android.gms@254232022@25.42.32 (150400-820822052),1,void awgq.d(long),,0,null,100]
11-04 23:09:48.595 I/dvm_lock_sample(19081): [com.google.android.gms,1,lowpool[3],1379,:com.google.android.gms@254232022@25.42.32 (150400-820822052),1,void awgq.d(long),,0,null,100]
11-04 23:09:49.072 I/dvm_lock_sample(19081): [com.google.android.gms,0,lowpool[8],685,:com.google.android.gms@254232022@25.42.32 (150400-820822052),1,void awgq.d(long),-,74,void awgq.d(long),100]
11-04 23:09:50.201 I/power_partial_wake_state( 4569): [10047,IntentOp:.chimera.container.zapp.WaitDownloadCompleteOperation:com.google.android.gms]
11-04 23:09:50.308 I/notification_cancel( 4569): [10109,25851,com.android.vending,-234430262,NULL,0,0,1088,8,NULL]
11-04 23:09:51.839 I/am_meminfo( 4569): [498106368,86081536,266551296,414838784,538331136]
11-04 23:09:51.920 I/am_pss  ( 4569): [5508,10149,com.sec.android.app.launcher,130649088,49175552,78880768,149662720,2,5,16]
11-04 23:09:51.935 I/am_pss  ( 4569): [7007,10223,com.samsung.android.app.spage,49259520,10140672,37711872,62647296,2,5,11]
11-04 23:09:51.951 I/am_pss  ( 4569): [22961,10259,com.topjohnwu.magisk,34778112,3686400,29234176,62599168,2,8,12]
11-04 23:09:51.987 I/am_pss  ( 4569): [28578,10094,com.google.android.gms.persistent,160463872,114757632,527360,413114368,2,5,33]
11-04 23:09:52.031 I/am_pss  ( 4569): [19081,10094,com.google.android.gms,216916992,142733312,10360832,483561472,2,5,42]
11-04 23:09:52.057 I/am_pss  ( 4569): [25851,10109,com.android.vending,100477952,59049984,18036736,252061696,2,19,23]
11-04 23:09:52.077 I/am_pss  ( 4569): [28456,10109,com.android.vending:quick_launch,47028224,30932992,555008,195944448,2,19,17]
11-04 23:09:52.100 I/am_pss  ( 4569): [28273,10109,com.android.vending:background,63749120,40886272,542720,225370112,2,19,19]
11-04 23:09:52.122 I/am_pss  ( 4569): [28714,10058,com.google.android.projection.gearhead:car,51913728,46592000,580608,213962752,2,19,18]
11-04 23:09:52.137 I/am_pss  ( 4569): [28542,10094,com.google.process.gapps,9072640,5312512,593920,118439936,2,15,12]
11-04 23:09:52.153 I/am_pss  ( 4569): [18666,10094,com.google.process.gservices,10743808,3174400,4440064,119398400,2,15,13]
11-04 23:09:52.179 I/am_pss  ( 4569): [27216,10094,com.google.android.gms.unstable,59127808,28612608,6290432,280184832,2,19,24]
11-04 23:09:52.195 I/am_pss  ( 4569): [26849,1000,com.samsung.android.dqagent,14334976,9580544,1617920,134492160,2,19,14]
11-04 23:09:52.225 I/am_pss  ( 4569): [27733,10162,com.google.android.apps.tachyon,107514880,90886144,579584,317800448,2,19,25]
11-04 23:09:52.243 I/am_pss  ( 4569): [28333,10118,com.samsung.android.mobileservice,40658944,36626432,565248,162275328,2,19,15]
11-04 23:09:52.261 I/am_pss  ( 4569): [24763,10109,com.android.vending:instant_app_installer,39043072,18350080,10561536,167493632,2,19,16]
11-04 23:09:52.278 I/am_pss  ( 4569): [19225,10065,android.process.acore,25600000,9179136,13797376,123658240,2,19,14]
11-04 23:09:52.295 I/am_pss  ( 4569): [28182,10116,com.samsung.android.scs,26959872,23183360,576512,145444864,2,19,15]
11-04 23:09:52.312 I/am_pss  ( 4569): [24796,5023,com.samsung.android.networkdiagnostic,24938496,18030592,3871744,143679488,2,19,14]
11-04 23:09:52.331 I/am_pss  ( 4569): [28153,90000,com.android.chrome:sandboxed_process0:org.chromium.content.app.SandboxedProcessService0:0,51307520,37380096,603136,167067648,2,19,16]
